Enter password: *********
Welcome to the MySQL monitor.  Commands end with ; or \g.
Your MySQL connection id is 11
Server version: 8.0.30 MySQL Community Server - GPL

Copyright (c) 2000, 2022, Oracle and/or its affiliates.

Oracle is a registered trademark of Oracle Corporation and/or its
affiliates. Other names may be trademarks of their respective
owners.

Type 'help;' or '\h' for help. Type '\c' to clear the current input statement.

mysql> show tables
    ->
    -> \h

For information about MySQL products and services, visit:
   http://www.mysql.com/
For developer information, including the MySQL Reference Manual, visit:
   http://dev.mysql.com/
To buy MySQL Enterprise support, training, or other products, visit:
   https://shop.mysql.com/

List of all MySQL commands:
Note that all text commands must be first on line and end with ';'
?         (\?) Synonym for `help'.
clear     (\c) Clear the current input statement.
connect   (\r) Reconnect to the server. Optional arguments are db and host.
delimiter (\d) Set statement delimiter.
ego       (\G) Send command to mysql server, display result vertically.
exit      (\q) Exit mysql. Same as quit.
go        (\g) Send command to mysql server.
help      (\h) Display this help.
notee     (\t) Don't write into outfile.
print     (\p) Print current command.
prompt    (\R) Change your mysql prompt.
quit      (\q) Quit mysql.
rehash    (\#) Rebuild completion hash.
source    (\.) Execute an SQL script file. Takes a file name as an argument.
status    (\s) Get status information from the server.
system    (\!) Execute a system shell command.
tee       (\T) Set outfile [to_outfile]. Append everything into given outfile.
use       (\u) Use another database. Takes database name as argument.
charset   (\C) Switch to another charset. Might be needed for processing binlog with multi-byte charsets.
warnings  (\W) Show warnings after every statement.
nowarning (\w) Don't show warnings after every statement.
resetconnection(\x) Clean session context.
query_attributes Sets string parameters (name1 value1 name2 value2 ...) for the next query to pick up.
ssl_session_data_print Serializes the current SSL session data to stdout or file

For server side help, type 'help contents'

    -> \c
mysql> SHOW DATABASES
    -> \C
ERROR:
Usage: \C charset_name | charset charset_name
    -> \c
mysql> SHOW DATABASES :
    -> \c
mysql> SHOW DATABASES;
+--------------------+
| Database           |
+--------------------+
| information_schema |
| mysql              |
| performance_schema |
| sys                |
+--------------------+
4 rows in set (0.02 sec)

mysql> SHOW TABLES;
ERROR 1046 (3D000): No database selected
mysql> SHOW TABLES;
ERROR 1046 (3D000): No database selected
mysql> use mysql
Database changed
mysql> SHOW TABLES;
+------------------------------------------------------+
| Tables_in_mysql                                      |
+------------------------------------------------------+
| columns_priv                                         |
| component                                            |
| db                                                   |
| default_roles                                        |
| engine_cost                                          |
| func                                                 |
| general_log                                          |
| global_grants                                        |
| gtid_executed                                        |
| help_category                                        |
| help_keyword                                         |
| help_relation                                        |
| help_topic                                           |
| innodb_index_stats                                   |
| innodb_table_stats                                   |
| password_history                                     |
| plugin                                               |
| procs_priv                                           |
| proxies_priv                                         |
| replication_asynchronous_connection_failover         |
| replication_asynchronous_connection_failover_managed |
| replication_group_configuration_version              |
| replication_group_member_actions                     |
| role_edges                                           |
| server_cost                                          |
| servers                                              |
| slave_master_info                                    |
| slave_relay_log_info                                 |
| slave_worker_info                                    |
| slow_log                                             |
| tables_priv                                          |
| time_zone                                            |
| time_zone_leap_second                                |
| time_zone_name                                       |
| time_zone_transition                                 |
| time_zone_transition_type                            |
| user                                                 |
+------------------------------------------------------+
37 rows in set (0.02 sec)

mysql> create table student;
ERROR 4028 (HY000): A table must have at least one visible column.
mysql> create table employee
    -> (
    ->  int empno,
    ->  \c
mysql> create table student(stuid int, studname varchar(20), studmarks int);
Query OK, 0 rows affected (0.03 sec)

mysql> insert into student values(101, 'JOHN', 90);
Query OK, 1 row affected (0.00 sec)

mysql> select * from student;
+-------+----------+-----------+
| stuid | studname | studmarks |
+-------+----------+-----------+
|   101 | JOHN     |        90 |
+-------+----------+-----------+
1 row in set (0.00 sec)

mysql> create table employee
    -> (
    ->  empid int
    ->  empid int\c
mysql> insert into student values(102, 'JAMES', 75);
Query OK, 1 row affected (0.00 sec)

mysql> SELECT * FROM STUDENT;
+-------+----------+-----------+
| stuid | studname | studmarks |
+-------+----------+-----------+
|   101 | JOHN     |        90 |
|   102 | JAMES    |        75 |
+-------+----------+-----------+
2 rows in set (0.00 sec)

mysql> create table employee
    -> (
    ->  empid int,
    ->  empname varchar(20),
    -> esal int
    -> );
Query OK, 0 rows affected (0.01 sec)

mysql> insert into employee values(111, 'JAMES', 5000);
Query OK, 1 row affected (0.00 sec)

mysql> select * from employee
    -> \c
mysql> select * from employee;
+-------+---------+------+
| empid | empname | esal |
+-------+---------+------+
|   111 | JAMES   | 5000 |
+-------+---------+------+
1 row in set (0.00 sec)

mysql> show databases;
+--------------------+
| Database           |
+--------------------+
| information_schema |
| mysql              |
| performance_schema |
| sys                |
+--------------------+
4 rows in set (0.00 sec)

mysql> use mysql;
Database changed
mysql> show tables;
+------------------------------------------------------+
| Tables_in_mysql                                      |
+------------------------------------------------------+
| columns_priv                                         |
| component                                            |
| db                                                   |
| default_roles                                        |
| employee                                             |
| engine_cost                                          |
| func                                                 |
| general_log                                          |
| global_grants                                        |
| gtid_executed                                        |
| help_category                                        |
| help_keyword                                         |
| help_relation                                        |
| help_topic                                           |
| innodb_index_stats                                   |
| innodb_table_stats                                   |
| password_history                                     |
| plugin                                               |
| procs_priv                                           |
| proxies_priv                                         |
| replication_asynchronous_connection_failover         |
| replication_asynchronous_connection_failover_managed |
| replication_group_configuration_version              |
| replication_group_member_actions                     |
| role_edges                                           |
| server_cost                                          |
| servers                                              |
| slave_master_info                                    |
| slave_relay_log_info                                 |
| slave_worker_info                                    |
| slow_log                                             |
| student                                              |
| tables_priv                                          |
| time_zone                                            |
| time_zone_leap_second                                |
| time_zone_name                                       |
| time_zone_transition                                 |
| time_zone_transition_type                            |
| user                                                 |
+------------------------------------------------------+
39 rows in set (0.00 sec)

mysql> create table flight
    -> (
    ->  flno int,
    ->  flname varchar(20),
    ->  source varchar(20),
    ->  dest varchar(20)
    -> );
Query OK, 0 rows affected (0.01 sec)

mysql> insert into flight values(747, 'Lufthansa', 'Dehli', 'New York');
Query OK, 1 row affected (0.00 sec)

mysql> insert into flight values(777, 'Air Asia', 'Bangalore', 'China');
Query OK, 1 row affected (0.00 sec)

mysql> select * from flight;
+------+-----------+-----------+----------+
| flno | flname    | source    | dest     |
+------+-----------+-----------+----------+
|  747 | Lufthansa | Dehli     | New York |
|  777 | Air Asia  | Bangalore | China    |
+------+-----------+-----------+----------+
2 rows in set (0.00 sec)

mysql> insert into employee values(212, 'JIM', 7000);
Query OK, 1 row affected (0.00 sec)

mysql> select * from employee
    -> \v
ERROR:
Unknown command '\v'.
    -> \c
mysql> select * from employee;
+-------+---------+------+
| empid | empname | esal |
+-------+---------+------+
|   111 | JAMES   | 5000 |
|   212 | JIM     | 7000 |
+-------+---------+------+
2 rows in set (0.00 sec)

mysql> create table DEPT
    -> (
    ->  deptno int primary key,
    ->  deptname varchar(20) unique,
    ->  loc varchar(20)
    -> );
Query OK, 0 rows affected (0.02 sec)

mysql> use mysql
Database changed
mysql> show databases
    -> \c
mysql> show databases;
+--------------------+
| Database           |
+--------------------+
| information_schema |
| mysql              |
| performance_schema |
| sys                |
+--------------------+
4 rows in set (0.00 sec)

mysql> select * from dept;
Empty set (0.00 sec)

mysql> insert into dept values(10, 'Accounting', 'New York');
Query OK, 1 row affected (0.00 sec)

mysql> ^C
mysql> ^C
mysql> insert into dept values(20, 'Operations', 'Boston');
Query OK, 1 row affected (0.00 sec)

mysql> insert into dept values(30, 'Research', 'Dallas');
Query OK, 1 row affected (0.00 sec)

mysql> insert into dept values(40, 'Sales', 'Philadelphia');
Query OK, 1 row affected (0.00 sec)

mysql> select * from dept;
+--------+------------+--------------+
| deptno | deptname   | loc          |
+--------+------------+--------------+
|     10 | Accounting | New York     |
|     20 | Operations | Boston       |
|     30 | Research   | Dallas       |
|     40 | Sales      | Philadelphia |
+--------+------------+--------------+
4 rows in set (0.00 sec)

mysql> create table emp
    -> (
    ->  empno int primary key'
    '>  ename varchar(20)
    '> /c
    '> \c
    '> \c
    '> clear
    '> select * from dept;
    '> /c
    '> ^C
mysql> create table emp
    -> (
    ->  empno primary kay,
    -> \c
mysql>  create table DEPT
    ->     -> (
    ->     ->  deptno int primary key,
    ->     ->  deptname varchar(20) unique,
    ->     ->  loc varchar(20)
    ->     -> \c
mysql> create table emp
    -> (
    ->  empno primary key,
    ->  ename varchar(20),
    -> job varchar(20),
    ->  mgr int,
    ->  hiredate int,
    ->  sal int,
    -> comm int,
    ->  deptno int,
    ->  foreign key (deptno) references dept (deptno),
    ->  foreign key (mgr) references emp(empno)
    -> );
ERROR 1064 (42000): You have an error in your SQL syntax; check the manual that corresponds to your MySQL server version for the right syntax to use near 'primary key,
        ename varchar(20),
job varchar(20),
        mgr int,
        hiredate int,
        sal ' at line 3
mysql> create table emp
    ->     -> (
    ->     ->  empno int primary key,
    ->     ->  ename varchar(20),
    ->     -> job varchar(20),
    ->     ->  mgr int,
    ->     ->  hiredate int,
    ->     ->  sal int,
    ->     -> comm int,
    ->     ->  deptno int,
    ->     ->  foreign key (deptno) references dept (deptno),
    ->     ->  foreign key (mgr) references emp(empno)
    ->     -> );
ERROR 1064 (42000): You have an error in your SQL syntax; check the manual that corresponds to your MySQL server version for the right syntax to use near '-> (
    ->  empno int primary key,
    ->  ename varchar(20),
    -> job varcha' at line 2
mysql> create table emp
    ->     -> (
    ->     ->    empno int primary key,
    ->     ->    ename varchar(20),
    ->     ->    job varchar(20)
    ->     ->    mgr int,
    ->     ->    hiredate date,
    ->     ->    sal int,
    ->     ->    comm int,
    ->     ->    deptno int,
    ->     ->    foreign key (deptno) references dept(deptno),
    ->     ->    foreign key (mgr) references emp(empno)
    ->     -> );
ERROR 1064 (42000): You have an error in your SQL syntax; check the manual that corresponds to your MySQL server version for the right syntax to use near '-> (
    ->    empno int primary key,
    ->    ename varchar(20),
    ->    job' at line 2
mysql>
mysql> create table emp
    ->     -> (
    ->     ->    empno int primary key,
    ->     ->    ename varchar(20),
    ->     ->    job varchar(20)
    ->     ->    mgr int,
    ->     ->    hiredate date,
    ->     ->    sal int,
    ->     ->    comm int,
    ->     ->    deptno int,
    ->     ->    foreign key (deptno) references dept(deptno),
    ->     ->    foreign key (mgr) references emp(empno)
    ->     -> );
ERROR 1064 (42000): You have an error in your SQL syntax; check the manual that corresponds to your MySQL server version for the right syntax to use near '-> (
    ->    empno int primary key,
    ->    ename varchar(20),
    ->    job' at line 2
mysql>
mysql>
mysql>
mysql> create table emp
    ->     -> (
    ->     ->    empno int primary key,
    ->     ->    ename varchar(20),
    ->     ->    job varchar(20)
    ->     ->    mgr int,
    ->     ->    hiredate date,
    ->     ->    sal int,
    ->     ->    comm int,
    ->     ->    deptno int,
    ->     ->    foreign key (deptno) references dept(deptno),
    ->     ->    foreign key (mgr) references emp(empno)
    ->     -> );
ERROR 1064 (42000): You have an error in your SQL syntax; check the manual that corresponds to your MySQL server version for the right syntax to use near '-> (
    ->    empno int primary key,
    ->    ename varchar(20),
    ->    job' at line 2
mysql>
mysql> create table emp
    ->     -> (
    ->     ->    empno int primary key,
    ->     ->    ename varchar(20),
    ->     ->    job varchar(20)
    ->     ->    mgr int,
    ->     ->    hiredate date,
    ->     ->    sal int,
    ->     ->    comm int,
    ->     ->    deptno int,
    ->     ->    foreign key (deptno) references dept(deptno),
    ->     ->    foreign key (mgr) references emp(empno)
    ->     -> );
ERROR 1064 (42000): You have an error in your SQL syntax; check the manual that corresponds to your MySQL server version for the right syntax to use near '-> (
    ->    empno int primary key,
    ->    ename varchar(20),
    ->    job' at line 2
mysql> create table emp
    ->     -> (
    ->     ->    empno int primary key,
    ->     ->    ename varchar(20),
    ->     ->    job varchar(20)
    ->     ->    mgr int,
    ->     ->    hiredate date,
    ->     ->    sal int,
    ->     ->    comm int,
    ->     ->    deptno int,
    ->     ->    foreign key (deptno) references dept(deptno),
    ->     ->    foreign key (mgr) references emp(empno)
    ->     -> );
ERROR 1064 (42000): You have an error in your SQL syntax; check the manual that corresponds to your MySQL server version for the right syntax to use near '-> (
    ->    empno int primary key,
    ->    ename varchar(20),
    ->    job' at line 2
mysql>
mysql>
mysql> create table emp
    ->      (
    ->         empno int primary key,
    ->         ename varchar(20),
    ->         job varchar(20)
    ->         mgr int,
    ->         hiredate date,
    ->         sal int,
    ->         comm int,
    ->         deptno int,
    ->         foreign key (deptno) references dept(deptno),
    ->         foreign key (mgr) references emp(empno)
    ->      );
ERROR 1064 (42000): You have an error in your SQL syntax; check the manual that corresponds to your MySQL server version for the right syntax to use near 'mgr int,
        hiredate date,
        sal int,
        comm int,
        deptn' at line 6
mysql> create table emp
    ->      (
    ->         empno int primary key,
    ->         ename varchar(20),
    ->         job varchar(20)
    ->         mgr int,
    ->         hiredate date,
    ->         sal int,
    ->         comm int,
    ->         deptno int,
    ->         foreign key (deptno) references dept(deptno),
    ->         foreign key (mgr) references emp(empno)
    ->      );
ERROR 1064 (42000): You have an error in your SQL syntax; check the manual that corresponds to your MySQL server version for the right syntax to use near 'mgr int,
        hiredate date,
        sal int,
        comm int,
        deptn' at line 6
mysql>
mysql> create table emp
    -> (\c
mysql>
mysql> create table emp
    ->      (
    ->         empno int primary key,
    ->         ename varchar(20),
    ->         job varchar(20),
    ->         mgr int,
    ->         hiredate date,
    ->         sal int,
    ->         comm int,
    ->         deptno int,
    ->         foreign key (deptno) references dept(deptno),
    ->         foreign key (mgr) references emp(empno)
    ->      );
Query OK, 0 rows affected (0.02 sec)

mysql> insert into emp values(778, 'Jack', 'Manager', 7839, 2022-06-15, 9000, null, 10);
ERROR 1292 (22007): Incorrect date value: '2001' for column 'hiredate' at row 1
mysql> insert into emp values(778, 'Jack', 'Manager', 7839,'2022-06-15', 9000, null, 10);
ERROR 1452 (23000): Cannot add or update a child row: a foreign key constraint fails (`mysql`.`emp`, CONSTRAINT `emp_ibfk_2` FOREIGN KEY (`mgr`) REFERENCES `emp` (`empno`))
mysql> insert into emp values(778, 'Jack', 'Manager', 7839,'2022-06-15', 9000, null, 10);
ERROR 1452 (23000): Cannot add or update a child row: a foreign key constraint fails (`mysql`.`emp`, CONSTRAINT `emp_ibfk_2` FOREIGN KEY (`mgr`) REFERENCES `emp` (`empno`))
mysql>
mysql> select * from emp;
Empty set (0.00 sec)

mysql> clear
mysql> cls
    -> ^C
mysql>
mysql> select * from dept;
+--------+------------+--------------+
| deptno | deptname   | loc          |
+--------+------------+--------------+
|     10 | Accounting | New York     |
|     20 | Operations | Boston       |
|     30 | Research   | Dallas       |
|     40 | Sales      | Philadelphia |
+--------+------------+--------------+
4 rows in set (0.00 sec)

mysql> select * from emp;
Empty set (0.00 sec)

mysql> insert into emp values(778, 'Jack', 'Manager', null,'2022-06-15', 9000, null, 10);
Query OK, 1 row affected (0.00 sec)

mysql> insert into emp values(717, 'James', 'Associate manager', 7839,'2022-04-13', 4000, null, 10);
ERROR 1452 (23000): Cannot add or update a child row: a foreign key constraint fails (`mysql`.`emp`, CONSTRAINT `emp_ibfk_2` FOREIGN KEY (`mgr`) REFERENCES `emp` (`empno`))
mysql> insert into emp values(717, 'James', 'Associate manager', null,'2022-04-13', 4000, null, 10);
Query OK, 1 row affected (0.00 sec)

mysql> select * from emp;
+-------+-------+-------------------+------+------------+------+------+--------+
| empno | ename | job               | mgr  | hiredate   | sal  | comm | deptno |
+-------+-------+-------------------+------+------------+------+------+--------+
|   717 | James | Associate manager | NULL | 2022-04-13 | 4000 | NULL |     10 |
|   778 | Jack  | Manager           | NULL | 2022-06-15 | 9000 | NULL |     10 |
+-------+-------+-------------------+------+------------+------+------+--------+
2 rows in set (0.00 sec)

mysql> delete from dept where empno = 718;
ERROR 1054 (42S22): Unknown column 'empno' in 'where clause'
mysql> delete * from dept where empno = 718;
ERROR 1064 (42000): You have an error in your SQL syntax; check the manual that corresponds to your MySQL server version for the right syntax to use near '* from dept where empno = 718' at line 1
mysql> delete from dept where empno = 718;
ERROR 1054 (42S22): Unknown column 'empno' in 'where clause'
mysql> delete from dept where empno = 718;
ERROR 1054 (42S22): Unknown column 'empno' in 'where clause'
mysql> insert into emp values(554, 'Janet', 'Associate salesperson', 778,'2022-04-13', 4000, null, 10);
ERROR 1406 (22001): Data too long for column 'job' at row 1
mysql> insert into emp values(554, 'Janet', 'salesperson', 778,'2022-04-13', 4000, null, 10);
Query OK, 1 row affected (0.00 sec)

mysql> select * from emp;
+-------+-------+-------------------+------+------------+------+------+--------+
| empno | ename | job               | mgr  | hiredate   | sal  | comm | deptno |
+-------+-------+-------------------+------+------------+------+------+--------+
|   554 | Janet | salesperson       |  778 | 2022-04-13 | 4000 | NULL |     10 |
|   717 | James | Associate manager | NULL | 2022-04-13 | 4000 | NULL |     10 |
|   778 | Jack  | Manager           | NULL | 2022-06-15 | 9000 | NULL |     10 |
+-------+-------+-------------------+------+------------+------+------+--------+
3 rows in set (0.00 sec)

mysql> delete from emp where empno = 717;
Query OK, 1 row affected (0.00 sec)

mysql> insert into emp values(600, 'Jim', 'accountant',778,'2018-04-18', 2000, null, 10);
Query OK, 1 row affected (0.00 sec)

mysql> select * from emp;
+-------+-------+-------------+------+------------+------+------+--------+
| empno | ename | job         | mgr  | hiredate   | sal  | comm | deptno |
+-------+-------+-------------+------+------------+------+------+--------+
|   554 | Janet | salesperson |  778 | 2022-04-13 | 4000 | NULL |     10 |
|   600 | Jim   | accountant  |  778 | 2018-04-18 | 2000 | NULL |     10 |
|   778 | Jack  | Manager     | NULL | 2022-06-15 | 9000 | NULL |     10 |
+-------+-------+-------------+------+------------+------+------+--------+
3 rows in set (0.00 sec)

mysql> insert into emp values(125, 'Jenny', 'Junior Acc',600,'2011-07-18', 6000, null, 10);
Query OK, 1 row affected (0.00 sec)

mysql> select * from emp;
+-------+-------+-------------+------+------------+------+------+--------+
| empno | ename | job         | mgr  | hiredate   | sal  | comm | deptno |
+-------+-------+-------------+------+------------+------+------+--------+
|   125 | Jenny | Junior Acc  |  600 | 2011-07-18 | 6000 | NULL |     10 |
|   554 | Janet | salesperson |  778 | 2022-04-13 | 4000 | NULL |     10 |
|   600 | Jim   | accountant  |  778 | 2018-04-18 | 2000 | NULL |     10 |
|   778 | Jack  | Manager     | NULL | 2022-06-15 | 9000 | NULL |     10 |
+-------+-------+-------------+------+------------+------+------+--------+
4 rows in set (0.00 sec)

mysql> insert into emp values(471, 'Jack', 'barber',700,'2018-04-18', 2000, null, 10);
ERROR 1452 (23000): Cannot add or update a child row: a foreign key constraint fails (`mysql`.`emp`, CONSTRAINT `emp_ibfk_2` FOREIGN KEY (`mgr`) REFERENCES `emp` (`empno`))
mysql> drop table flight;
Query OK, 0 rows affected (0.04 sec)

mysql> select * from flight;
ERROR 1146 (42S02): Table 'mysql.flight' doesn't exist
mysql> drop table emp;
Query OK, 0 rows affected (0.03 sec)

mysql> create table emp
    ->     ->      (
    ->     ->         empno int primary key,
    ->     ->         ename varchar(20),
    ->     ->         job varchar(20),
    ->     ->         mgr int,
    ->     ->         hiredate date,
    ->     ->         sal int,
    ->     ->         comm int,
    ->     ->         deptno int,
    ->     ->         foreign key (deptno) references dept(deptno),
    ->     ->         foreign key (mgr) references emp(empno)
    ->     ->      );
ERROR 1064 (42000): You have an error in your SQL syntax; check the manual that corresponds to your MySQL server version for the right syntax to use near '->      (
    ->         empno int primary key,
    ->         ename varchar(20)' at line 2
mysql> create table emp
    -> (
    ->  empno int primary key,
    ->  ename varchar(20),
    ->  job varchar(20),
    ->  mgr int,
    ->  hiredate date,
    ->  sal int,
    ->  comm int,
    ->  deptno int,
    ->  foreign key (deptno) references dept (deptno),
    ->  foreign key (mgr) references emp(empno)
    -> );
Query OK, 0 rows affected (0.02 sec)

mysql> INSERT INTO EMP VALUES (7839,'KING','PRESIDENT',NULL,'1981-12-17',5000,NULL,10)
    -> ^C
mysql> INSERT INTO EMP VALUES (7839,'KING','PRESIDENT',NULL,'1981-12-17',5000,NULL,10);
Query OK, 1 row affected (0.00 sec)

mysql> INSERT INTO EMP VALUES (7698,'BLAKE','MANAGER',7839,'1981-5-1',2850,NULL,30);
Query OK, 1 row affected (0.00 sec)

mysql> INSERT INTO EMP VALUES (7782,'CLARK','MANAGER',7839,'1981-6-9',2450,NULL,10);
Query OK, 1 row affected (0.00 sec)

mysql> INSERT INTO EMP VALUES (7566,'JONES','MANAGER',7839,'1981-3-2',2975,NULL,20);
Query OK, 1 row affected (0.00 sec)

mysql> INSERT INTO EMP VALUES (7654,'MARTIN','SALESMAN',7698,'1981-9-28',1250,1400,30)
    -> INSERT INTO EMP VALUES (7499,'ALLEN','SALESMAN',7698,'1981-2-20',1600,300,30);
ERROR 1064 (42000): You have an error in your SQL syntax; check the manual that corresponds to your MySQL server version for the right syntax to use near 'INSERT INTO EMP VALUES (7499,'ALLEN','SALESMAN',7698,'1981-2-20',1600,300,30)' at line 2
mysql> INSERT INTO EMP VALUES (7844,'TURNER','SALESMAN',7698,'1981-9-8',1500,0,30);
Query OK, 1 row affected (0.00 sec)

mysql> INSERT INTO EMP VALUES (7900,'JAMES','CLERK',7698,'1981-12-3',950,NULL,30);
Query OK, 1 row affected (0.00 sec)

mysql> INSERT INTO EMP VALUES (7521,'WARD','SALESMAN',7698,'1981-02-22',1250,500,30);
Query OK, 1 row affected (0.00 sec)

mysql> INSERT INTO EMP VALUES (7902,'FORD','ANALYST',7566,'1981-12-3',3000,NULL,20);
Query OK, 1 row affected (0.00 sec)

mysql> INSERT INTO EMP VALUES (7369,'SMITH','CLERK',7902,'1980-12-17',800,NULL,20);
Query OK, 1 row affected (0.00 sec)

mysql> INSERT INTO EMP VALUES (7788,'SCOTT','ANALYST',7566,'1982-12-09',3000,NULL,20);
Query OK, 1 row affected (0.00 sec)

mysql> INSERT INTO EMP VALUES (7876,'ADAMS','CLERK',7788,'1983-01-12',1100,NULL,20);
Query OK, 1 row affected (0.00 sec)

mysql> INSERT INTO EMP VALUES (7934,'MILLER','CLERK',7782,'1982-01-23',1300,NULL,10);
Query OK, 1 row affected (0.00 sec)

mysql> select * from emp;
+-------+--------+-----------+------+------------+------+------+--------+
| empno | ename  | job       | mgr  | hiredate   | sal  | comm | deptno |
+-------+--------+-----------+------+------------+------+------+--------+
|  7369 | SMITH  | CLERK     | 7902 | 1980-12-17 |  800 | NULL |     20 |
|  7521 | WARD   | SALESMAN  | 7698 | 1981-02-22 | 1250 |  500 |     30 |
|  7566 | JONES  | MANAGER   | 7839 | 1981-03-02 | 2975 | NULL |     20 |
|  7698 | BLAKE  | MANAGER   | 7839 | 1981-05-01 | 2850 | NULL |     30 |
|  7782 | CLARK  | MANAGER   | 7839 | 1981-06-09 | 2450 | NULL |     10 |
|  7788 | SCOTT  | ANALYST   | 7566 | 1982-12-09 | 3000 | NULL |     20 |
|  7839 | KING   | PRESIDENT | NULL | 1981-12-17 | 5000 | NULL |     10 |
|  7844 | TURNER | SALESMAN  | 7698 | 1981-09-08 | 1500 |    0 |     30 |
|  7876 | ADAMS  | CLERK     | 7788 | 1983-01-12 | 1100 | NULL |     20 |
|  7900 | JAMES  | CLERK     | 7698 | 1981-12-03 |  950 | NULL |     30 |
|  7902 | FORD   | ANALYST   | 7566 | 1981-12-03 | 3000 | NULL |     20 |
|  7934 | MILLER | CLERK     | 7782 | 1982-01-23 | 1300 | NULL |     10 |
+-------+--------+-----------+------+------------+------+------+--------+
12 rows in set (0.00 sec)

mysql> select * from dept;
+--------+------------+--------------+
| deptno | deptname   | loc          |
+--------+------------+--------------+
|     10 | Accounting | New York     |
|     20 | Operations | Boston       |
|     30 | Research   | Dallas       |
|     40 | Sales      | Philadelphia |
+--------+------------+--------------+
4 rows in set (0.00 sec)

mysql> update dept
    -> set deptname = 'Sales'
    -> where deptno = 30;
ERROR 1062 (23000): Duplicate entry 'Sales' for key 'dept.deptname'
mysql> update dept
    -> set deptname = 'IT'
    -> where deptno = 40;
Query OK, 1 row affected (0.00 sec)
Rows matched: 1  Changed: 1  Warnings: 0

mysql> select * from dept;
+--------+------------+--------------+
| deptno | deptname   | loc          |
+--------+------------+--------------+
|     10 | Accounting | New York     |
|     20 | Operations | Boston       |
|     30 | Research   | Dallas       |
|     40 | IT         | Philadelphia |
+--------+------------+--------------+
4 rows in set (0.00 sec)

mysql> update dept
    -> set deptname = 'Sales'
    -> where deptno = 30;
Query OK, 1 row affected (0.00 sec)
Rows matched: 1  Changed: 1  Warnings: 0

mysql> select * from dept;
+--------+------------+--------------+
| deptno | deptname   | loc          |
+--------+------------+--------------+
|     10 | Accounting | New York     |
|     20 | Operations | Boston       |
|     30 | Sales      | Dallas       |
|     40 | IT         | Philadelphia |
+--------+------------+--------------+
4 rows in set (0.00 sec)

mysql> select * from emp;
+-------+--------+-----------+------+------------+------+------+--------+
| empno | ename  | job       | mgr  | hiredate   | sal  | comm | deptno |
+-------+--------+-----------+------+------------+------+------+--------+
|  7369 | SMITH  | CLERK     | 7902 | 1980-12-17 |  800 | NULL |     20 |
|  7521 | WARD   | SALESMAN  | 7698 | 1981-02-22 | 1250 |  500 |     30 |
|  7566 | JONES  | MANAGER   | 7839 | 1981-03-02 | 2975 | NULL |     20 |
|  7698 | BLAKE  | MANAGER   | 7839 | 1981-05-01 | 2850 | NULL |     30 |
|  7782 | CLARK  | MANAGER   | 7839 | 1981-06-09 | 2450 | NULL |     10 |
|  7788 | SCOTT  | ANALYST   | 7566 | 1982-12-09 | 3000 | NULL |     20 |
|  7839 | KING   | PRESIDENT | NULL | 1981-12-17 | 5000 | NULL |     10 |
|  7844 | TURNER | SALESMAN  | 7698 | 1981-09-08 | 1500 |    0 |     30 |
|  7876 | ADAMS  | CLERK     | 7788 | 1983-01-12 | 1100 | NULL |     20 |
|  7900 | JAMES  | CLERK     | 7698 | 1981-12-03 |  950 | NULL |     30 |
|  7902 | FORD   | ANALYST   | 7566 | 1981-12-03 | 3000 | NULL |     20 |
|  7934 | MILLER | CLERK     | 7782 | 1982-01-23 | 1300 | NULL |     10 |
+-------+--------+-----------+------+------------+------+------+--------+
12 rows in set (0.00 sec)

mysql> delete from dept where deptno = 40;
Query OK, 1 row affected (0.00 sec)

mysql> select * from dept;
+--------+------------+----------+
| deptno | deptname   | loc      |
+--------+------------+----------+
|     10 | Accounting | New York |
|     20 | Operations | Boston   |
|     30 | Sales      | Dallas   |
+--------+------------+----------+
3 rows in set (0.00 sec)

mysql> select * from emp;
+-------+--------+-----------+------+------------+------+------+--------+
| empno | ename  | job       | mgr  | hiredate   | sal  | comm | deptno |
+-------+--------+-----------+------+------------+------+------+--------+
|  7369 | SMITH  | CLERK     | 7902 | 1980-12-17 |  800 | NULL |     20 |
|  7521 | WARD   | SALESMAN  | 7698 | 1981-02-22 | 1250 |  500 |     30 |
|  7566 | JONES  | MANAGER   | 7839 | 1981-03-02 | 2975 | NULL |     20 |
|  7698 | BLAKE  | MANAGER   | 7839 | 1981-05-01 | 2850 | NULL |     30 |
|  7782 | CLARK  | MANAGER   | 7839 | 1981-06-09 | 2450 | NULL |     10 |
|  7788 | SCOTT  | ANALYST   | 7566 | 1982-12-09 | 3000 | NULL |     20 |
|  7839 | KING   | PRESIDENT | NULL | 1981-12-17 | 5000 | NULL |     10 |
|  7844 | TURNER | SALESMAN  | 7698 | 1981-09-08 | 1500 |    0 |     30 |
|  7876 | ADAMS  | CLERK     | 7788 | 1983-01-12 | 1100 | NULL |     20 |
|  7900 | JAMES  | CLERK     | 7698 | 1981-12-03 |  950 | NULL |     30 |
|  7902 | FORD   | ANALYST   | 7566 | 1981-12-03 | 3000 | NULL |     20 |
|  7934 | MILLER | CLERK     | 7782 | 1982-01-23 | 1300 | NULL |     10 |
+-------+--------+-----------+------+------------+------+------+--------+
12 rows in set (0.00 sec)

mysql> INSERT INTO EMP VALUES (7654,'MARTIN','SALESMAN',7698,'1981-9-28',1250,1400,30);
Query OK, 1 row affected (0.00 sec)

mysql> INSERT INTO EMP VALUES (7499,'ALLEN','SALESMAN',7698,'1981-2-20',1600,300,30);
Query OK, 1 row affected (0.00 sec)

mysql> select * from emp;
+-------+--------+-----------+------+------------+------+------+--------+
| empno | ename  | job       | mgr  | hiredate   | sal  | comm | deptno |
+-------+--------+-----------+------+------------+------+------+--------+
|  7369 | SMITH  | CLERK     | 7902 | 1980-12-17 |  800 | NULL |     20 |
|  7499 | ALLEN  | SALESMAN  | 7698 | 1981-02-20 | 1600 |  300 |     30 |
|  7521 | WARD   | SALESMAN  | 7698 | 1981-02-22 | 1250 |  500 |     30 |
|  7566 | JONES  | MANAGER   | 7839 | 1981-03-02 | 2975 | NULL |     20 |
|  7654 | MARTIN | SALESMAN  | 7698 | 1981-09-28 | 1250 | 1400 |     30 |
|  7698 | BLAKE  | MANAGER   | 7839 | 1981-05-01 | 2850 | NULL |     30 |
|  7782 | CLARK  | MANAGER   | 7839 | 1981-06-09 | 2450 | NULL |     10 |
|  7788 | SCOTT  | ANALYST   | 7566 | 1982-12-09 | 3000 | NULL |     20 |
|  7839 | KING   | PRESIDENT | NULL | 1981-12-17 | 5000 | NULL |     10 |
|  7844 | TURNER | SALESMAN  | 7698 | 1981-09-08 | 1500 |    0 |     30 |
|  7876 | ADAMS  | CLERK     | 7788 | 1983-01-12 | 1100 | NULL |     20 |
|  7900 | JAMES  | CLERK     | 7698 | 1981-12-03 |  950 | NULL |     30 |
|  7902 | FORD   | ANALYST   | 7566 | 1981-12-03 | 3000 | NULL |     20 |
|  7934 | MILLER | CLERK     | 7782 | 1982-01-23 | 1300 | NULL |     10 |
+-------+--------+-----------+------+------------+------+------+--------+
14 rows in set (0.00 sec)

mysql> update dept
    -> set deptname = 'Research'
    -> where deptno = 20;
Query OK, 1 row affected (0.00 sec)
Rows matched: 1  Changed: 1  Warnings: 0

mysql> select * from dept;
+--------+------------+----------+
| deptno | deptname   | loc      |
+--------+------------+----------+
|     10 | Accounting | New York |
|     20 | Research   | Boston   |
|     30 | Sales      | Dallas   |
+--------+------------+----------+
3 rows in set (0.00 sec)

mysql> update dept set deptname = 'Operations' where deptno = 20;
Query OK, 1 row affected (0.00 sec)
Rows matched: 1  Changed: 1  Warnings: 0

mysql> select * from dept;
+--------+------------+----------+
| deptno | deptname   | loc      |
+--------+------------+----------+
|     10 | Accounting | New York |
|     20 | Operations | Boston   |
|     30 | Sales      | Dallas   |
+--------+------------+----------+
3 rows in set (0.00 sec)

mysql> update dept
    -> set deptname = 'Research'
    -> where deptno = 20;
Query OK, 1 row affected (0.00 sec)
Rows matched: 1  Changed: 1  Warnings: 0

mysql> select * from dept;
+--------+------------+----------+
| deptno | deptname   | loc      |
+--------+------------+----------+
|     10 | Accounting | New York |
|     20 | Research   | Boston   |
|     30 | Sales      | Dallas   |
+--------+------------+----------+
3 rows in set (0.00 sec)

mysql> delete from emp where empno = 7369;
Query OK, 1 row affected (0.02 sec)

mysql> select * from emp;
+-------+--------+-----------+------+------------+------+------+--------+
| empno | ename  | job       | mgr  | hiredate   | sal  | comm | deptno |
+-------+--------+-----------+------+------------+------+------+--------+
|  7499 | ALLEN  | SALESMAN  | 7698 | 1981-02-20 | 1600 |  300 |     30 |
|  7521 | WARD   | SALESMAN  | 7698 | 1981-02-22 | 1250 |  500 |     30 |
|  7566 | JONES  | MANAGER   | 7839 | 1981-03-02 | 2975 | NULL |     20 |
|  7654 | MARTIN | SALESMAN  | 7698 | 1981-09-28 | 1250 | 1400 |     30 |
|  7698 | BLAKE  | MANAGER   | 7839 | 1981-05-01 | 2850 | NULL |     30 |
|  7782 | CLARK  | MANAGER   | 7839 | 1981-06-09 | 2450 | NULL |     10 |
|  7788 | SCOTT  | ANALYST   | 7566 | 1982-12-09 | 3000 | NULL |     20 |
|  7839 | KING   | PRESIDENT | NULL | 1981-12-17 | 5000 | NULL |     10 |
|  7844 | TURNER | SALESMAN  | 7698 | 1981-09-08 | 1500 |    0 |     30 |
|  7876 | ADAMS  | CLERK     | 7788 | 1983-01-12 | 1100 | NULL |     20 |
|  7900 | JAMES  | CLERK     | 7698 | 1981-12-03 |  950 | NULL |     30 |
|  7902 | FORD   | ANALYST   | 7566 | 1981-12-03 | 3000 | NULL |     20 |
|  7934 | MILLER | CLERK     | 7782 | 1982-01-23 | 1300 | NULL |     10 |
+-------+--------+-----------+------+------------+------+------+--------+
13 rows in set (0.00 sec)

mysql> INSERT INTO EMP VALUES (7369,'SMITH','CLERK',7902,'1980-12-17',800,NULL,20);
Query OK, 1 row affected (0.00 sec)

mysql> select * from emp;
+-------+--------+-----------+------+------------+------+------+--------+
| empno | ename  | job       | mgr  | hiredate   | sal  | comm | deptno |
+-------+--------+-----------+------+------------+------+------+--------+
|  7369 | SMITH  | CLERK     | 7902 | 1980-12-17 |  800 | NULL |     20 |
|  7499 | ALLEN  | SALESMAN  | 7698 | 1981-02-20 | 1600 |  300 |     30 |
|  7521 | WARD   | SALESMAN  | 7698 | 1981-02-22 | 1250 |  500 |     30 |
|  7566 | JONES  | MANAGER   | 7839 | 1981-03-02 | 2975 | NULL |     20 |
|  7654 | MARTIN | SALESMAN  | 7698 | 1981-09-28 | 1250 | 1400 |     30 |
|  7698 | BLAKE  | MANAGER   | 7839 | 1981-05-01 | 2850 | NULL |     30 |
|  7782 | CLARK  | MANAGER   | 7839 | 1981-06-09 | 2450 | NULL |     10 |
|  7788 | SCOTT  | ANALYST   | 7566 | 1982-12-09 | 3000 | NULL |     20 |
|  7839 | KING   | PRESIDENT | NULL | 1981-12-17 | 5000 | NULL |     10 |
|  7844 | TURNER | SALESMAN  | 7698 | 1981-09-08 | 1500 |    0 |     30 |
|  7876 | ADAMS  | CLERK     | 7788 | 1983-01-12 | 1100 | NULL |     20 |
|  7900 | JAMES  | CLERK     | 7698 | 1981-12-03 |  950 | NULL |     30 |
|  7902 | FORD   | ANALYST   | 7566 | 1981-12-03 | 3000 | NULL |     20 |
|  7934 | MILLER | CLERK     | 7782 | 1982-01-23 | 1300 | NULL |     10 |
+-------+--------+-----------+------+------------+------+------+--------+
14 rows in set (0.00 sec)

mysql> create table customer
    -> (
    ->  custid number(6)not null,
    ->  name varchar(45),
    ->  address varchar(40),
    ->  city varchar2(30),
    -> ^C
mysql> CREATE TABLE CUSTOMER (
    ->  CUSTID              INT (6) NOT NULL,
    ->  NAME                VARCHAR(45),
    ->  ADDRESS             VARCHAR(40),
    ->  CITY                VARCHAR(30),
    ->  STATE               VARCHAR(2),
    ->  ZIP                 VARCHAR(9),
    ->  AREA                INT (3),
    ->  PHONE               VARCHAR(9),
    ->  REPID               INT (4) NOT NULL,
    ->  CREDITLIMIT         INT (9,2),
    ->  COMMENTS            LONG,
    ->  CONSTRAINT CUSTOMER_PRIMARY_KEY PRIMARY KEY (CUSTID),
    ->  CONSTRAINT CUSTID_ZERO CHECK (CUSTID > 0));
ERROR 1064 (42000): You have an error in your SQL syntax; check the manual that corresponds to your MySQL server version for the right syntax to use near ',2),
 COMMENTS            LONG,
 CONSTRAINT CUSTOMER_PRIMARY_KEY PRIMARY KEY (CU' at line 11
mysql> CREATE TABLE CUSTOMER (
    ->  CUSTID              INT (6) NOT NULL,
    ->  NAME                VARCHAR(45),
    ->  ADDRESS             VARCHAR(40),
    ->  CITY                VARCHAR(30),
    ->  STATE               VARCHAR(2),
    ->  ZIP                 VARCHAR(9),
    ->  AREA                INT (3),
    ->  PHONE               VARCHAR(9),
    ->  REPID               INT (4) NOT NULL,
    ->  CREDITLIMIT         INT (9,2),
    ->  COMMENTS            VARCHAR(50),
    ->  CONSTRAINT CUSTOMER_PRIMARY_KEY PRIMARY KEY (CUSTID),
    ->  CONSTRAINT CUSTID_ZERO CHECK (CUSTID > 0));
ERROR 1064 (42000): You have an error in your SQL syntax; check the manual that corresponds to your MySQL server version for the right syntax to use near ',2),
 COMMENTS            VARCHAR(50),
 CONSTRAINT CUSTOMER_PRIMARY_KEY PRIMARY ' at line 11
mysql> select * from dept;
+--------+------------+----------+
| deptno | deptname   | loc      |
+--------+------------+----------+
|     10 | Accounting | New York |
|     20 | Research   | Boston   |
|     30 | Sales      | Dallas   |
+--------+------------+----------+
3 rows in set (0.00 sec)

mysql> select * from EMP;
+-------+--------+-----------+------+------------+------+------+--------+
| empno | ename  | job       | mgr  | hiredate   | sal  | comm | deptno |
+-------+--------+-----------+------+------------+------+------+--------+
|  7369 | SMITH  | CLERK     | 7902 | 1980-12-17 |  800 | NULL |     20 |
|  7499 | ALLEN  | SALESMAN  | 7698 | 1981-02-20 | 1600 |  300 |     30 |
|  7521 | WARD   | SALESMAN  | 7698 | 1981-02-22 | 1250 |  500 |     30 |
|  7566 | JONES  | MANAGER   | 7839 | 1981-03-02 | 2975 | NULL |     20 |
|  7654 | MARTIN | SALESMAN  | 7698 | 1981-09-28 | 1250 | 1400 |     30 |
|  7698 | BLAKE  | MANAGER   | 7839 | 1981-05-01 | 2850 | NULL |     30 |
|  7782 | CLARK  | MANAGER   | 7839 | 1981-06-09 | 2450 | NULL |     10 |
|  7788 | SCOTT  | ANALYST   | 7566 | 1982-12-09 | 3000 | NULL |     20 |
|  7839 | KING   | PRESIDENT | NULL | 1981-12-17 | 5000 | NULL |     10 |
|  7844 | TURNER | SALESMAN  | 7698 | 1981-09-08 | 1500 |    0 |     30 |
|  7876 | ADAMS  | CLERK     | 7788 | 1983-01-12 | 1100 | NULL |     20 |
|  7900 | JAMES  | CLERK     | 7698 | 1981-12-03 |  950 | NULL |     30 |
|  7902 | FORD   | ANALYST   | 7566 | 1981-12-03 | 3000 | NULL |     20 |
|  7934 | MILLER | CLERK     | 7782 | 1982-01-23 | 1300 | NULL |     10 |
+-------+--------+-----------+------+------------+------+------+--------+
14 rows in set (0.00 sec)

mysql> select * from emp where empno = 7839;
+-------+-------+-----------+------+------------+------+------+--------+
| empno | ename | job       | mgr  | hiredate   | sal  | comm | deptno |
+-------+-------+-----------+------+------------+------+------+--------+
|  7839 | KING  | PRESIDENT | NULL | 1981-12-17 | 5000 | NULL |     10 |
+-------+-------+-----------+------+------------+------+------+--------+
1 row in set (0.00 sec)

mysql> select * from emp where deptno = 10;
+-------+--------+-----------+------+------------+------+------+--------+
| empno | ename  | job       | mgr  | hiredate   | sal  | comm | deptno |
+-------+--------+-----------+------+------------+------+------+--------+
|  7782 | CLARK  | MANAGER   | 7839 | 1981-06-09 | 2450 | NULL |     10 |
|  7839 | KING   | PRESIDENT | NULL | 1981-12-17 | 5000 | NULL |     10 |
|  7934 | MILLER | CLERK     | 7782 | 1982-01-23 | 1300 | NULL |     10 |
+-------+--------+-----------+------+------------+------+------+--------+
3 rows in set (0.00 sec)

mysql> select * from emp where deptno = 20;
+-------+-------+---------+------+------------+------+------+--------+
| empno | ename | job     | mgr  | hiredate   | sal  | comm | deptno |
+-------+-------+---------+------+------------+------+------+--------+
|  7369 | SMITH | CLERK   | 7902 | 1980-12-17 |  800 | NULL |     20 |
|  7566 | JONES | MANAGER | 7839 | 1981-03-02 | 2975 | NULL |     20 |
|  7788 | SCOTT | ANALYST | 7566 | 1982-12-09 | 3000 | NULL |     20 |
|  7876 | ADAMS | CLERK   | 7788 | 1983-01-12 | 1100 | NULL |     20 |
|  7902 | FORD  | ANALYST | 7566 | 1981-12-03 | 3000 | NULL |     20 |
+-------+-------+---------+------+------------+------+------+--------+
5 rows in set (0.00 sec)

mysql> select * from emp where deptno = 30;
+-------+--------+----------+------+------------+------+------+--------+
| empno | ename  | job      | mgr  | hiredate   | sal  | comm | deptno |
+-------+--------+----------+------+------------+------+------+--------+
|  7499 | ALLEN  | SALESMAN | 7698 | 1981-02-20 | 1600 |  300 |     30 |
|  7521 | WARD   | SALESMAN | 7698 | 1981-02-22 | 1250 |  500 |     30 |
|  7654 | MARTIN | SALESMAN | 7698 | 1981-09-28 | 1250 | 1400 |     30 |
|  7698 | BLAKE  | MANAGER  | 7839 | 1981-05-01 | 2850 | NULL |     30 |
|  7844 | TURNER | SALESMAN | 7698 | 1981-09-08 | 1500 |    0 |     30 |
|  7900 | JAMES  | CLERK    | 7698 | 1981-12-03 |  950 | NULL |     30 |
+-------+--------+----------+------+------------+------+------+--------+
6 rows in set (0.00 sec)

mysql> select * from emp where deptno = 10 and deptno = 20;
Empty set (0.00 sec)

mysql> select * from emp where deptno = 10 and mgr = 7839;
+-------+-------+---------+------+------------+------+------+--------+
| empno | ename | job     | mgr  | hiredate   | sal  | comm | deptno |
+-------+-------+---------+------+------------+------+------+--------+
|  7782 | CLARK | MANAGER | 7839 | 1981-06-09 | 2450 | NULL |     10 |
+-------+-------+---------+------+------------+------+------+--------+
1 row in set (0.00 sec)

mysql> select * from emp where deptno = 10 or deptno = 20;
+-------+--------+-----------+------+------------+------+------+--------+
| empno | ename  | job       | mgr  | hiredate   | sal  | comm | deptno |
+-------+--------+-----------+------+------------+------+------+--------+
|  7782 | CLARK  | MANAGER   | 7839 | 1981-06-09 | 2450 | NULL |     10 |
|  7839 | KING   | PRESIDENT | NULL | 1981-12-17 | 5000 | NULL |     10 |
|  7934 | MILLER | CLERK     | 7782 | 1982-01-23 | 1300 | NULL |     10 |
|  7369 | SMITH  | CLERK     | 7902 | 1980-12-17 |  800 | NULL |     20 |
|  7566 | JONES  | MANAGER   | 7839 | 1981-03-02 | 2975 | NULL |     20 |
|  7788 | SCOTT  | ANALYST   | 7566 | 1982-12-09 | 3000 | NULL |     20 |
|  7876 | ADAMS  | CLERK     | 7788 | 1983-01-12 | 1100 | NULL |     20 |
|  7902 | FORD   | ANALYST   | 7566 | 1981-12-03 | 3000 | NULL |     20 |
+-------+--------+-----------+------+------------+------+------+--------+
8 rows in set (0.00 sec)

mysql> select * from emp where job = 'clerk';
+-------+--------+-------+------+------------+------+------+--------+
| empno | ename  | job   | mgr  | hiredate   | sal  | comm | deptno |
+-------+--------+-------+------+------------+------+------+--------+
|  7369 | SMITH  | CLERK | 7902 | 1980-12-17 |  800 | NULL |     20 |
|  7876 | ADAMS  | CLERK | 7788 | 1983-01-12 | 1100 | NULL |     20 |
|  7900 | JAMES  | CLERK | 7698 | 1981-12-03 |  950 | NULL |     30 |
|  7934 | MILLER | CLERK | 7782 | 1982-01-23 | 1300 | NULL |     10 |
+-------+--------+-------+------+------------+------+------+--------+
4 rows in set (0.00 sec)

mysql> select * from emp where sal > 2000 and sal < 3000;
+-------+-------+---------+------+------------+------+------+--------+
| empno | ename | job     | mgr  | hiredate   | sal  | comm | deptno |
+-------+-------+---------+------+------------+------+------+--------+
|  7566 | JONES | MANAGER | 7839 | 1981-03-02 | 2975 | NULL |     20 |
|  7698 | BLAKE | MANAGER | 7839 | 1981-05-01 | 2850 | NULL |     30 |
|  7782 | CLARK | MANAGER | 7839 | 1981-06-09 | 2450 | NULL |     10 |
+-------+-------+---------+------+------------+------+------+--------+
3 rows in set (0.00 sec)

mysql> select * from emp where sal < 2000;
+-------+--------+----------+------+------------+------+------+--------+
| empno | ename  | job      | mgr  | hiredate   | sal  | comm | deptno |
+-------+--------+----------+------+------------+------+------+--------+
|  7369 | SMITH  | CLERK    | 7902 | 1980-12-17 |  800 | NULL |     20 |
|  7499 | ALLEN  | SALESMAN | 7698 | 1981-02-20 | 1600 |  300 |     30 |
|  7521 | WARD   | SALESMAN | 7698 | 1981-02-22 | 1250 |  500 |     30 |
|  7654 | MARTIN | SALESMAN | 7698 | 1981-09-28 | 1250 | 1400 |     30 |
|  7844 | TURNER | SALESMAN | 7698 | 1981-09-08 | 1500 |    0 |     30 |
|  7876 | ADAMS  | CLERK    | 7788 | 1983-01-12 | 1100 | NULL |     20 |
|  7900 | JAMES  | CLERK    | 7698 | 1981-12-03 |  950 | NULL |     30 |
|  7934 | MILLER | CLERK    | 7782 | 1982-01-23 | 1300 | NULL |     10 |
+-------+--------+----------+------+------------+------+------+--------+
8 rows in set (0.00 sec)

mysql> select * from emp where sal < 1000;
+-------+-------+-------+------+------------+------+------+--------+
| empno | ename | job   | mgr  | hiredate   | sal  | comm | deptno |
+-------+-------+-------+------+------------+------+------+--------+
|  7369 | SMITH | CLERK | 7902 | 1980-12-17 |  800 | NULL |     20 |
|  7900 | JAMES | CLERK | 7698 | 1981-12-03 |  950 | NULL |     30 |
+-------+-------+-------+------+------------+------+------+--------+
2 rows in set (0.00 sec)

mysql> select * from emp where sal between 3000 and 4000;
+-------+-------+---------+------+------------+------+------+--------+
| empno | ename | job     | mgr  | hiredate   | sal  | comm | deptno |
+-------+-------+---------+------+------------+------+------+--------+
|  7788 | SCOTT | ANALYST | 7566 | 1982-12-09 | 3000 | NULL |     20 |
|  7902 | FORD  | ANALYST | 7566 | 1981-12-03 | 3000 | NULL |     20 |
+-------+-------+---------+------+------------+------+------+--------+
2 rows in set (0.00 sec)

mysql> select * from emp where deptno in (10,20);
+-------+--------+-----------+------+------------+------+------+--------+
| empno | ename  | job       | mgr  | hiredate   | sal  | comm | deptno |
+-------+--------+-----------+------+------------+------+------+--------+
|  7782 | CLARK  | MANAGER   | 7839 | 1981-06-09 | 2450 | NULL |     10 |
|  7839 | KING   | PRESIDENT | NULL | 1981-12-17 | 5000 | NULL |     10 |
|  7934 | MILLER | CLERK     | 7782 | 1982-01-23 | 1300 | NULL |     10 |
|  7369 | SMITH  | CLERK     | 7902 | 1980-12-17 |  800 | NULL |     20 |
|  7566 | JONES  | MANAGER   | 7839 | 1981-03-02 | 2975 | NULL |     20 |
|  7788 | SCOTT  | ANALYST   | 7566 | 1982-12-09 | 3000 | NULL |     20 |
|  7876 | ADAMS  | CLERK     | 7788 | 1983-01-12 | 1100 | NULL |     20 |
|  7902 | FORD   | ANALYST   | 7566 | 1981-12-03 | 3000 | NULL |     20 |
+-------+--------+-----------+------+------------+------+------+--------+
8 rows in set (0.00 sec)

mysql> select * from emp where comm != null;
Empty set (0.00 sec)

mysql> select * from emp where comm is not null;
+-------+--------+----------+------+------------+------+------+--------+
| empno | ename  | job      | mgr  | hiredate   | sal  | comm | deptno |
+-------+--------+----------+------+------------+------+------+--------+
|  7499 | ALLEN  | SALESMAN | 7698 | 1981-02-20 | 1600 |  300 |     30 |
|  7521 | WARD   | SALESMAN | 7698 | 1981-02-22 | 1250 |  500 |     30 |
|  7654 | MARTIN | SALESMAN | 7698 | 1981-09-28 | 1250 | 1400 |     30 |
|  7844 | TURNER | SALESMAN | 7698 | 1981-09-08 | 1500 |    0 |     30 |
+-------+--------+----------+------+------------+------+------+--------+
4 rows in set (0.00 sec)

mysql> select * from emp where comm is null;
+-------+--------+-----------+------+------------+------+------+--------+
| empno | ename  | job       | mgr  | hiredate   | sal  | comm | deptno |
+-------+--------+-----------+------+------------+------+------+--------+
|  7369 | SMITH  | CLERK     | 7902 | 1980-12-17 |  800 | NULL |     20 |
|  7566 | JONES  | MANAGER   | 7839 | 1981-03-02 | 2975 | NULL |     20 |
|  7698 | BLAKE  | MANAGER   | 7839 | 1981-05-01 | 2850 | NULL |     30 |
|  7782 | CLARK  | MANAGER   | 7839 | 1981-06-09 | 2450 | NULL |     10 |
|  7788 | SCOTT  | ANALYST   | 7566 | 1982-12-09 | 3000 | NULL |     20 |
|  7839 | KING   | PRESIDENT | NULL | 1981-12-17 | 5000 | NULL |     10 |
|  7876 | ADAMS  | CLERK     | 7788 | 1983-01-12 | 1100 | NULL |     20 |
|  7900 | JAMES  | CLERK     | 7698 | 1981-12-03 |  950 | NULL |     30 |
|  7902 | FORD   | ANALYST   | 7566 | 1981-12-03 | 3000 | NULL |     20 |
|  7934 | MILLER | CLERK     | 7782 | 1982-01-23 | 1300 | NULL |     10 |
+-------+--------+-----------+------+------------+------+------+--------+
10 rows in set (0.00 sec)

mysql> select * from emp where sal < 1000 or job = salesman and sal > 1200;
ERROR 1054 (42S22): Unknown column 'salesman' in 'where clause'
mysql> select * from emp where sal < 1000 or job ='salesman' and sal > 1200;
+-------+--------+----------+------+------------+------+------+--------+
| empno | ename  | job      | mgr  | hiredate   | sal  | comm | deptno |
+-------+--------+----------+------+------------+------+------+--------+
|  7369 | SMITH  | CLERK    | 7902 | 1980-12-17 |  800 | NULL |     20 |
|  7499 | ALLEN  | SALESMAN | 7698 | 1981-02-20 | 1600 |  300 |     30 |
|  7521 | WARD   | SALESMAN | 7698 | 1981-02-22 | 1250 |  500 |     30 |
|  7654 | MARTIN | SALESMAN | 7698 | 1981-09-28 | 1250 | 1400 |     30 |
|  7844 | TURNER | SALESMAN | 7698 | 1981-09-08 | 1500 |    0 |     30 |
|  7900 | JAMES  | CLERK    | 7698 | 1981-12-03 |  950 | NULL |     30 |
+-------+--------+----------+------+------------+------+------+--------+
6 rows in set (0.00 sec)

mysql> select * from emp where sal < 1000 or job ='salesman' and sal > 1500;
+-------+-------+----------+------+------------+------+------+--------+
| empno | ename | job      | mgr  | hiredate   | sal  | comm | deptno |
+-------+-------+----------+------+------------+------+------+--------+
|  7369 | SMITH | CLERK    | 7902 | 1980-12-17 |  800 | NULL |     20 |
|  7499 | ALLEN | SALESMAN | 7698 | 1981-02-20 | 1600 |  300 |     30 |
|  7900 | JAMES | CLERK    | 7698 | 1981-12-03 |  950 | NULL |     30 |
+-------+-------+----------+------+------------+------+------+--------+
3 rows in set (0.00 sec)

mysql> select * from emp where sal < 1000 and job ='salesman' or sal > 1500;
+-------+-------+-----------+------+------------+------+------+--------+
| empno | ename | job       | mgr  | hiredate   | sal  | comm | deptno |
+-------+-------+-----------+------+------------+------+------+--------+
|  7499 | ALLEN | SALESMAN  | 7698 | 1981-02-20 | 1600 |  300 |     30 |
|  7566 | JONES | MANAGER   | 7839 | 1981-03-02 | 2975 | NULL |     20 |
|  7698 | BLAKE | MANAGER   | 7839 | 1981-05-01 | 2850 | NULL |     30 |
|  7782 | CLARK | MANAGER   | 7839 | 1981-06-09 | 2450 | NULL |     10 |
|  7788 | SCOTT | ANALYST   | 7566 | 1982-12-09 | 3000 | NULL |     20 |
|  7839 | KING  | PRESIDENT | NULL | 1981-12-17 | 5000 | NULL |     10 |
|  7902 | FORD  | ANALYST   | 7566 | 1981-12-03 | 3000 | NULL |     20 |
+-------+-------+-----------+------+------------+------+------+--------+
7 rows in set (0.00 sec)

mysql> select * from emp where hiredate =  '1981-02-20';
+-------+-------+----------+------+------------+------+------+--------+
| empno | ename | job      | mgr  | hiredate   | sal  | comm | deptno |
+-------+-------+----------+------+------------+------+------+--------+
|  7499 | ALLEN | SALESMAN | 7698 | 1981-02-20 | 1600 |  300 |     30 |
+-------+-------+----------+------+------------+------+------+--------+
1 row in set (0.00 sec)

mysql> select * from
    ->
    ->
    -> emo;
ERROR 1146 (42S02): Table 'mysql.emo' doesn't exist
mysql> select date(giredate) from emp;
ERROR 1054 (42S22): Unknown column 'giredate' in 'field list'
mysql> select date(hiredate) from emp;
+----------------+
| date(hiredate) |
+----------------+
| 1980-12-17     |
| 1981-02-20     |
| 1981-02-22     |
| 1981-03-02     |
| 1981-09-28     |
| 1981-05-01     |
| 1981-06-09     |
| 1982-12-09     |
| 1981-12-17     |
| 1981-09-08     |
| 1983-01-12     |
| 1981-12-03     |
| 1981-12-03     |
| 1982-01-23     |
+----------------+
14 rows in set (0.00 sec)

mysql> select date('1981-06-08') from emp;
+--------------------+
| date('1981-06-08') |
+--------------------+
| 1981-06-08         |
| 1981-06-08         |
| 1981-06-08         |
| 1981-06-08         |
| 1981-06-08         |
| 1981-06-08         |
| 1981-06-08         |
| 1981-06-08         |
| 1981-06-08         |
| 1981-06-08         |
| 1981-06-08         |
| 1981-06-08         |
| 1981-06-08         |
| 1981-06-08         |
+--------------------+
14 rows in set (0.00 sec)

mysql> select date('1981-06-08');
+--------------------+
| date('1981-06-08') |
+--------------------+
| 1981-06-08         |
+--------------------+
1 row in set (0.00 sec)

mysql> select date('1981-06-08 3:39');
+-------------------------+
| date('1981-06-08 3:39') |
+-------------------------+
| 1981-06-08              |
+-------------------------+
1 row in set (0.00 sec)

mysql> select datediff('1981-02-01', '1981-01-01');
+--------------------------------------+
| datediff('1981-02-01', '1981-01-01') |
+--------------------------------------+
|                                   31 |
+--------------------------------------+
1 row in set (0.00 sec)

mysql> select datediff('1981-01-01', hiredate);
ERROR 1054 (42S22): Unknown column 'hiredate' in 'field list'
mysql> select datediff('1981-01-01', hiredate) from emp;
+----------------------------------+
| datediff('1981-01-01', hiredate) |
+----------------------------------+
|                               15 |
|                              -50 |
|                              -52 |
|                              -60 |
|                             -270 |
|                             -120 |
|                             -159 |
|                             -707 |
|                             -350 |
|                             -250 |
|                             -741 |
|                             -336 |
|                             -336 |
|                             -387 |
+----------------------------------+
14 rows in set (0.00 sec)

mysql> select datediff(hiredate, '1980-01-01') from emp;
+----------------------------------+
| datediff(hiredate, '1980-01-01') |
+----------------------------------+
|                              351 |
|                              416 |
|                              418 |
|                              426 |
|                              636 |
|                              486 |
|                              525 |
|                             1073 |
|                              716 |
|                              616 |
|                             1107 |
|                              702 |
|                              702 |
|                              753 |
+----------------------------------+
14 rows in set (0.00 sec)

mysql> select datediff(hiredate, '1981-01-01') from emp;
+----------------------------------+
| datediff(hiredate, '1981-01-01') |
+----------------------------------+
|                              -15 |
|                               50 |
|                               52 |
|                               60 |
|                              270 |
|                              120 |
|                              159 |
|                              707 |
|                              350 |
|                              250 |
|                              741 |
|                              336 |
|                              336 |
|                              387 |
+----------------------------------+
14 rows in set (0.00 sec)

mysql> select date_add('1981-01-01', interval 55 days);
ERROR 1064 (42000): You have an error in your SQL syntax; check the manual that corresponds to your MySQL server version for the right syntax to use near 'days)' at line 1
mysql> select date_add('1981-01-01', interval 55 day);
+-----------------------------------------+
| date_add('1981-01-01', interval 55 day) |
+-----------------------------------------+
| 1981-02-25                              |
+-----------------------------------------+
1 row in set (0.00 sec)

mysql> select date_add('2022-06-12', interval -22 year);
+-------------------------------------------+
| date_add('2022-06-12', interval -22 year) |
+-------------------------------------------+
| 2000-06-12                                |
+-------------------------------------------+
1 row in set (0.00 sec)

mysql> select date_format(hiredate, '%Y') from emp;
+-----------------------------+
| date_format(hiredate, '%Y') |
+-----------------------------+
| 1980                        |
| 1981                        |
| 1981                        |
| 1981                        |
| 1981                        |
| 1981                        |
| 1981                        |
| 1982                        |
| 1981                        |
| 1981                        |
| 1983                        |
| 1981                        |
| 1981                        |
| 1982                        |
+-----------------------------+
14 rows in set (0.00 sec)

mysql> select date_format(hiredate, '%Y') = 1981;
ERROR 1054 (42S22): Unknown column 'hiredate' in 'field list'
mysql> select * from emp where date_format(hiredate, '%Y') = 1981;
+-------+--------+-----------+------+------------+------+------+--------+
| empno | ename  | job       | mgr  | hiredate   | sal  | comm | deptno |
+-------+--------+-----------+------+------------+------+------+--------+
|  7499 | ALLEN  | SALESMAN  | 7698 | 1981-02-20 | 1600 |  300 |     30 |
|  7521 | WARD   | SALESMAN  | 7698 | 1981-02-22 | 1250 |  500 |     30 |
|  7566 | JONES  | MANAGER   | 7839 | 1981-03-02 | 2975 | NULL |     20 |
|  7654 | MARTIN | SALESMAN  | 7698 | 1981-09-28 | 1250 | 1400 |     30 |
|  7698 | BLAKE  | MANAGER   | 7839 | 1981-05-01 | 2850 | NULL |     30 |
|  7782 | CLARK  | MANAGER   | 7839 | 1981-06-09 | 2450 | NULL |     10 |
|  7839 | KING   | PRESIDENT | NULL | 1981-12-17 | 5000 | NULL |     10 |
|  7844 | TURNER | SALESMAN  | 7698 | 1981-09-08 | 1500 |    0 |     30 |
|  7900 | JAMES  | CLERK     | 7698 | 1981-12-03 |  950 | NULL |     30 |
|  7902 | FORD   | ANALYST   | 7566 | 1981-12-03 | 3000 | NULL |     20 |
+-------+--------+-----------+------+------------+------+------+--------+
10 rows in set (0.00 sec)

mysql> select date_format(hiredate, '%Y') = 1981 from emp;
+------------------------------------+
| date_format(hiredate, '%Y') = 1981 |
+------------------------------------+
|                                  0 |
|                                  1 |
|                                  1 |
|                                  1 |
|                                  1 |
|                                  1 |
|                                  1 |
|                                  0 |
|                                  1 |
|                                  1 |
|                                  0 |
|                                  1 |
|                                  1 |
|                                  0 |
+------------------------------------+
14 rows in set (0.00 sec)

mysql> select * from emp where date_format(hiredate, '%Y-%m') = 1981-09;
Empty set, 14 warnings (0.00 sec)

mysql> select * from emp where date_format(hiredate, '%Y-%m') ='1981-09';
+-------+--------+----------+------+------------+------+------+--------+
| empno | ename  | job      | mgr  | hiredate   | sal  | comm | deptno |
+-------+--------+----------+------+------------+------+------+--------+
|  7654 | MARTIN | SALESMAN | 7698 | 1981-09-28 | 1250 | 1400 |     30 |
|  7844 | TURNER | SALESMAN | 7698 | 1981-09-08 | 1500 |    0 |     30 |
+-------+--------+----------+------+------------+------+------+--------+
2 rows in set (0.00 sec)

mysql> select date_add(hiredate, interval -22 day) from emp;
+--------------------------------------+
| date_add(hiredate, interval -22 day) |
+--------------------------------------+
| 1980-11-25                           |
| 1981-01-29                           |
| 1981-01-31                           |
| 1981-02-08                           |
| 1981-09-06                           |
| 1981-04-09                           |
| 1981-05-18                           |
| 1982-11-17                           |
| 1981-11-25                           |
| 1981-08-17                           |
| 1982-12-21                           |
| 1981-11-11                           |
| 1981-11-11                           |
| 1982-01-01                           |
+--------------------------------------+
14 rows in set (0.00 sec)

mysql> select * from dept
    -> ^C
mysql> select * from dept;
+--------+------------+----------+
| deptno | deptname   | loc      |
+--------+------------+----------+
|     10 | Accounting | New York |
|     20 | Research   | Boston   |
|     30 | Sales      | Dallas   |
+--------+------------+----------+
3 rows in set (0.00 sec)

mysql> select * from emp;
+-------+--------+-----------+------+------------+------+------+--------+
| empno | ename  | job       | mgr  | hiredate   | sal  | comm | deptno |
+-------+--------+-----------+------+------------+------+------+--------+
|  7369 | SMITH  | CLERK     | 7902 | 1980-12-17 |  800 | NULL |     20 |
|  7499 | ALLEN  | SALESMAN  | 7698 | 1981-02-20 | 1600 |  300 |     30 |
|  7521 | WARD   | SALESMAN  | 7698 | 1981-02-22 | 1250 |  500 |     30 |
|  7566 | JONES  | MANAGER   | 7839 | 1981-03-02 | 2975 | NULL |     20 |
|  7654 | MARTIN | SALESMAN  | 7698 | 1981-09-28 | 1250 | 1400 |     30 |
|  7698 | BLAKE  | MANAGER   | 7839 | 1981-05-01 | 2850 | NULL |     30 |
|  7782 | CLARK  | MANAGER   | 7839 | 1981-06-09 | 2450 | NULL |     10 |
|  7788 | SCOTT  | ANALYST   | 7566 | 1982-12-09 | 3000 | NULL |     20 |
|  7839 | KING   | PRESIDENT | NULL | 1981-12-17 | 5000 | NULL |     10 |
|  7844 | TURNER | SALESMAN  | 7698 | 1981-09-08 | 1500 |    0 |     30 |
|  7876 | ADAMS  | CLERK     | 7788 | 1983-01-12 | 1100 | NULL |     20 |
|  7900 | JAMES  | CLERK     | 7698 | 1981-12-03 |  950 | NULL |     30 |
|  7902 | FORD   | ANALYST   | 7566 | 1981-12-03 | 3000 | NULL |     20 |
|  7934 | MILLER | CLERK     | 7782 | 1982-01-23 | 1300 | NULL |     10 |
+-------+--------+-----------+------+------------+------+------+--------+
14 rows in set (0.00 sec)

mysql> select * from dept where loc = 'Chicago';
Empty set (0.00 sec)

mysql> select * from dept where loc = 'New York';
+--------+------------+----------+
| deptno | deptname   | loc      |
+--------+------------+----------+
|     10 | Accounting | New York |
+--------+------------+----------+
1 row in set (0.00 sec)

mysql> select * from emp where deptno = (select deptno from dept where loc = 'New York');
+-------+--------+-----------+------+------------+------+------+--------+
| empno | ename  | job       | mgr  | hiredate   | sal  | comm | deptno |
+-------+--------+-----------+------+------------+------+------+--------+
|  7782 | CLARK  | MANAGER   | 7839 | 1981-06-09 | 2450 | NULL |     10 |
|  7839 | KING   | PRESIDENT | NULL | 1981-12-17 | 5000 | NULL |     10 |
|  7934 | MILLER | CLERK     | 7782 | 1982-01-23 | 1300 | NULL |     10 |
+-------+--------+-----------+------+------------+------+------+--------+
3 rows in set (0.00 sec)

mysql> select * from emp where deptno = (select deptno from dept where deptname = 'Research');
+-------+-------+---------+------+------------+------+------+--------+
| empno | ename | job     | mgr  | hiredate   | sal  | comm | deptno |
+-------+-------+---------+------+------------+------+------+--------+
|  7369 | SMITH | CLERK   | 7902 | 1980-12-17 |  800 | NULL |     20 |
|  7566 | JONES | MANAGER | 7839 | 1981-03-02 | 2975 | NULL |     20 |
|  7788 | SCOTT | ANALYST | 7566 | 1982-12-09 | 3000 | NULL |     20 |
|  7876 | ADAMS | CLERK   | 7788 | 1983-01-12 | 1100 | NULL |     20 |
|  7902 | FORD  | ANALYST | 7566 | 1981-12-03 | 3000 | NULL |     20 |
+-------+-------+---------+------+------------+------+------+--------+
5 rows in set (0.00 sec)

mysql> select * from emp where deptno = (select deptno from dept where deptname = 'Research') and job = 'salesman';
Empty set (0.00 sec)

mysql> select * from emp where deptno = (select deptno from dept where loc = 'Boston') and job = 'analyst';
+-------+-------+---------+------+------------+------+------+--------+
| empno | ename | job     | mgr  | hiredate   | sal  | comm | deptno |
+-------+-------+---------+------+------------+------+------+--------+
|  7788 | SCOTT | ANALYST | 7566 | 1982-12-09 | 3000 | NULL |     20 |
|  7902 | FORD  | ANALYST | 7566 | 1981-12-03 | 3000 | NULL |     20 |
+-------+-------+---------+------+------------+------+------+--------+
2 rows in set (0.00 sec)

mysql> CREATE TABLE CUSTOMER (
    ->  CUSTID              INT NOT NULL,
    ->  NAME                VARCHAR(45),
    ->  ADDRESS             VARCHAR(40),
    ->  CITY                VARCHAR(30),
    ->  STATE               VARCHAR(2),
    ->  ZIP                 VARCHAR(9),
    ->  AREA                INT,
    ->  PHONE               VARCHAR(9),
    ->  REPID               INT NOT NULL,
    ->  CREDITLIMIT         INT,
    ->  COMMENTS            VARCHAR(50),
    ->  PRIMARY KEY (CUSTID));
Query OK, 0 rows affected (0.04 sec)

mysql> desc customer;
+-------------+-------------+------+-----+---------+-------+
| Field       | Type        | Null | Key | Default | Extra |
+-------------+-------------+------+-----+---------+-------+
| CUSTID      | int         | NO   | PRI | NULL    |       |
| NAME        | varchar(45) | YES  |     | NULL    |       |
| ADDRESS     | varchar(40) | YES  |     | NULL    |       |
| CITY        | varchar(30) | YES  |     | NULL    |       |
| STATE       | varchar(2)  | YES  |     | NULL    |       |
| ZIP         | varchar(9)  | YES  |     | NULL    |       |
| AREA        | int         | YES  |     | NULL    |       |
| PHONE       | varchar(9)  | YES  |     | NULL    |       |
| REPID       | int         | NO   |     | NULL    |       |
| CREDITLIMIT | int         | YES  |     | NULL    |       |
| COMMENTS    | varchar(50) | YES  |     | NULL    |       |
+-------------+-------------+------+-----+---------+-------+
11 rows in set (0.01 sec)

mysql> drop table customer;
Query OK, 0 rows affected (0.02 sec)

mysql> CREATE TABLE CUSTOMER (
    ->  CUSTID              INT NOT NULL,
    ->  NAME                VARCHAR(45),
    ->  ADDRESS             VARCHAR(40),
    ->  CITY                VARCHAR(30),
    ->  STATE               VARCHAR(2),
    ->  ZIP                 VARCHAR(9),
    ->  AREA                INT,
    ->  PHONE               VARCHAR(9),
    ->  REPID               INT NOT NULL,
    ->  CREDITLIMIT         INT,
    ->  COMMENTS            VARCHAR(50),
    ->  PRIMARY KEY (CUSTID));
Query OK, 0 rows affected (0.03 sec)

mysql> drop table customer;
Query OK, 0 rows affected (0.01 sec)

mysql>
mysql> CREATE TABLE CUSTOMER (
    ->  CUSTID              INT NOT NULL,
    ->  NAME                VARCHAR(45),
    ->  ADDRESS             VARCHAR(40),
    ->  CITY                VARCHAR(30),
    ->  STATE               VARCHAR(2),
    ->  ZIP                 VARCHAR(9),
    ->  AREA                INT,
    ->  PHONE               VARCHAR(9),
    ->  REPID               INT NOT NULL,
    ->  CREDITLIMIT         INT,
    ->  COMMENTS            VARCHAR(200),
    ->  PRIMARY KEY (CUSTID));
Query OK, 0 rows affected (0.03 sec)

mysql> INSERT INTO CUSTOMER (ZIP, STATE, REPID, PHONE, NAME, CUSTID, CREDITLIMIT,
    ->   CITY, AREA, ADDRESS, COMMENTS)
    -> VALUES ('96711', 'CA', '7844', '598-6609',
    ->  'JOCKSPORTS',
    ->  '100', '5000', 'BELMONT', '415', '345 VIEWRIDGE',
    ->  'Very friendly people to work with -- sales rep likes to be called Mike.');
Query OK, 1 row affected (0.00 sec)

mysql> INSERT INTO CUSTOMER (ZIP, STATE, REPID, PHONE, NAME, CUSTID, CREDITLIMIT,
    ->   CITY, AREA, ADDRESS, COMMENTS)
    -> VALUES ('94061', 'CA', '7521', '368-1223',
    ->  'TKB SPORT SHOP',
    ->  '101', '10000', 'REDWOOD CITY', '415', '490 BOLI RD.',
    ->  'Rep called 5/8 about change in order - contact shipping.');
Query OK, 1 row affected (0.00 sec)

mysql>
mysql> INSERT INTO CUSTOMER (ZIP, STATE, REPID, PHONE, NAME, CUSTID, CREDITLIMIT,
    ->   CITY, AREA, ADDRESS, COMMENTS)
    -> VALUES ('95133', 'CA', '7654', '644-3341',
    ->  'VOLLYRITE',
    ->  '102', '7000', 'BURLINGAME', '415', '9722 HAMILTON',
    ->  'Company doing heavy promotion beginning 10/89. Prepare for large orders during
    '>  winter.');
Query OK, 1 row affected (0.00 sec)

mysql>
mysql> INSERT INTO CUSTOMER (ZIP, STATE, REPID, PHONE, NAME, CUSTID, CREDITLIMIT,
    ->   CITY, AREA, ADDRESS, COMMENTS)
    -> VALUES ('97544', 'CA', '7521', '677-9312',
    ->  'JUST TENNIS',
    ->  '103', '3000', 'BURLINGAME', '415', 'HILLVIEW MALL',
    ->  'Contact rep about new line of tennis rackets.');
Query OK, 1 row affected (0.00 sec)

mysql>
mysql> INSERT INTO CUSTOMER (ZIP, STATE, REPID, PHONE, NAME, CUSTID, CREDITLIMIT,
    ->   CITY, AREA, ADDRESS, COMMENTS)
    -> VALUES ('93301', 'CA', '7499', '996-2323',
    ->  'EVERY MOUNTAIN',
    ->  '104', '10000', 'CUPERTINO', '408', '574 SURRY RD.',
    ->  'Customer with high market share (23%) due to aggressive advertising.');
Query OK, 1 row affected (0.00 sec)

mysql>
mysql> INSERT INTO CUSTOMER (ZIP, STATE, REPID, PHONE, NAME, CUSTID, CREDITLIMIT,
    ->   CITY, AREA, ADDRESS, COMMENTS)
    -> VALUES ('91003', 'CA', '7844', '376-9966',
    ->  'K + T SPORTS',
    ->  '105', '5000', 'SANTA CLARA', '408', '3476 EL PASEO',
    ->  'Tends to order large amounts of merchandise at once. Accounting is considering
    '>  raising their credit limit. Usually pays on time.');
Query OK, 1 row affected (0.00 sec)

mysql>
mysql> INSERT INTO CUSTOMER (ZIP, STATE, REPID, PHONE, NAME, CUSTID, CREDITLIMIT,
    ->   CITY, AREA, ADDRESS, COMMENTS)
    -> VALUES ('94301', 'CA', '7521', '364-9777',
    ->  'SHAPE UP',
    ->  '106', '6000', 'PALO ALTO', '415', '908 SEQUOIA',
    ->  'Support intensive. Orders small amounts (< 800) of merchandise at a time.');
Query OK, 1 row affected (0.00 sec)

mysql>
mysql> INSERT INTO CUSTOMER (ZIP, STATE, REPID, PHONE, NAME, CUSTID, CREDITLIMIT,
    ->   CITY, AREA, ADDRESS, COMMENTS)
    -> VALUES ('93301', 'CA', '7499', '967-4398',
    ->  'WOMENS SPORTS',
    ->  '107', '10000', 'SUNNYVALE', '408', 'VALCO VILLAGE',
    ->  'First sporting goods store geared exclusively towards women. Unusual promotion
    '> al style and very willing to take chances towards new products!');
Query OK, 1 row affected (0.00 sec)

mysql>
mysql> INSERT INTO CUSTOMER (ZIP, STATE, REPID, PHONE, NAME, CUSTID, CREDITLIMIT,
    ->   CITY, AREA, ADDRESS, COMMENTS)
    -> VALUES ('55649', 'MN', '7844', '566-9123',
    ->  'NORTH WOODS HEALTH AND FITNESS SUPPLY CENTER',
    ->  '108', '8000', 'HIBBING', '612', '98 LONE PINE WAY', '');
Query OK, 1 row affected (0.00 sec)

mysql> select custid, name, repid from customer;
+--------+----------------------------------------------+-------+
| custid | name                                         | repid |
+--------+----------------------------------------------+-------+
|    100 | JOCKSPORTS                                   |  7844 |
|    101 | TKB SPORT SHOP                               |  7521 |
|    102 | VOLLYRITE                                    |  7654 |
|    103 | JUST TENNIS                                  |  7521 |
|    104 | EVERY MOUNTAIN                               |  7499 |
|    105 | K + T SPORTS                                 |  7844 |
|    106 | SHAPE UP                                     |  7521 |
|    107 | WOMENS SPORTS                                |  7499 |
|    108 | NORTH WOODS HEALTH AND FITNESS SUPPLY CENTER |  7844 |
+--------+----------------------------------------------+-------+
9 rows in set (0.00 sec)

mysql> select * from emp where deptno = 30;
+-------+--------+----------+------+------------+------+------+--------+
| empno | ename  | job      | mgr  | hiredate   | sal  | comm | deptno |
+-------+--------+----------+------+------------+------+------+--------+
|  7499 | ALLEN  | SALESMAN | 7698 | 1981-02-20 | 1600 |  300 |     30 |
|  7521 | WARD   | SALESMAN | 7698 | 1981-02-22 | 1250 |  500 |     30 |
|  7654 | MARTIN | SALESMAN | 7698 | 1981-09-28 | 1250 | 1400 |     30 |
|  7698 | BLAKE  | MANAGER  | 7839 | 1981-05-01 | 2850 | NULL |     30 |
|  7844 | TURNER | SALESMAN | 7698 | 1981-09-08 | 1500 |    0 |     30 |
|  7900 | JAMES  | CLERK    | 7698 | 1981-12-03 |  950 | NULL |     30 |
+-------+--------+----------+------+------------+------+------+--------+
6 rows in set (0.00 sec)

mysql> select custid, name from customer where repid = (select empno from emp where ename = 'TURNER');
+--------+----------------------------------------------+
| custid | name                                         |
+--------+----------------------------------------------+
|    100 | JOCKSPORTS                                   |
|    105 | K + T SPORTS                                 |
|    108 | NORTH WOODS HEALTH AND FITNESS SUPPLY CENTER |
+--------+----------------------------------------------+
3 rows in set (0.00 sec)

mysql> select * from customer;
+--------+----------------------------------------------+------------------+--------------+-------+-------+------+----------+-------+-------------+------------------------------------------------------------------------------------------------------------------------------------------------+
| CUSTID | NAME                                         | ADDRESS          | CITY         | STATE | ZIP   | AREA | PHONE    | REPID | CREDITLIMIT | COMMENTS                                                                                                                                       |
+--------+----------------------------------------------+------------------+--------------+-------+-------+------+----------+-------+-------------+------------------------------------------------------------------------------------------------------------------------------------------------+
|    100 | JOCKSPORTS                                   | 345 VIEWRIDGE    | BELMONT      | CA    | 96711 |  415 | 598-6609 |  7844 |        5000 | Very friendly people to work with -- sales rep likes to be called Mike.                                                                        |
|    101 | TKB SPORT SHOP                               | 490 BOLI RD.     | REDWOOD CITY | CA    | 94061 |  415 | 368-1223 |  7521 |       10000 | Rep called 5/8 about change in order - contact shipping.                                                                                       |
|    102 | VOLLYRITE                                    | 9722 HAMILTON    | BURLINGAME   | CA    | 95133 |  415 | 644-3341 |  7654 |        7000 | Company doing heavy promotion beginning 10/89. Prepare for large orders during
 winter.                                                        |
|    103 | JUST TENNIS                                  | HILLVIEW MALL    | BURLINGAME   | CA    | 97544 |  415 | 677-9312 |  7521 |        3000 | Contact rep about new line of tennis rackets.                                                                                                  |
|    104 | EVERY MOUNTAIN                               | 574 SURRY RD.    | CUPERTINO    | CA    | 93301 |  408 | 996-2323 |  7499 |       10000 | Customer with high market share (23%) due to aggressive advertising.                                                                           |
|    105 | K + T SPORTS                                 | 3476 EL PASEO    | SANTA CLARA  | CA    | 91003 |  408 | 376-9966 |  7844 |        5000 | Tends to order large amounts of merchandise at once. Accounting is considering
 raising their credit limit. Usually pays on time.              |
|    106 | SHAPE UP                                     | 908 SEQUOIA      | PALO ALTO    | CA    | 94301 |  415 | 364-9777 |  7521 |        6000 | Support intensive. Orders small amounts (< 800) of merchandise at a time.                                                                      |
|    107 | WOMENS SPORTS                                | VALCO VILLAGE    | SUNNYVALE    | CA    | 93301 |  408 | 967-4398 |  7499 |       10000 | First sporting goods store geared exclusively towards women. Unusual promotion
al style and very willing to take chances towards new products! |
|    108 | NORTH WOODS HEALTH AND FITNESS SUPPLY CENTER | 98 LONE PINE WAY | HIBBING      | MN    | 55649 |  612 | 566-9123 |  7844 |        8000 |                                                                                                                                                |
+--------+----------------------------------------------+------------------+--------------+-------+-------+------+----------+-------+-------------+------------------------------------------------------------------------------------------------------------------------------------------------+
9 rows in set (0.00 sec)

mysql> select custid, name, address from customer
    -> ^C
mysql> select custid, name, address from customer;
+--------+----------------------------------------------+------------------+
| custid | name                                         | address          |
+--------+----------------------------------------------+------------------+
|    100 | JOCKSPORTS                                   | 345 VIEWRIDGE    |
|    101 | TKB SPORT SHOP                               | 490 BOLI RD.     |
|    102 | VOLLYRITE                                    | 9722 HAMILTON    |
|    103 | JUST TENNIS                                  | HILLVIEW MALL    |
|    104 | EVERY MOUNTAIN                               | 574 SURRY RD.    |
|    105 | K + T SPORTS                                 | 3476 EL PASEO    |
|    106 | SHAPE UP                                     | 908 SEQUOIA      |
|    107 | WOMENS SPORTS                                | VALCO VILLAGE    |
|    108 | NORTH WOODS HEALTH AND FITNESS SUPPLY CENTER | 98 LONE PINE WAY |
+--------+----------------------------------------------+------------------+
9 rows in set (0.00 sec)

mysql> select city, state, zip, area, phone from customer;
+--------------+-------+-------+------+----------+
| city         | state | zip   | area | phone    |
+--------------+-------+-------+------+----------+
| BELMONT      | CA    | 96711 |  415 | 598-6609 |
| REDWOOD CITY | CA    | 94061 |  415 | 368-1223 |
| BURLINGAME   | CA    | 95133 |  415 | 644-3341 |
| BURLINGAME   | CA    | 97544 |  415 | 677-9312 |
| CUPERTINO    | CA    | 93301 |  408 | 996-2323 |
| SANTA CLARA  | CA    | 91003 |  408 | 376-9966 |
| PALO ALTO    | CA    | 94301 |  415 | 364-9777 |
| SUNNYVALE    | CA    | 93301 |  408 | 967-4398 |
| HIBBING      | MN    | 55649 |  612 | 566-9123 |
+--------------+-------+-------+------+----------+
9 rows in set (0.00 sec)

mysql> select repid, creditlimit, comments from customer;
+-------+-------------+------------------------------------------------------------------------------------------------------------------------------------------------+
| repid | creditlimit | comments                                                                                                                                       |
+-------+-------------+------------------------------------------------------------------------------------------------------------------------------------------------+
|  7844 |        5000 | Very friendly people to work with -- sales rep likes to be called Mike.                                                                        |
|  7521 |       10000 | Rep called 5/8 about change in order - contact shipping.                                                                                       |
|  7654 |        7000 | Company doing heavy promotion beginning 10/89. Prepare for large orders during
 winter.                                                        |
|  7521 |        3000 | Contact rep about new line of tennis rackets.                                                                                                  |
|  7499 |       10000 | Customer with high market share (23%) due to aggressive advertising.                                                                           |
|  7844 |        5000 | Tends to order large amounts of merchandise at once. Accounting is considering
 raising their credit limit. Usually pays on time.              |
|  7521 |        6000 | Support intensive. Orders small amounts (< 800) of merchandise at a time.                                                                      |
|  7499 |       10000 | First sporting goods store geared exclusively towards women. Unusual promotion
al style and very willing to take chances towards new products! |
|  7844 |        8000 |                                                                                                                                                |
+-------+-------------+------------------------------------------------------------------------------------------------------------------------------------------------+
9 rows in set (0.00 sec)

mysql> select comments from customer;
+------------------------------------------------------------------------------------------------------------------------------------------------+
| comments                                                                                                                                       |
+------------------------------------------------------------------------------------------------------------------------------------------------+
| Very friendly people to work with -- sales rep likes to be called Mike.                                                                        |
| Rep called 5/8 about change in order - contact shipping.                                                                                       |
| Company doing heavy promotion beginning 10/89. Prepare for large orders during
 winter.                                                        |
| Contact rep about new line of tennis rackets.                                                                                                  |
| Customer with high market share (23%) due to aggressive advertising.                                                                           |
| Tends to order large amounts of merchandise at once. Accounting is considering
 raising their credit limit. Usually pays on time.              |
| Support intensive. Orders small amounts (< 800) of merchandise at a time.                                                                      |
| First sporting goods store geared exclusively towards women. Unusual promotion
al style and very willing to take chances towards new products! |
|                                                                                                                                                |
+------------------------------------------------------------------------------------------------------------------------------------------------+
9 rows in set (0.00 sec)

mysql> select phone from customer where repid = (select empid from emp where emname = 'MARTIN');
ERROR 1054 (42S22): Unknown column 'empid' in 'field list'
mysql> select phone from customer where repid = (select empno from emp where emname = 'MARTIN');
ERROR 1054 (42S22): Unknown column 'emname' in 'where clause'
mysql> select phone from customer where repid = (select empno from emp where ename = 'MARTIN');
+----------+
| phone    |
+----------+
| 644-3341 |
+----------+
1 row in set (0.00 sec)

mysql> select * from emp order by empno;
+-------+--------+-----------+------+------------+------+------+--------+
| empno | ename  | job       | mgr  | hiredate   | sal  | comm | deptno |
+-------+--------+-----------+------+------------+------+------+--------+
|  7369 | SMITH  | CLERK     | 7902 | 1980-12-17 |  800 | NULL |     20 |
|  7499 | ALLEN  | SALESMAN  | 7698 | 1981-02-20 | 1600 |  300 |     30 |
|  7521 | WARD   | SALESMAN  | 7698 | 1981-02-22 | 1250 |  500 |     30 |
|  7566 | JONES  | MANAGER   | 7839 | 1981-03-02 | 2975 | NULL |     20 |
|  7654 | MARTIN | SALESMAN  | 7698 | 1981-09-28 | 1250 | 1400 |     30 |
|  7698 | BLAKE  | MANAGER   | 7839 | 1981-05-01 | 2850 | NULL |     30 |
|  7782 | CLARK  | MANAGER   | 7839 | 1981-06-09 | 2450 | NULL |     10 |
|  7788 | SCOTT  | ANALYST   | 7566 | 1982-12-09 | 3000 | NULL |     20 |
|  7839 | KING   | PRESIDENT | NULL | 1981-12-17 | 5000 | NULL |     10 |
|  7844 | TURNER | SALESMAN  | 7698 | 1981-09-08 | 1500 |    0 |     30 |
|  7876 | ADAMS  | CLERK     | 7788 | 1983-01-12 | 1100 | NULL |     20 |
|  7900 | JAMES  | CLERK     | 7698 | 1981-12-03 |  950 | NULL |     30 |
|  7902 | FORD   | ANALYST   | 7566 | 1981-12-03 | 3000 | NULL |     20 |
|  7934 | MILLER | CLERK     | 7782 | 1982-01-23 | 1300 | NULL |     10 |
+-------+--------+-----------+------+------------+------+------+--------+
14 rows in set (0.00 sec)

mysql> select row_no() over (order by empno) ronumbersequence, empno, ename from emp;
ERROR 1064 (42000): You have an error in your SQL syntax; check the manual that corresponds to your MySQL server version for the right syntax to use near 'over (order by empno) ronumbersequence, empno, ename from emp' at line 1
mysql>
mysql> select * from emp where dept = 10
    -> union
    -> select * from emp where sal > 3000;
ERROR 1054 (42S22): Unknown column 'dept' in 'where clause'
mysql> select * from emp where deptno = 10
    -> union
    -> select * from emp where sal > 3000;
+-------+--------+-----------+------+------------+------+------+--------+
| empno | ename  | job       | mgr  | hiredate   | sal  | comm | deptno |
+-------+--------+-----------+------+------------+------+------+--------+
|  7782 | CLARK  | MANAGER   | 7839 | 1981-06-09 | 2450 | NULL |     10 |
|  7839 | KING   | PRESIDENT | NULL | 1981-12-17 | 5000 | NULL |     10 |
|  7934 | MILLER | CLERK     | 7782 | 1982-01-23 | 1300 | NULL |     10 |
+-------+--------+-----------+------+------------+------+------+--------+
3 rows in set (0.00 sec)

mysql> select * from emp where deptno = 10
    -> union all
    -> select * from emp where sal > 3000;
+-------+--------+-----------+------+------------+------+------+--------+
| empno | ename  | job       | mgr  | hiredate   | sal  | comm | deptno |
+-------+--------+-----------+------+------------+------+------+--------+
|  7782 | CLARK  | MANAGER   | 7839 | 1981-06-09 | 2450 | NULL |     10 |
|  7839 | KING   | PRESIDENT | NULL | 1981-12-17 | 5000 | NULL |     10 |
|  7934 | MILLER | CLERK     | 7782 | 1982-01-23 | 1300 | NULL |     10 |
|  7839 | KING   | PRESIDENT | NULL | 1981-12-17 | 5000 | NULL |     10 |
+-------+--------+-----------+------+------------+------+------+--------+
4 rows in set (0.00 sec)

mysql> select empno, ename, job, deptno, (@row_number:-@row_number + 1) as row_num from emp where @row_number1 <7;
ERROR 1064 (42000): You have an error in your SQL syntax; check the manual that corresponds to your MySQL server version for the right syntax to use near ':-@row_number + 1) as row_num from emp where @row_number1 <7' at line 1
mysql>
mysql> set @row_number = 0;
Query OK, 0 rows affected (0.00 sec)

mysql> set @row_number1 = 0;
Query OK, 0 rows affected (0.00 sec)

mysql> select empno, ename, job, deptno, (@row_number:-@row_number + 1) as row_num from emp where @row_number1 <7;
ERROR 1064 (42000): You have an error in your SQL syntax; check the manual that corresponds to your MySQL server version for the right syntax to use near ':-@row_number + 1) as row_num from emp where @row_number1 <7' at line 1
mysql>
mysql>
mysql> CREATE TABLE BONUS (
    ->  ENAME               VARCHAR(10),
    ->  JOB                 CHAR(9),
    ->  SAL                 INT,
    ->  COMM                INT);
Query OK, 0 rows affected (0.01 sec)

mysql> CREATE TABLE SALGRADE (
    ->  GRADE               INT,
    ->  LOSAL               INT,
    ->  HISAL               INT);
Query OK, 0 rows affected (0.03 sec)

mysql> CREATE TABLE DUMMY (
    ->  DUMMY               INT );
Query OK, 0 rows affected (0.01 sec)

mysql> CREATE TABLE ITEM  (
    ->  ORDID               INT NOT NULL,
    ->  ITEMID              INT NOT NULL,
    ->  PRODID              INT,
    ->  ACTUALPRICE         INT,
    ->  QTY                 INT,
    ->  ITEMTOT             INT,
    -> FOREIGN KEY (ORDID) REFERENCES ORD (ORDID),
    -> );
ERROR 1064 (42000): You have an error in your SQL syntax; check the manual that corresponds to your MySQL server version for the right syntax to use near ')' at line 9
mysql> CREATE TABLE ITEM  (
    ->  ORDID               INT NOT NULL,
    ->  ITEMID              INT NOT NULL,
    ->  PRODID              INT,
    ->  ACTUALPRICE         INT,
    ->  QTY                 INT,
    ->  ITEMTOT             INT,
    -> FOREIGN KEY (ORDID) REFERENCES ORD (ORDID));
ERROR 1824 (HY000): Failed to open the referenced table 'ord'
mysql> CREATE TABLE PRICE (
    ->  PRODID              INT NOT NULL,
    ->  STDPRICE            INT,
    ->  MINPRICE            INT,
    ->  STARTDATE           DATE,
    ->  ENDDATE             DATE);
Query OK, 0 rows affected (0.01 sec)

mysql> CREATE TABLE PRODUCT (
    ->  PRODID              INT PRIMARY KEY,
    ->  DESCRIP             VARCHAR(30));
Query OK, 0 rows affected (0.01 sec)

mysql> CREATE TABLE ORD  (
    ->  ORDID               INT NOT NULL,
    ->  ORDERDATE           DATE,
    ->  COMMPLAN            VARCHAR(1),
    ->  CUSTID              INT NOT NULL,
    ->  SHIPDATE            DATE,
    ->  TOTAL               INT,
    ->  FOREIGN KEY (CUSTID) REFERENCES CUSTOMER (CUSTID));
Query OK, 0 rows affected (0.05 sec)

mysql> CREATE TABLE ITEM  (
    ->  ORDID               INT NOT NULL,
    ->  ITEMID              INT NOT NULL,
    ->  PRODID              INT,
    ->  ACTUALPRICE         INT,
    ->  QTY                 INT,
    ->  ITEMTOT             INT,
    -> FOREIGN KEY (ORDID) REFERENCES ORD (ORDID));
ERROR 1822 (HY000): Failed to add the foreign key constraint. Missing index for constraint 'item_ibfk_1' in the referenced table 'ord'
mysql> CREATE TABLE ITEM  (
    ->  ORDID               INT NOT NULL,
    ->  ITEMID              INT NOT NULL,
    ->  PRODID              INT,
    ->  ACTUALPRICE         INT,
    ->  QTY                 INT,
    ->  ITEMTOT             INT,
    -> FOREIGN KEY (ORDID) REFERENCES ORD (ORDID);
ERROR 1064 (42000): You have an error in your SQL syntax; check the manual that corresponds to your MySQL server version for the right syntax to use near '' at line 8
mysql> CREATE TABLE ITEM  (
    ->  ORDID               INT NOT NULL,
    ->  ITEMID              INT NOT NULL,
    ->  PRODID              INT,
    ->  ACTUALPRICE         INT,
    ->  QTY                 INT,
    ->  ITEMTOT             INT,
    -> FOREIGN KEY (ORDID) REFERENCES ORD (ORDID));
ERROR 1822 (HY000): Failed to add the foreign key constraint. Missing index for constraint 'item_ibfk_1' in the referenced table 'ord'
mysql> INSERT INTO ORD (TOTAL, SHIPDATE, ORDID, ORDERDATE, CUSTID, COMMPLAN)
    -> INSERT INTO ORD (TOTAL, SHIPDATE, ORDID, ORDERDATE, CUSTID, COMMPLAN)^C
mysql> INSERT INTO ORD (TOTAL, SHIPDATE, ORDID, ORDERDATE, CUSTID, COMMPLAN)
    ->  VALUES ('101.4', '08-JAN-87', '610', '07-JAN-87', '101', 'A');
ERROR 1292 (22007): Incorrect date value: '08-JAN-87' for column 'SHIPDATE' at row 1
mysql> INSERT INTO ORD (TOTAL, SHIPDATE, ORDID, ORDERDATE, CUSTID, COMMPLAN)
    ->  VALUES ('101.4', '08-JAN-87', '610', '1987-01-07', '101', 'A');
ERROR 1292 (22007): Incorrect date value: '08-JAN-87' for column 'SHIPDATE' at row 1
mysql> INSERT INTO ORD VALUES ('101.4', '1987-01-08', '610', '1987-01-07', '101', 'A');
ERROR 1406 (22001): Data too long for column 'COMMPLAN' at row 1
mysql> INSERT INTO ORD VALUES ('610', '1987-01-08','A', '101', '1987-01-07', '101.4');
Query OK, 1 row affected (0.00 sec)

mysql> CREATE TABLE ITEM  (
    ->  ORDID               INT NOT NULL,
    ->  ITEMID              INT NOT NULL,
    ->  PRODID              INT,
    ->  ACTUALPRICE         INT,
    ->  QTY                 INT,
    ->  ITEMTOT             INT,
    -> FOREIGN KEY (ORDID) REFERENCES ORD (ORDID));
ERROR 1822 (HY000): Failed to add the foreign key constraint. Missing index for constraint 'item_ibfk_1' in the referenced table 'ord'
mysql> CREATE TABLE ITEM  (
    ->  ORDID               INT NOT NULL,
    ->  ITEMID              INT NOT NULL,
    ->  PRODID              INT,
    ->  ACTUALPRICE         INT,
    ->  QTY                 INT,
    ->  ITEMTOT             INT,
    -> FOREIGN KEY (ORDID) REFERENCES ORD (ORDID));^C
mysql> CREATE TABLE ITEM  (
    ->  ORDID               INT PRIMARY KEY,
    ->  ITEMID              INT NOT NULL,
    ->  PRODID              INT,
    ->  ACTUALPRICE         INT,
    ->  QTY                 INT,
    ->  ITEMTOT             INT,
    -> FOREIGN KEY (ORDID) REFERENCES ORD (ORDID));
ERROR 1822 (HY000): Failed to add the foreign key constraint. Missing index for constraint 'item_ibfk_1' in the referenced table 'ord'
mysql> DROP TABLE ORD;
Query OK, 0 rows affected (0.03 sec)

mysql> CREATE TABLE ORD  (
    ->  ORDID               INT PRIMARY KEY,
    ->  ORDERDATE           DATE,
    ->  COMMPLAN            VARCHAR(1),
    ->  CUSTID              INT NOT NULL,
    ->  SHIPDATE            DATE,
    ->  TOTAL               INT,
    ->  FOREIGN KEY (CUSTID) REFERENCES CUSTOMER (CUSTID));
Query OK, 0 rows affected (0.02 sec)

mysql> CREATE TABLE ITEM  (
    ->  ORDID               INT PRIMARY KEY,
    ->  ITEMID              INT NOT NULL,
    ->  PRODID              INT,
    ->  ACTUALPRICE         INT,
    ->  QTY                 INT,
    ->  ITEMTOT             INT,
    -> FOREIGN KEY (ORDID) REFERENCES ORD (ORDID));
Query OK, 0 rows affected (0.02 sec)

mysql> select * from bonus;
Empty set (0.00 sec)

mysql> INSERT INTO SALGRADE VALUES (1,700,1200);
Query OK, 1 row affected (0.00 sec)

mysql> INSERT INTO SALGRADE VALUES (2,1201,1400);
Query OK, 1 row affected (0.00 sec)

mysql> INSERT INTO SALGRADE VALUES (3,1401,2000);
Query OK, 1 row affected (0.00 sec)

mysql> INSERT INTO SALGRADE VALUES (4,2001,3000);
Query OK, 1 row affected (0.00 sec)

mysql> INSERT INTO SALGRADE VALUES (5,3001,9999);
Query OK, 1 row affected (0.00 sec)

mysql> INSERT INTO DUMMY VALUES (0);
Query OK, 1 row affected (0.00 sec)

mysql> INSERT INTO ITEM (QTY, PRODID, ORDID, ITEMTOT, ITEMID, ACTUALPRICE)
    ->  VALUES ('1', '100890', '610', '58', '3', '58');
ERROR 1452 (23000): Cannot add or update a child row: a foreign key constraint fails (`mysql`.`item`, CONSTRAINT `item_ibfk_1` FOREIGN KEY (`ORDID`) REFERENCES `ord` (`ORDID`))
mysql>
mysql> INSERT INTO ITEM ( QTY , PRODID , ORDID , ITEMTOT , ITEMID , ACTUALPRICE)
    ->  VALUES ( '1', '100861', '611', '45', '1', '45');
ERROR 1452 (23000): Cannot add or update a child row: a foreign key constraint fails (`mysql`.`item`, CONSTRAINT `item_ibfk_1` FOREIGN KEY (`ORDID`) REFERENCES `ord` (`ORDID`))
mysql>
mysql> INSERT INTO ITEM ( QTY , PRODID , ORDID , ITEMTOT , ITEMID , ACTUALPRICE)
    ->  VALUES ( '100', '100860', '612', '3000', '1', '30');
ERROR 1452 (23000): Cannot add or update a child row: a foreign key constraint fails (`mysql`.`item`, CONSTRAINT `item_ibfk_1` FOREIGN KEY (`ORDID`) REFERENCES `ord` (`ORDID`))
mysql>
mysql> INSERT INTO ITEM ( QTY , PRODID , ORDID , ITEMTOT , ITEMID , ACTUALPRICE)
    ->  VALUES ( '1', '200376', '601', '2.4', '1', '2.4');
ERROR 1452 (23000): Cannot add or update a child row: a foreign key constraint fails (`mysql`.`item`, CONSTRAINT `item_ibfk_1` FOREIGN KEY (`ORDID`) REFERENCES `ord` (`ORDID`))
mysql>
mysql> INSERT INTO ITEM ( QTY , PRODID , ORDID , ITEMTOT , ITEMID , ACTUALPRICE)
    ->  VALUES ( '20', '100870', '602', '56', '1', '2.8');
ERROR 1452 (23000): Cannot add or update a child row: a foreign key constraint fails (`mysql`.`item`, CONSTRAINT `item_ibfk_1` FOREIGN KEY (`ORDID`) REFERENCES `ord` (`ORDID`))
mysql>
mysql> INSERT INTO ITEM ( QTY , PRODID , ORDID , ITEMTOT , ITEMID , ACTUALPRICE)
    ->  VALUES ( '3', '100890', '604', '174', '1', '58');
ERROR 1452 (23000): Cannot add or update a child row: a foreign key constraint fails (`mysql`.`item`, CONSTRAINT `item_ibfk_1` FOREIGN KEY (`ORDID`) REFERENCES `ord` (`ORDID`))
mysql>
mysql> INSERT INTO ITEM ( QTY , PRODID , ORDID , ITEMTOT , ITEMID , ACTUALPRICE)
    ->  VALUES ( '2', '100861', '604', '84', '2', '42');
ERROR 1452 (23000): Cannot add or update a child row: a foreign key constraint fails (`mysql`.`item`, CONSTRAINT `item_ibfk_1` FOREIGN KEY (`ORDID`) REFERENCES `ord` (`ORDID`))
mysql>
mysql> INSERT INTO ITEM ( QTY , PRODID , ORDID , ITEMTOT , ITEMID , ACTUALPRICE)
    ->  VALUES ( '10', '100860', '604', '440', '3', '44');
ERROR 1452 (23000): Cannot add or update a child row: a foreign key constraint fails (`mysql`.`item`, CONSTRAINT `item_ibfk_1` FOREIGN KEY (`ORDID`) REFERENCES `ord` (`ORDID`))
mysql>
mysql> INSERT INTO ITEM ( QTY , PRODID , ORDID , ITEMTOT , ITEMID , ACTUALPRICE)
    ->  VALUES ( '4', '100860', '603', '224', '2', '56');
ERROR 1452 (23000): Cannot add or update a child row: a foreign key constraint fails (`mysql`.`item`, CONSTRAINT `item_ibfk_1` FOREIGN KEY (`ORDID`) REFERENCES `ord` (`ORDID`))
mysql>
mysql> INSERT INTO ITEM ( QTY , PRODID , ORDID , ITEMTOT , ITEMID , ACTUALPRICE)
    ->  VALUES ( '1', '100860', '610', '35', '1', '35');
ERROR 1452 (23000): Cannot add or update a child row: a foreign key constraint fails (`mysql`.`item`, CONSTRAINT `item_ibfk_1` FOREIGN KEY (`ORDID`) REFERENCES `ord` (`ORDID`))
mysql>
mysql> INSERT INTO ITEM ( QTY , PRODID , ORDID , ITEMTOT , ITEMID , ACTUALPRICE)
    ->  VALUES ( '3', '100870', '610', '8.4', '2', '2.8');
ERROR 1452 (23000): Cannot add or update a child row: a foreign key constraint fails (`mysql`.`item`, CONSTRAINT `item_ibfk_1` FOREIGN KEY (`ORDID`) REFERENCES `ord` (`ORDID`))
mysql>
mysql> INSERT INTO ITEM ( QTY , PRODID , ORDID , ITEMTOT , ITEMID , ACTUALPRICE)
    ->  VALUES ( '200', '200376', '613', '440', '4', '2.2');
ERROR 1452 (23000): Cannot add or update a child row: a foreign key constraint fails (`mysql`.`item`, CONSTRAINT `item_ibfk_1` FOREIGN KEY (`ORDID`) REFERENCES `ord` (`ORDID`))
mysql>
mysql> INSERT INTO ITEM ( QTY , PRODID , ORDID , ITEMTOT , ITEMID , ACTUALPRICE)
    ->  VALUES ( '444', '100860', '614', '15540', '1', '35');
ERROR 1452 (23000): Cannot add or update a child row: a foreign key constraint fails (`mysql`.`item`, CONSTRAINT `item_ibfk_1` FOREIGN KEY (`ORDID`) REFERENCES `ord` (`ORDID`))
mysql>
mysql> INSERT INTO ITEM ( QTY , PRODID , ORDID , ITEMTOT , ITEMID , ACTUALPRICE)
    ->  VALUES ( '1000', '100870', '614', '2800', '2', '2.8');
ERROR 1452 (23000): Cannot add or update a child row: a foreign key constraint fails (`mysql`.`item`, CONSTRAINT `item_ibfk_1` FOREIGN KEY (`ORDID`) REFERENCES `ord` (`ORDID`))
mysql>
mysql> INSERT INTO ITEM ( QTY , PRODID , ORDID , ITEMTOT , ITEMID , ACTUALPRICE)
    ->  VALUES ( '20', '100861', '612', '810', '2', '40.5');
ERROR 1452 (23000): Cannot add or update a child row: a foreign key constraint fails (`mysql`.`item`, CONSTRAINT `item_ibfk_1` FOREIGN KEY (`ORDID`) REFERENCES `ord` (`ORDID`))
mysql>
mysql> INSERT INTO ITEM ( QTY , PRODID , ORDID , ITEMTOT , ITEMID , ACTUALPRICE)
    ->  VALUES ('150', '101863', '612', '1500', '3', '10');
ERROR 1452 (23000): Cannot add or update a child row: a foreign key constraint fails (`mysql`.`item`, CONSTRAINT `item_ibfk_1` FOREIGN KEY (`ORDID`) REFERENCES `ord` (`ORDID`))
mysql>
mysql> INSERT INTO ITEM ( QTY , PRODID , ORDID , ITEMTOT , ITEMID , ACTUALPRICE)
    ->  VALUES ('10', '100860', '620', '350', '1', '35');
ERROR 1452 (23000): Cannot add or update a child row: a foreign key constraint fails (`mysql`.`item`, CONSTRAINT `item_ibfk_1` FOREIGN KEY (`ORDID`) REFERENCES `ord` (`ORDID`))
mysql>
mysql> INSERT INTO ITEM ( QTY , PRODID , ORDID , ITEMTOT , ITEMID , ACTUALPRICE)
    ->  VALUES ('1000', '200376', '620', '2400', '2', '2.4');
ERROR 1452 (23000): Cannot add or update a child row: a foreign key constraint fails (`mysql`.`item`, CONSTRAINT `item_ibfk_1` FOREIGN KEY (`ORDID`) REFERENCES `ord` (`ORDID`))
mysql>
mysql> INSERT INTO ITEM ( QTY , PRODID , ORDID , ITEMTOT , ITEMID , ACTUALPRICE)
    ->  VALUES ('500', '102130', '620', '1700', '3', '3.4');
ERROR 1452 (23000): Cannot add or update a child row: a foreign key constraint fails (`mysql`.`item`, CONSTRAINT `item_ibfk_1` FOREIGN KEY (`ORDID`) REFERENCES `ord` (`ORDID`))
mysql>
mysql> INSERT INTO ITEM ( QTY , PRODID , ORDID , ITEMTOT , ITEMID , ACTUALPRICE)
    ->  VALUES ( '100', '100871', '613', '560', '1', '5.6');
ERROR 1452 (23000): Cannot add or update a child row: a foreign key constraint fails (`mysql`.`item`, CONSTRAINT `item_ibfk_1` FOREIGN KEY (`ORDID`) REFERENCES `ord` (`ORDID`))
mysql>
mysql> INSERT INTO ITEM ( QTY , PRODID , ORDID , ITEMTOT , ITEMID , ACTUALPRICE)
    ->  VALUES ('200', '101860', '613', '4800', '2', '24');
ERROR 1452 (23000): Cannot add or update a child row: a foreign key constraint fails (`mysql`.`item`, CONSTRAINT `item_ibfk_1` FOREIGN KEY (`ORDID`) REFERENCES `ord` (`ORDID`))
mysql>
mysql> INSERT INTO ITEM ( QTY , PRODID , ORDID , ITEMTOT , ITEMID , ACTUALPRICE)
    ->  VALUES ('150', '200380', '613', '600', '3', '4');
ERROR 1452 (23000): Cannot add or update a child row: a foreign key constraint fails (`mysql`.`item`, CONSTRAINT `item_ibfk_1` FOREIGN KEY (`ORDID`) REFERENCES `ord` (`ORDID`))
mysql>
mysql> INSERT INTO ITEM ( QTY , PRODID , ORDID , ITEMTOT , ITEMID , ACTUALPRICE)
    ->  VALUES ('100', '102130', '619', '340', '3', '3.4');
ERROR 1452 (23000): Cannot add or update a child row: a foreign key constraint fails (`mysql`.`item`, CONSTRAINT `item_ibfk_1` FOREIGN KEY (`ORDID`) REFERENCES `ord` (`ORDID`))
mysql>
mysql> INSERT INTO ITEM ( QTY , PRODID , ORDID , ITEMTOT , ITEMID , ACTUALPRICE)
    ->  VALUES ('50', '100860', '617', '1750', '1', '35');
ERROR 1452 (23000): Cannot add or update a child row: a foreign key constraint fails (`mysql`.`item`, CONSTRAINT `item_ibfk_1` FOREIGN KEY (`ORDID`) REFERENCES `ord` (`ORDID`))
mysql>
mysql> INSERT INTO ITEM ( QTY , PRODID , ORDID , ITEMTOT , ITEMID , ACTUALPRICE)
    ->  VALUES ('100', '100861', '617', '4500', '2', '45');
ERROR 1452 (23000): Cannot add or update a child row: a foreign key constraint fails (`mysql`.`item`, CONSTRAINT `item_ibfk_1` FOREIGN KEY (`ORDID`) REFERENCES `ord` (`ORDID`))
mysql>
mysql> INSERT INTO ITEM ( QTY , PRODID , ORDID , ITEMTOT , ITEMID , ACTUALPRICE)
    ->  VALUES ('1000', '100871', '614', '5600', '3', '5.6');
ERROR 1452 (23000): Cannot add or update a child row: a foreign key constraint fails (`mysql`.`item`, CONSTRAINT `item_ibfk_1` FOREIGN KEY (`ORDID`) REFERENCES `ord` (`ORDID`))
mysql>
mysql> INSERT INTO ITEM ( QTY , PRODID , ORDID , ITEMTOT , ITEMID , ACTUALPRICE)
    ->  VALUES ('10', '100861', '616', '450', '1', '45');
ERROR 1452 (23000): Cannot add or update a child row: a foreign key constraint fails (`mysql`.`item`, CONSTRAINT `item_ibfk_1` FOREIGN KEY (`ORDID`) REFERENCES `ord` (`ORDID`))
mysql>
mysql> INSERT INTO ITEM ( QTY , PRODID , ORDID , ITEMTOT , ITEMID , ACTUALPRICE)
    ->  VALUES ('50', '100870', '616', '140', '2', '2.8');
ERROR 1452 (23000): Cannot add or update a child row: a foreign key constraint fails (`mysql`.`item`, CONSTRAINT `item_ibfk_1` FOREIGN KEY (`ORDID`) REFERENCES `ord` (`ORDID`))
mysql>
mysql> INSERT INTO ITEM ( QTY , PRODID , ORDID , ITEMTOT , ITEMID , ACTUALPRICE)
    ->  VALUES ('2', '100890', '616', '116', '3', '58');
ERROR 1452 (23000): Cannot add or update a child row: a foreign key constraint fails (`mysql`.`item`, CONSTRAINT `item_ibfk_1` FOREIGN KEY (`ORDID`) REFERENCES `ord` (`ORDID`))
mysql>
mysql> INSERT INTO ITEM ( QTY , PRODID , ORDID , ITEMTOT , ITEMID , ACTUALPRICE)
    ->  VALUES ('10', '102130', '616', '34', '4', '3.4');
ERROR 1452 (23000): Cannot add or update a child row: a foreign key constraint fails (`mysql`.`item`, CONSTRAINT `item_ibfk_1` FOREIGN KEY (`ORDID`) REFERENCES `ord` (`ORDID`))
mysql>
mysql> INSERT INTO ITEM ( QTY , PRODID , ORDID , ITEMTOT , ITEMID , ACTUALPRICE)
    ->  VALUES ('10', '200376' , '616', '24', '5', '2.4');
ERROR 1452 (23000): Cannot add or update a child row: a foreign key constraint fails (`mysql`.`item`, CONSTRAINT `item_ibfk_1` FOREIGN KEY (`ORDID`) REFERENCES `ord` (`ORDID`))
mysql>
mysql> INSERT INTO ITEM ( QTY , PRODID , ORDID , ITEMTOT , ITEMID , ACTUALPRICE)
    ->  VALUES ('100', '200380', '619', '400', '1', '4');
ERROR 1452 (23000): Cannot add or update a child row: a foreign key constraint fails (`mysql`.`item`, CONSTRAINT `item_ibfk_1` FOREIGN KEY (`ORDID`) REFERENCES `ord` (`ORDID`))
mysql>
mysql> INSERT INTO ITEM ( QTY , PRODID , ORDID , ITEMTOT , ITEMID , ACTUALPRICE)
    ->  VALUES ('100', '200376', '619', '240', '2', '2.4');
ERROR 1452 (23000): Cannot add or update a child row: a foreign key constraint fails (`mysql`.`item`, CONSTRAINT `item_ibfk_1` FOREIGN KEY (`ORDID`) REFERENCES `ord` (`ORDID`))
mysql>
mysql> INSERT INTO ITEM ( QTY , PRODID , ORDID , ITEMTOT , ITEMID , ACTUALPRICE)
    ->  VALUES ('4', '100861', '615', '180', '1', '45');
ERROR 1452 (23000): Cannot add or update a child row: a foreign key constraint fails (`mysql`.`item`, CONSTRAINT `item_ibfk_1` FOREIGN KEY (`ORDID`) REFERENCES `ord` (`ORDID`))
mysql>
mysql> INSERT INTO ITEM ( QTY , PRODID , ORDID , ITEMTOT , ITEMID , ACTUALPRICE)
    ->  VALUES ('1', '100871', '607', '5.6', '1', '5.6');
ERROR 1452 (23000): Cannot add or update a child row: a foreign key constraint fails (`mysql`.`item`, CONSTRAINT `item_ibfk_1` FOREIGN KEY (`ORDID`) REFERENCES `ord` (`ORDID`))
mysql>
mysql> INSERT INTO ITEM ( QTY , PRODID , ORDID , ITEMTOT , ITEMID , ACTUALPRICE)
    ->  VALUES ('100', '100870', '615', '280', '2', '2.8');
ERROR 1452 (23000): Cannot add or update a child row: a foreign key constraint fails (`mysql`.`item`, CONSTRAINT `item_ibfk_1` FOREIGN KEY (`ORDID`) REFERENCES `ord` (`ORDID`))
mysql>
mysql> INSERT INTO ITEM ( QTY , PRODID , ORDID , ITEMTOT , ITEMID , ACTUALPRICE)
    ->  VALUES ('500', '100870', '617', '1400', '3', '2.8');
ERROR 1452 (23000): Cannot add or update a child row: a foreign key constraint fails (`mysql`.`item`, CONSTRAINT `item_ibfk_1` FOREIGN KEY (`ORDID`) REFERENCES `ord` (`ORDID`))
mysql>
mysql> INSERT INTO ITEM ( QTY , PRODID , ORDID , ITEMTOT , ITEMID , ACTUALPRICE)
    ->  VALUES ('500', '100871', '617', '2800', '4', '5.6');
ERROR 1452 (23000): Cannot add or update a child row: a foreign key constraint fails (`mysql`.`item`, CONSTRAINT `item_ibfk_1` FOREIGN KEY (`ORDID`) REFERENCES `ord` (`ORDID`))
mysql>
mysql> INSERT INTO ITEM ( QTY , PRODID , ORDID , ITEMTOT , ITEMID , ACTUALPRICE)
    ->  VALUES ('500', '100890', '617', '29000', '5', '58');
ERROR 1452 (23000): Cannot add or update a child row: a foreign key constraint fails (`mysql`.`item`, CONSTRAINT `item_ibfk_1` FOREIGN KEY (`ORDID`) REFERENCES `ord` (`ORDID`))
mysql>
mysql> INSERT INTO ITEM ( QTY , PRODID , ORDID , ITEMTOT , ITEMID , ACTUALPRICE)
    ->  VALUES ('100', '101860', '617', '2400', '6', '24');
ERROR 1452 (23000): Cannot add or update a child row: a foreign key constraint fails (`mysql`.`item`, CONSTRAINT `item_ibfk_1` FOREIGN KEY (`ORDID`) REFERENCES `ord` (`ORDID`))
mysql>
mysql> INSERT INTO ITEM ( QTY , PRODID , ORDID , ITEMTOT , ITEMID , ACTUALPRICE)
    ->  VALUES ('200', '101863', '617', '2500', '7', '12.5');
ERROR 1452 (23000): Cannot add or update a child row: a foreign key constraint fails (`mysql`.`item`, CONSTRAINT `item_ibfk_1` FOREIGN KEY (`ORDID`) REFERENCES `ord` (`ORDID`))
mysql>
mysql> INSERT INTO ITEM ( QTY , PRODID , ORDID , ITEMTOT , ITEMID , ACTUALPRICE)
    ->  VALUES ('100', '102130', '617', '340', '8', '3.4');
ERROR 1452 (23000): Cannot add or update a child row: a foreign key constraint fails (`mysql`.`item`, CONSTRAINT `item_ibfk_1` FOREIGN KEY (`ORDID`) REFERENCES `ord` (`ORDID`))
mysql>
mysql> INSERT INTO ITEM ( QTY , PRODID , ORDID , ITEMTOT , ITEMID , ACTUALPRICE)
    ->  VALUES ('200', '200376', '617', '480', '9', '2.4');
ERROR 1452 (23000): Cannot add or update a child row: a foreign key constraint fails (`mysql`.`item`, CONSTRAINT `item_ibfk_1` FOREIGN KEY (`ORDID`) REFERENCES `ord` (`ORDID`))
mysql>
mysql> INSERT INTO ITEM ( QTY , PRODID , ORDID , ITEMTOT , ITEMID , ACTUALPRICE)
    ->  VALUES ('300', '200380', '617', '1200', '10', '4');
ERROR 1452 (23000): Cannot add or update a child row: a foreign key constraint fails (`mysql`.`item`, CONSTRAINT `item_ibfk_1` FOREIGN KEY (`ORDID`) REFERENCES `ord` (`ORDID`))
mysql>
mysql> INSERT INTO ITEM ( QTY , PRODID , ORDID , ITEMTOT , ITEMID , ACTUALPRICE)
    ->  VALUES ('5', '100870', '609', '12.5', '2', '2.5');
ERROR 1452 (23000): Cannot add or update a child row: a foreign key constraint fails (`mysql`.`item`, CONSTRAINT `item_ibfk_1` FOREIGN KEY (`ORDID`) REFERENCES `ord` (`ORDID`))
mysql>
mysql> INSERT INTO ITEM ( QTY , PRODID , ORDID , ITEMTOT , ITEMID , ACTUALPRICE)
    ->  VALUES ('1', '100890', '609', '50', '3', '50');
ERROR 1452 (23000): Cannot add or update a child row: a foreign key constraint fails (`mysql`.`item`, CONSTRAINT `item_ibfk_1` FOREIGN KEY (`ORDID`) REFERENCES `ord` (`ORDID`))
mysql>
mysql> INSERT INTO ITEM ( QTY , PRODID , ORDID , ITEMTOT , ITEMID , ACTUALPRICE)
    ->  VALUES ('23', '100860', '618', '805', '1', '35');
ERROR 1452 (23000): Cannot add or update a child row: a foreign key constraint fails (`mysql`.`item`, CONSTRAINT `item_ibfk_1` FOREIGN KEY (`ORDID`) REFERENCES `ord` (`ORDID`))
mysql>
mysql> INSERT INTO ITEM ( QTY , PRODID , ORDID , ITEMTOT , ITEMID , ACTUALPRICE)
    ->  VALUES ('50', '100861', '618', '2255.5', '2', '45.11');
ERROR 1452 (23000): Cannot add or update a child row: a foreign key constraint fails (`mysql`.`item`, CONSTRAINT `item_ibfk_1` FOREIGN KEY (`ORDID`) REFERENCES `ord` (`ORDID`))
mysql>
mysql> INSERT INTO ITEM ( QTY , PRODID , ORDID , ITEMTOT , ITEMID , ACTUALPRICE)
    ->  VALUES ('10', '100870', '618', '450', '3', '45');
ERROR 1452 (23000): Cannot add or update a child row: a foreign key constraint fails (`mysql`.`item`, CONSTRAINT `item_ibfk_1` FOREIGN KEY (`ORDID`) REFERENCES `ord` (`ORDID`))
mysql>
mysql> INSERT INTO ITEM ( QTY , PRODID , ORDID , ITEMTOT , ITEMID , ACTUALPRICE)
    ->  VALUES ('10', '100861', '621', '450', '1', '45');
ERROR 1452 (23000): Cannot add or update a child row: a foreign key constraint fails (`mysql`.`item`, CONSTRAINT `item_ibfk_1` FOREIGN KEY (`ORDID`) REFERENCES `ord` (`ORDID`))
mysql>
mysql> INSERT INTO ITEM ( QTY , PRODID , ORDID , ITEMTOT , ITEMID , ACTUALPRICE)
    ->  VALUES ('100', '100870', '621', '280', '2', '2.8');
ERROR 1452 (23000): Cannot add or update a child row: a foreign key constraint fails (`mysql`.`item`, CONSTRAINT `item_ibfk_1` FOREIGN KEY (`ORDID`) REFERENCES `ord` (`ORDID`))
mysql>
mysql> INSERT INTO ITEM ( QTY , PRODID , ORDID , ITEMTOT , ITEMID , ACTUALPRICE)
    ->  VALUES ('50', '100871', '615', '250', '3', '5');
ERROR 1452 (23000): Cannot add or update a child row: a foreign key constraint fails (`mysql`.`item`, CONSTRAINT `item_ibfk_1` FOREIGN KEY (`ORDID`) REFERENCES `ord` (`ORDID`))
mysql>
mysql> INSERT INTO ITEM ( QTY , PRODID , ORDID , ITEMTOT , ITEMID , ACTUALPRICE)
    ->  VALUES ('1', '101860', '608', '24', '1', '24');
ERROR 1452 (23000): Cannot add or update a child row: a foreign key constraint fails (`mysql`.`item`, CONSTRAINT `item_ibfk_1` FOREIGN KEY (`ORDID`) REFERENCES `ord` (`ORDID`))
mysql>
mysql> INSERT INTO ITEM ( QTY , PRODID , ORDID , ITEMTOT , ITEMID , ACTUALPRICE)
    ->  VALUES ('2', '100871', '608', '11.2', '2', '5.6');
ERROR 1452 (23000): Cannot add or update a child row: a foreign key constraint fails (`mysql`.`item`, CONSTRAINT `item_ibfk_1` FOREIGN KEY (`ORDID`) REFERENCES `ord` (`ORDID`))
mysql>
mysql> INSERT INTO ITEM ( QTY , PRODID , ORDID , ITEMTOT , ITEMID , ACTUALPRICE)
    ->  VALUES ('1', '100861', '609', '35', '1', '35');
ERROR 1452 (23000): Cannot add or update a child row: a foreign key constraint fails (`mysql`.`item`, CONSTRAINT `item_ibfk_1` FOREIGN KEY (`ORDID`) REFERENCES `ord` (`ORDID`))
mysql>
mysql> INSERT INTO ITEM ( QTY , PRODID , ORDID , ITEMTOT , ITEMID , ACTUALPRICE)
    ->  VALUES ('1', '102130', '606', '3.4', '1', '3.4');
ERROR 1452 (23000): Cannot add or update a child row: a foreign key constraint fails (`mysql`.`item`, CONSTRAINT `item_ibfk_1` FOREIGN KEY (`ORDID`) REFERENCES `ord` (`ORDID`))
mysql>
mysql> INSERT INTO ITEM ( QTY , PRODID , ORDID , ITEMTOT , ITEMID , ACTUALPRICE)
    ->  VALUES ('100', '100861', '605', '4500', '1', '45');
ERROR 1452 (23000): Cannot add or update a child row: a foreign key constraint fails (`mysql`.`item`, CONSTRAINT `item_ibfk_1` FOREIGN KEY (`ORDID`) REFERENCES `ord` (`ORDID`))
mysql>
mysql> INSERT INTO ITEM ( QTY , PRODID , ORDID , ITEMTOT , ITEMID , ACTUALPRICE)
    ->  VALUES ('500', '100870', '605', '1400', '2', '2.8');
ERROR 1452 (23000): Cannot add or update a child row: a foreign key constraint fails (`mysql`.`item`, CONSTRAINT `item_ibfk_1` FOREIGN KEY (`ORDID`) REFERENCES `ord` (`ORDID`))
mysql>
mysql> INSERT INTO ITEM ( QTY , PRODID , ORDID , ITEMTOT , ITEMID , ACTUALPRICE)
    ->  VALUES ('5', '100890', '605', '290', '3', '58');
ERROR 1452 (23000): Cannot add or update a child row: a foreign key constraint fails (`mysql`.`item`, CONSTRAINT `item_ibfk_1` FOREIGN KEY (`ORDID`) REFERENCES `ord` (`ORDID`))
mysql>
mysql> INSERT INTO ITEM ( QTY , PRODID , ORDID , ITEMTOT , ITEMID , ACTUALPRICE)
    ->  VALUES ('50', '101860', '605', '1200', '4', '24');
ERROR 1452 (23000): Cannot add or update a child row: a foreign key constraint fails (`mysql`.`item`, CONSTRAINT `item_ibfk_1` FOREIGN KEY (`ORDID`) REFERENCES `ord` (`ORDID`))
mysql>
mysql> INSERT INTO ITEM ( QTY , PRODID , ORDID , ITEMTOT , ITEMID , ACTUALPRICE)
    ->  VALUES ('100', '101863', '605', '900', '5', '9');
ERROR 1452 (23000): Cannot add or update a child row: a foreign key constraint fails (`mysql`.`item`, CONSTRAINT `item_ibfk_1` FOREIGN KEY (`ORDID`) REFERENCES `ord` (`ORDID`))
mysql>
mysql> INSERT INTO ITEM ( QTY , PRODID , ORDID , ITEMTOT , ITEMID , ACTUALPRICE)
    ->  VALUES ('10', '102130', '605', '34', '6', '3.4');
ERROR 1452 (23000): Cannot add or update a child row: a foreign key constraint fails (`mysql`.`item`, CONSTRAINT `item_ibfk_1` FOREIGN KEY (`ORDID`) REFERENCES `ord` (`ORDID`))
mysql>
mysql> INSERT INTO ITEM ( QTY , PRODID , ORDID , ITEMTOT , ITEMID , ACTUALPRICE)
    ->  VALUES ('100', '100871', '612', '550', '4', '5.5');
ERROR 1452 (23000): Cannot add or update a child row: a foreign key constraint fails (`mysql`.`item`, CONSTRAINT `item_ibfk_1` FOREIGN KEY (`ORDID`) REFERENCES `ord` (`ORDID`))
mysql>
mysql> INSERT INTO ITEM ( QTY , PRODID , ORDID , ITEMTOT , ITEMID , ACTUALPRICE)
    ->  VALUES ('50', '100871', '619', '280', '4', '5.6');
ERROR 1452 (23000): Cannot add or update a child row: a foreign key constraint fails (`mysql`.`item`, CONSTRAINT `item_ibfk_1` FOREIGN KEY (`ORDID`) REFERENCES `ord` (`ORDID`))
mysql>
mysql>
mysql>
mysql>
mysql>
mysql>
mysql>
mysql>
mysql>
mysql>
mysql>
mysql>
mysql>
mysql>
mysql>
mysql>
mysql>
mysql>
mysql> INSERT INTO ITEM (QTY, PRODID, ORDID, ITEMTOT, ITEMID, ACTUALPRICE)
    ->  VALUES ('1', '100890', '610',null, '3', '58');
ERROR 1452 (23000): Cannot add or update a child row: a foreign key constraint fails (`mysql`.`item`, CONSTRAINT `item_ibfk_1` FOREIGN KEY (`ORDID`) REFERENCES `ord` (`ORDID`))
mysql> INSERT INTO ITEM (QTY, PRODID, ORDID, ITEMTOT, ITEMID, ACTUALPRICE)
    ->  VALUES (null, '100890', '610', '58', '3', '58');
ERROR 1452 (23000): Cannot add or update a child row: a foreign key constraint fails (`mysql`.`item`, CONSTRAINT `item_ibfk_1` FOREIGN KEY (`ORDID`) REFERENCES `ord` (`ORDID`))
mysql> INSERT INTO ORD (TOTAL, SHIPDATE, ORDID, ORDERDATE, CUSTID, COMMPLAN)
    ->  VALUES ('101.4', '1987-01-08', '610', '1987-01-08', '101', 'A');
Query OK, 1 row affected (0.00 sec)

mysql> INSERT INTO ORD (TOTAL, SHIPDATE, ORDID, ORDERDATE, CUSTID, COMMPLAN)
    ->  VALUES ('45', '1987-01-11', '611', '1987-01-11', '102', 'B');
Query OK, 1 row affected (0.00 sec)

mysql>
mysql> INSERT INTO ORD (TOTAL, SHIPDATE, ORDID, ORDERDATE, CUSTID, COMMPLAN)
    ->  VALUES ('5860', '1987-01-20', '612', '1987-01-15', '104', 'C');
Query OK, 1 row affected (0.00 sec)

mysql>
mysql> INSERT INTO ORD (TOTAL, SHIPDATE, ORDID, ORDERDATE, CUSTID, COMMPLAN)
    ->  VALUES ('2.4', '1986-05-20', '601', '1986-05-01', '106', 'A');
Query OK, 1 row affected (0.00 sec)

mysql>
mysql> INSERT INTO ORD (TOTAL, SHIPDATE, ORDID, ORDERDATE, CUSTID, COMMPLAN)
    ->  VALUES ('56', '1986-06-20', '602', '1986-06-05', '102', 'B');
Query OK, 1 row affected (0.00 sec)

mysql>
mysql> INSERT INTO ORD (TOTAL, SHIPDATE, ORDID, ORDERDATE, CUSTID, COMMPLAN)
    ->  VALUES ('698', '1986-06-30', '604', '1986-06-15', '106', 'A');
Query OK, 1 row affected (0.00 sec)

mysql>
mysql> INSERT INTO ORD (TOTAL, SHIPDATE, ORDID, ORDERDATE, CUSTID, COMMPLAN)
    ->  VALUES ('8324', '1986-07-30', '605', '1986-07-14', '106', 'A');
Query OK, 1 row affected (0.00 sec)

mysql>
mysql> INSERT INTO ORD (TOTAL, SHIPDATE, ORDID, ORDERDATE, CUSTID, COMMPLAN)
    ->  VALUES ('3.4', '1986-07-30', '606', '1986-07-19', '100', 'A');
Query OK, 1 row affected (0.00 sec)

mysql>
mysql> INSERT INTO ORD (TOTAL, SHIPDATE, ORDID, ORDERDATE, CUSTID, COMMPLAN)
    ->  VALUES ('97.5', '1986-08-15', '609', '1986-08-01', '100', 'B');
Query OK, 1 row affected (0.00 sec)

mysql>
mysql> INSERT INTO ORD (TOTAL, SHIPDATE, ORDID, ORDERDATE, CUSTID, COMMPLAN)
    ->  VALUES ('5.6', '1986-07-18', '607', '1986-07-18', '104', 'C');
Query OK, 1 row affected (0.00 sec)

mysql>
mysql> INSERT INTO ORD (TOTAL, SHIPDATE, ORDID, ORDERDATE, CUSTID, COMMPLAN)
    ->  VALUES ('35.2', '1986-07-25', '608', '1986-07-25', '104', 'C');
Query OK, 1 row affected (0.00 sec)

mysql>
mysql> INSERT INTO ORD (TOTAL, SHIPDATE, ORDID, ORDERDATE, CUSTID, COMMPLAN)
    ->  VALUES ('224', '1986-06-05', '603', '1986-06-05', '102', null);
Query OK, 1 row affected (0.00 sec)

mysql>
mysql> INSERT INTO ORD (TOTAL, SHIPDATE, ORDID, ORDERDATE, CUSTID, COMMPLAN)
    ->  VALUES ('4450', '1987-03-12', '620', '1987-03-12', '100', null);
Query OK, 1 row affected (0.00 sec)

mysql>
mysql> INSERT INTO ORD (TOTAL, SHIPDATE, ORDID, ORDERDATE, CUSTID, COMMPLAN)
    ->  VALUES ('6400', '1987-02-01', '613', '1987-02-01', '108', null);
Query OK, 1 row affected (0.00 sec)

mysql>
mysql> INSERT INTO ORD (TOTAL, SHIPDATE, ORDID, ORDERDATE, CUSTID, COMMPLAN)
    ->  VALUES ('23940', '1987-02-05', '614', '01-02-87', '102', null);
ERROR 1292 (22007): Incorrect date value: '01-02-87' for column 'ORDERDATE' at row 1
mysql>
mysql> INSERT INTO ORD (TOTAL, SHIPDATE, ORDID, ORDERDATE, CUSTID, COMMPLAN)
    ->  VALUES ('764', '1987-02-10', '616', '1987-02-03', '103', null);
Query OK, 1 row affected (0.00 sec)

mysql>
mysql> INSERT INTO ORD (TOTAL, SHIPDATE, ORDID, ORDERDATE, CUSTID, COMMPLAN)
    ->  VALUES ('1260', '1987-02-04', '619', '1987-02-22', '104', null);
Query OK, 1 row affected (0.00 sec)

mysql>
mysql> INSERT INTO ORD (TOTAL, SHIPDATE, ORDID, ORDERDATE, CUSTID, COMMPLAN)
    ->  VALUES ('46370', '1987-03-03', '617', '1987-02-05', '105', null);
Query OK, 1 row affected (0.00 sec)

mysql>
mysql> INSERT INTO ORD (TOTAL, SHIPDATE, ORDID, ORDERDATE, CUSTID, COMMPLAN)
    ->  VALUES ('710', '1987-02-06', '615', '1987-02-01', '107', null);
Query OK, 1 row affected (0.00 sec)

mysql>
mysql> INSERT INTO ORD (TOTAL, SHIPDATE, ORDID, ORDERDATE, CUSTID, COMMPLAN)
    ->  VALUES ('3510.5', '1987-03-06', '618', '1987-02-15', '102', 'A');
Query OK, 1 row affected (0.00 sec)

mysql>
mysql> INSERT INTO ORD (TOTAL, SHIPDATE, ORDID, ORDERDATE, CUSTID, COMMPLAN)
    ->  VALUES ('730', '1987-01-01', '621', '1987-02-15', '100', 'A');
Query OK, 1 row affected (0.02 sec)

mysql>  INSERT INTO PRICE (STDPRICE, STARTDATE, PRODID, MINPRICE, ENDDATE)
    ->  VALUES ('4.8', '1985-01-01', '100871', '3.2', '1985-12-01');
Query OK, 1 row affected (0.01 sec)

mysql>
mysql> INSERT INTO PRICE (STDPRICE, STARTDATE, PRODID, MINPRICE, ENDDATE)
    ->  VALUES ('58', '1985-01-01', '100890', '46.4', null);
Query OK, 1 row affected (0.00 sec)

mysql>
mysql> INSERT INTO PRICE (STDPRICE, STARTDATE, PRODID, MINPRICE, ENDDATE)
    ->  VALUES ('54', '1984-JUN-01', '100890', '40.5', '1984-05-31');
ERROR 1292 (22007): Incorrect date value: '1984-JUN-01' for column 'STARTDATE' at row 1
mysql>
mysql> INSERT INTO PRICE (STDPRICE, STARTDATE, PRODID, MINPRICE, ENDDATE)
    ->  VALUES ('35', '1986-06-01', '100860', '28', null);
Query OK, 1 row affected (0.00 sec)

mysql>
mysql> INSERT INTO PRICE (STDPRICE, STARTDATE, PRODID, MINPRICE, ENDDATE)
    ->  VALUES ('32', '1986-01-01', '100860', '25.6', '1986-05-31');
Query OK, 1 row affected (0.00 sec)

mysql>
mysql> INSERT INTO PRICE (STDPRICE, STARTDATE, PRODID, MINPRICE, ENDDATE)
    ->  VALUES ('30', '1985-01-01', '100860', '24', '1985-12-31');
Query OK, 1 row affected (0.00 sec)

mysql>
mysql> INSERT INTO PRICE (STDPRICE, STARTDATE, PRODID, MINPRICE, ENDDATE)
    ->  VALUES ('45', '1986-06-01', '100861', '36', null);
Query OK, 1 row affected (0.00 sec)

mysql>
mysql> INSERT INTO PRICE (STDPRICE, STARTDATE, PRODID, MINPRICE, ENDDATE)
    ->  VALUES ('42', '1986-01-01', '100861', '33.6', '1986-05-31');
Query OK, 1 row affected (0.00 sec)

mysql>
mysql> INSERT INTO PRICE (STDPRICE, STARTDATE, PRODID, MINPRICE, ENDDATE)
    ->  VALUES ('39', '1985-01-01', '100861', '31.2', '1985-12-31');
Query OK, 1 row affected (0.00 sec)

mysql>
mysql> INSERT INTO PRICE (STDPRICE, STARTDATE, PRODID, MINPRICE, ENDDATE)
    ->  VALUES ('2.8', '1986-01-01', '100870', '2.4', null);
Query OK, 1 row affected (0.01 sec)

mysql>
mysql> INSERT INTO PRICE (STDPRICE, STARTDATE, PRODID, MINPRICE, ENDDATE)
    ->  VALUES ('2.4', '1985-01-01', '100870', '1.9', '1985-12-01');
Query OK, 1 row affected (0.03 sec)

mysql>
mysql> INSERT INTO PRICE (STDPRICE, STARTDATE, PRODID, MINPRICE, ENDDATE)
    ->  VALUES ('5.6', '1986-01-01', '100871', '4.8', null);
Query OK, 1 row affected (0.00 sec)

mysql>
mysql> INSERT INTO PRICE (STDPRICE, STARTDATE, PRODID, MINPRICE, ENDDATE)
    ->  VALUES ('24', '1985-02-15', '101860', '18', null);
Query OK, 1 row affected (0.01 sec)

mysql>
mysql> INSERT INTO PRICE (STDPRICE, STARTDATE, PRODID, MINPRICE, ENDDATE)
    ->  VALUES ('12.5', '1985-02-15', '101863', '9.4', null);
Query OK, 1 row affected (0.00 sec)

mysql>
mysql> INSERT INTO PRICE (STDPRICE, STARTDATE, PRODID, MINPRICE, ENDDATE)
    ->  VALUES ('3.4', '1985-08-18', '102130', '2.8', null);
Query OK, 1 row affected (0.00 sec)

mysql>
mysql> INSERT INTO PRICE (STDPRICE, STARTDATE, PRODID, MINPRICE, ENDDATE)
    ->  VALUES ('2.4', '1986-11-15', '200376', '1.75', null);
Query OK, 1 row affected (0.00 sec)

mysql>
mysql> INSERT INTO PRICE (STDPRICE, STARTDATE, PRODID, MINPRICE, ENDDATE)
    ->  VALUES ('4', '1986-11-15', '200380', '3.2', null);
Query OK, 1 row affected (0.00 sec)

mysql> INSERT INTO ITEM (QTY, PRODID, ORDID, ITEMTOT, ITEMID, ACTUALPRICE)
    ->  VALUES ('1', '100890', '610', '58', '3', '58');
Query OK, 1 row affected (0.00 sec)

mysql>
mysql> INSERT INTO ITEM ( QTY , PRODID , ORDID , ITEMTOT , ITEMID , ACTUALPRICE)
    ->  VALUES ( '1', '100861', '611', '45', '1', '45');
Query OK, 1 row affected (0.00 sec)

mysql>
mysql> INSERT INTO ITEM ( QTY , PRODID , ORDID , ITEMTOT , ITEMID , ACTUALPRICE)
    ->  VALUES ( '100', '100860', '612', '3000', '1', '30');
Query OK, 1 row affected (0.00 sec)

mysql>
mysql> INSERT INTO ITEM ( QTY , PRODID , ORDID , ITEMTOT , ITEMID , ACTUALPRICE)
    ->  VALUES ( '1', '200376', '601', '2.4', '1', '2.4');
Query OK, 1 row affected (0.00 sec)

mysql>
mysql> INSERT INTO ITEM ( QTY , PRODID , ORDID , ITEMTOT , ITEMID , ACTUALPRICE)
    ->  VALUES ( '20', '100870', '602', '56', '1', '2.8');
Query OK, 1 row affected (0.00 sec)

mysql>
mysql> INSERT INTO ITEM ( QTY , PRODID , ORDID , ITEMTOT , ITEMID , ACTUALPRICE)
    ->  VALUES ( '3', '100890', '604', '174', '1', '58');
Query OK, 1 row affected (0.00 sec)

mysql>
mysql> INSERT INTO ITEM ( QTY , PRODID , ORDID , ITEMTOT , ITEMID , ACTUALPRICE)
    ->  VALUES ( '2', '100861', '604', '84', '2', '42');
ERROR 1062 (23000): Duplicate entry '604' for key 'item.PRIMARY'
mysql>
mysql> INSERT INTO ITEM ( QTY , PRODID , ORDID , ITEMTOT , ITEMID , ACTUALPRICE)
    ->  VALUES ( '10', '100860', '604', '440', '3', '44');
ERROR 1062 (23000): Duplicate entry '604' for key 'item.PRIMARY'
mysql>
mysql> INSERT INTO ITEM ( QTY , PRODID , ORDID , ITEMTOT , ITEMID , ACTUALPRICE)
    ->  VALUES ( '4', '100860', '603', '224', '2', '56');
Query OK, 1 row affected (0.00 sec)

mysql>
mysql> INSERT INTO ITEM ( QTY , PRODID , ORDID , ITEMTOT , ITEMID , ACTUALPRICE)
    ->  VALUES ( '1', '100860', '610', '35', '1', '35');
ERROR 1062 (23000): Duplicate entry '610' for key 'item.PRIMARY'
mysql>
mysql> INSERT INTO ITEM ( QTY , PRODID , ORDID , ITEMTOT , ITEMID , ACTUALPRICE)
    ->  VALUES ( '3', '100870', '610', '8.4', '2', '2.8');
ERROR 1062 (23000): Duplicate entry '610' for key 'item.PRIMARY'
mysql>
mysql> INSERT INTO ITEM ( QTY , PRODID , ORDID , ITEMTOT , ITEMID , ACTUALPRICE)
    ->  VALUES ( '200', '200376', '613', '440', '4', '2.2');
Query OK, 1 row affected (0.00 sec)

mysql>
mysql> INSERT INTO ITEM ( QTY , PRODID , ORDID , ITEMTOT , ITEMID , ACTUALPRICE)
    ->  VALUES ( '444', '100860', '614', '15540', '1', '35');
ERROR 1452 (23000): Cannot add or update a child row: a foreign key constraint fails (`mysql`.`item`, CONSTRAINT `item_ibfk_1` FOREIGN KEY (`ORDID`) REFERENCES `ord` (`ORDID`))
mysql>
mysql> INSERT INTO ITEM ( QTY , PRODID , ORDID , ITEMTOT , ITEMID , ACTUALPRICE)
    ->  VALUES ( '1000', '100870', '614', '2800', '2', '2.8');
ERROR 1452 (23000): Cannot add or update a child row: a foreign key constraint fails (`mysql`.`item`, CONSTRAINT `item_ibfk_1` FOREIGN KEY (`ORDID`) REFERENCES `ord` (`ORDID`))
mysql>
mysql> INSERT INTO ITEM ( QTY , PRODID , ORDID , ITEMTOT , ITEMID , ACTUALPRICE)
    ->  VALUES ( '20', '100861', '612', '810', '2', '40.5');
ERROR 1062 (23000): Duplicate entry '612' for key 'item.PRIMARY'
mysql>
mysql> INSERT INTO ITEM ( QTY , PRODID , ORDID , ITEMTOT , ITEMID , ACTUALPRICE)
    ->  VALUES ('150', '101863', '612', '1500', '3', '10');
ERROR 1062 (23000): Duplicate entry '612' for key 'item.PRIMARY'
mysql>
mysql> INSERT INTO ITEM ( QTY , PRODID , ORDID , ITEMTOT , ITEMID , ACTUALPRICE)
    ->  VALUES ('10', '100860', '620', '350', '1', '35');
Query OK, 1 row affected (0.00 sec)

mysql>
mysql> INSERT INTO ITEM ( QTY , PRODID , ORDID , ITEMTOT , ITEMID , ACTUALPRICE)
    ->  VALUES ('1000', '200376', '620', '2400', '2', '2.4');
ERROR 1062 (23000): Duplicate entry '620' for key 'item.PRIMARY'
mysql>
mysql> INSERT INTO ITEM ( QTY , PRODID , ORDID , ITEMTOT , ITEMID , ACTUALPRICE)
    ->  VALUES ('500', '102130', '620', '1700', '3', '3.4');
ERROR 1062 (23000): Duplicate entry '620' for key 'item.PRIMARY'
mysql>
mysql> INSERT INTO ITEM ( QTY , PRODID , ORDID , ITEMTOT , ITEMID , ACTUALPRICE)
    ->  VALUES ( '100', '100871', '613', '560', '1', '5.6');
ERROR 1062 (23000): Duplicate entry '613' for key 'item.PRIMARY'
mysql>
mysql> INSERT INTO ITEM ( QTY , PRODID , ORDID , ITEMTOT , ITEMID , ACTUALPRICE)
    ->  VALUES ('200', '101860', '613', '4800', '2', '24');
ERROR 1062 (23000): Duplicate entry '613' for key 'item.PRIMARY'
mysql>
mysql> INSERT INTO ITEM ( QTY , PRODID , ORDID , ITEMTOT , ITEMID , ACTUALPRICE)
    ->  VALUES ('150', '200380', '613', '600', '3', '4');
ERROR 1062 (23000): Duplicate entry '613' for key 'item.PRIMARY'
mysql>
mysql> INSERT INTO ITEM ( QTY , PRODID , ORDID , ITEMTOT , ITEMID , ACTUALPRICE)
    ->  VALUES ('100', '102130', '619', '340', '3', '3.4');
Query OK, 1 row affected (0.00 sec)

mysql>
mysql> INSERT INTO ITEM ( QTY , PRODID , ORDID , ITEMTOT , ITEMID , ACTUALPRICE)
    ->  VALUES ('50', '100860', '617', '1750', '1', '35');
Query OK, 1 row affected (0.00 sec)

mysql>
mysql> INSERT INTO ITEM ( QTY , PRODID , ORDID , ITEMTOT , ITEMID , ACTUALPRICE)
    ->  VALUES ('100', '100861', '617', '4500', '2', '45');
ERROR 1062 (23000): Duplicate entry '617' for key 'item.PRIMARY'
mysql>
mysql> INSERT INTO ITEM ( QTY , PRODID , ORDID , ITEMTOT , ITEMID , ACTUALPRICE)
    ->  VALUES ('1000', '100871', '614', '5600', '3', '5.6');
ERROR 1452 (23000): Cannot add or update a child row: a foreign key constraint fails (`mysql`.`item`, CONSTRAINT `item_ibfk_1` FOREIGN KEY (`ORDID`) REFERENCES `ord` (`ORDID`))
mysql>
mysql> INSERT INTO ITEM ( QTY , PRODID , ORDID , ITEMTOT , ITEMID , ACTUALPRICE)
    ->  VALUES ('10', '100861', '616', '450', '1', '45');
Query OK, 1 row affected (0.00 sec)

mysql>
mysql> INSERT INTO ITEM ( QTY , PRODID , ORDID , ITEMTOT , ITEMID , ACTUALPRICE)
    ->  VALUES ('50', '100870', '616', '140', '2', '2.8');
ERROR 1062 (23000): Duplicate entry '616' for key 'item.PRIMARY'
mysql>
mysql> INSERT INTO ITEM ( QTY , PRODID , ORDID , ITEMTOT , ITEMID , ACTUALPRICE)
    ->  VALUES ('2', '100890', '616', '116', '3', '58');
ERROR 1062 (23000): Duplicate entry '616' for key 'item.PRIMARY'
mysql>
mysql> INSERT INTO ITEM ( QTY , PRODID , ORDID , ITEMTOT , ITEMID , ACTUALPRICE)
    ->  VALUES ('10', '102130', '616', '34', '4', '3.4');
ERROR 1062 (23000): Duplicate entry '616' for key 'item.PRIMARY'
mysql>
mysql> INSERT INTO ITEM ( QTY , PRODID , ORDID , ITEMTOT , ITEMID , ACTUALPRICE)
    ->  VALUES ('10', '200376' , '616', '24', '5', '2.4');
ERROR 1062 (23000): Duplicate entry '616' for key 'item.PRIMARY'
mysql>
mysql> INSERT INTO ITEM ( QTY , PRODID , ORDID , ITEMTOT , ITEMID , ACTUALPRICE)
    ->  VALUES ('100', '200380', '619', '400', '1', '4');
ERROR 1062 (23000): Duplicate entry '619' for key 'item.PRIMARY'
mysql>
mysql> INSERT INTO ITEM ( QTY , PRODID , ORDID , ITEMTOT , ITEMID , ACTUALPRICE)
    ->  VALUES ('100', '200376', '619', '240', '2', '2.4');
ERROR 1062 (23000): Duplicate entry '619' for key 'item.PRIMARY'
mysql>
mysql> INSERT INTO ITEM ( QTY , PRODID , ORDID , ITEMTOT , ITEMID , ACTUALPRICE)
    ->  VALUES ('4', '100861', '615', '180', '1', '45');
Query OK, 1 row affected (0.00 sec)

mysql>
mysql> INSERT INTO ITEM ( QTY , PRODID , ORDID , ITEMTOT , ITEMID , ACTUALPRICE)
    ->  VALUES ('1', '100871', '607', '5.6', '1', '5.6');
Query OK, 1 row affected (0.00 sec)

mysql>
mysql> INSERT INTO ITEM ( QTY , PRODID , ORDID , ITEMTOT , ITEMID , ACTUALPRICE)
    ->  VALUES ('100', '100870', '615', '280', '2', '2.8');
ERROR 1062 (23000): Duplicate entry '615' for key 'item.PRIMARY'
mysql>
mysql> INSERT INTO ITEM ( QTY , PRODID , ORDID , ITEMTOT , ITEMID , ACTUALPRICE)
    ->  VALUES ('500', '100870', '617', '1400', '3', '2.8');
ERROR 1062 (23000): Duplicate entry '617' for key 'item.PRIMARY'
mysql>
mysql> INSERT INTO ITEM ( QTY , PRODID , ORDID , ITEMTOT , ITEMID , ACTUALPRICE)
    ->  VALUES ('500', '100871', '617', '2800', '4', '5.6');
ERROR 1062 (23000): Duplicate entry '617' for key 'item.PRIMARY'
mysql>
mysql> INSERT INTO ITEM ( QTY , PRODID , ORDID , ITEMTOT , ITEMID , ACTUALPRICE)
    ->  VALUES ('500', '100890', '617', '29000', '5', '58');
ERROR 1062 (23000): Duplicate entry '617' for key 'item.PRIMARY'
mysql>
mysql> INSERT INTO ITEM ( QTY , PRODID , ORDID , ITEMTOT , ITEMID , ACTUALPRICE)
    ->  VALUES ('100', '101860', '617', '2400', '6', '24');
ERROR 1062 (23000): Duplicate entry '617' for key 'item.PRIMARY'
mysql>
mysql> INSERT INTO ITEM ( QTY , PRODID , ORDID , ITEMTOT , ITEMID , ACTUALPRICE)
    ->  VALUES ('200', '101863', '617', '2500', '7', '12.5');
ERROR 1062 (23000): Duplicate entry '617' for key 'item.PRIMARY'
mysql>
mysql> INSERT INTO ITEM ( QTY , PRODID , ORDID , ITEMTOT , ITEMID , ACTUALPRICE)
    ->  VALUES ('100', '102130', '617', '340', '8', '3.4');
ERROR 1062 (23000): Duplicate entry '617' for key 'item.PRIMARY'
mysql>
mysql> INSERT INTO ITEM ( QTY , PRODID , ORDID , ITEMTOT , ITEMID , ACTUALPRICE)
    ->  VALUES ('200', '200376', '617', '480', '9', '2.4');
ERROR 1062 (23000): Duplicate entry '617' for key 'item.PRIMARY'
mysql>
mysql> INSERT INTO ITEM ( QTY , PRODID , ORDID , ITEMTOT , ITEMID , ACTUALPRICE)
    ->  VALUES ('300', '200380', '617', '1200', '10', '4');
ERROR 1062 (23000): Duplicate entry '617' for key 'item.PRIMARY'
mysql>
mysql> INSERT INTO ITEM ( QTY , PRODID , ORDID , ITEMTOT , ITEMID , ACTUALPRICE)
    ->  VALUES ('5', '100870', '609', '12.5', '2', '2.5');
Query OK, 1 row affected (0.00 sec)

mysql>
mysql> INSERT INTO ITEM ( QTY , PRODID , ORDID , ITEMTOT , ITEMID , ACTUALPRICE)
    ->  VALUES ('1', '100890', '609', '50', '3', '50');
ERROR 1062 (23000): Duplicate entry '609' for key 'item.PRIMARY'
mysql>
mysql> INSERT INTO ITEM ( QTY , PRODID , ORDID , ITEMTOT , ITEMID , ACTUALPRICE)
    ->  VALUES ('23', '100860', '618', '805', '1', '35');
Query OK, 1 row affected (0.00 sec)

mysql>
mysql> INSERT INTO ITEM ( QTY , PRODID , ORDID , ITEMTOT , ITEMID , ACTUALPRICE)
    ->  VALUES ('50', '100861', '618', '2255.5', '2', '45.11');
ERROR 1062 (23000): Duplicate entry '618' for key 'item.PRIMARY'
mysql>
mysql> INSERT INTO ITEM ( QTY , PRODID , ORDID , ITEMTOT , ITEMID , ACTUALPRICE)
    ->  VALUES ('10', '100870', '618', '450', '3', '45');
ERROR 1062 (23000): Duplicate entry '618' for key 'item.PRIMARY'
mysql>
mysql> INSERT INTO ITEM ( QTY , PRODID , ORDID , ITEMTOT , ITEMID , ACTUALPRICE)
    ->  VALUES ('10', '100861', '621', '450', '1', '45');
Query OK, 1 row affected (0.01 sec)

mysql>
mysql> INSERT INTO ITEM ( QTY , PRODID , ORDID , ITEMTOT , ITEMID , ACTUALPRICE)
    ->  VALUES ('100', '100870', '621', '280', '2', '2.8');
ERROR 1062 (23000): Duplicate entry '621' for key 'item.PRIMARY'
mysql>
mysql> INSERT INTO ITEM ( QTY , PRODID , ORDID , ITEMTOT , ITEMID , ACTUALPRICE)
    ->  VALUES ('50', '100871', '615', '250', '3', '5');
ERROR 1062 (23000): Duplicate entry '615' for key 'item.PRIMARY'
mysql>
mysql> INSERT INTO ITEM ( QTY , PRODID , ORDID , ITEMTOT , ITEMID , ACTUALPRICE)
    ->  VALUES ('1', '101860', '608', '24', '1', '24');
Query OK, 1 row affected (0.01 sec)

mysql>
mysql> INSERT INTO ITEM ( QTY , PRODID , ORDID , ITEMTOT , ITEMID , ACTUALPRICE)
    ->  VALUES ('2', '100871', '608', '11.2', '2', '5.6');
ERROR 1062 (23000): Duplicate entry '608' for key 'item.PRIMARY'
mysql>
mysql> INSERT INTO ITEM ( QTY , PRODID , ORDID , ITEMTOT , ITEMID , ACTUALPRICE)
    ->  VALUES ('1', '100861', '609', '35', '1', '35');
ERROR 1062 (23000): Duplicate entry '609' for key 'item.PRIMARY'
mysql>
mysql> INSERT INTO ITEM ( QTY , PRODID , ORDID , ITEMTOT , ITEMID , ACTUALPRICE)
    ->  VALUES ('1', '102130', '606', '3.4', '1', '3.4');
Query OK, 1 row affected (0.00 sec)

mysql>
mysql> INSERT INTO ITEM ( QTY , PRODID , ORDID , ITEMTOT , ITEMID , ACTUALPRICE)
    ->  VALUES ('100', '100861', '605', '4500', '1', '45');
Query OK, 1 row affected (0.00 sec)

mysql>
mysql> INSERT INTO ITEM ( QTY , PRODID , ORDID , ITEMTOT , ITEMID , ACTUALPRICE)
    ->  VALUES ('500', '100870', '605', '1400', '2', '2.8');
ERROR 1062 (23000): Duplicate entry '605' for key 'item.PRIMARY'
mysql>
mysql> INSERT INTO ITEM ( QTY , PRODID , ORDID , ITEMTOT , ITEMID , ACTUALPRICE)
    ->  VALUES ('5', '100890', '605', '290', '3', '58');
ERROR 1062 (23000): Duplicate entry '605' for key 'item.PRIMARY'
mysql>
mysql> INSERT INTO ITEM ( QTY , PRODID , ORDID , ITEMTOT , ITEMID , ACTUALPRICE)
    ->  VALUES ('50', '101860', '605', '1200', '4', '24');
ERROR 1062 (23000): Duplicate entry '605' for key 'item.PRIMARY'
mysql>
mysql> INSERT INTO ITEM ( QTY , PRODID , ORDID , ITEMTOT , ITEMID , ACTUALPRICE)
    ->  VALUES ('100', '101863', '605', '900', '5', '9');
ERROR 1062 (23000): Duplicate entry '605' for key 'item.PRIMARY'
mysql>
mysql> INSERT INTO ITEM ( QTY , PRODID , ORDID , ITEMTOT , ITEMID , ACTUALPRICE)
    ->  VALUES ('10', '102130', '605', '34', '6', '3.4');
ERROR 1062 (23000): Duplicate entry '605' for key 'item.PRIMARY'
mysql>
mysql> INSERT INTO ITEM ( QTY , PRODID , ORDID , ITEMTOT , ITEMID , ACTUALPRICE)
    ->  VALUES ('100', '100871', '612', '550', '4', '5.5');
ERROR 1062 (23000): Duplicate entry '612' for key 'item.PRIMARY'
mysql>
mysql> INSERT INTO ITEM ( QTY , PRODID , ORDID , ITEMTOT , ITEMID , ACTUALPRICE)
    ->  VALUES ('50', '100871', '619', '280', '4', '5.6');
ERROR 1062 (23000): Duplicate entry '619' for key 'item.PRIMARY'
mysql> INSERT INTO PRODUCT (PRODID, DESCRIP)
    ->  VALUES ('100860', 'ACE TENNIS RACKET I');
Query OK, 1 row affected (0.00 sec)

mysql>
mysql> INSERT INTO PRODUCT (PRODID, DESCRIP)
    ->  VALUES ('100861', 'ACE TENNIS RACKET II');
Query OK, 1 row affected (0.00 sec)

mysql>
mysql> INSERT INTO PRODUCT (PRODID, DESCRIP)
    ->  VALUES ('100870', 'ACE TENNIS BALLS-3 PACK');
Query OK, 1 row affected (0.00 sec)

mysql>
mysql> INSERT INTO PRODUCT (PRODID, DESCRIP)
    ->  VALUES ('100871', 'ACE TENNIS BALLS-6 PACK');
Query OK, 1 row affected (0.00 sec)

mysql>
mysql> INSERT INTO PRODUCT (PRODID, DESCRIP)
    ->  VALUES ('100890', 'ACE TENNIS NET');
Query OK, 1 row affected (0.00 sec)

mysql>
mysql> INSERT INTO PRODUCT (PRODID, DESCRIP)
    ->  VALUES ('101860', 'SP TENNIS RACKET');
Query OK, 1 row affected (0.00 sec)

mysql>
mysql> INSERT INTO PRODUCT (PRODID, DESCRIP)
    ->  VALUES ('101863', 'SP JUNIOR RACKET');
Query OK, 1 row affected (0.00 sec)

mysql>
mysql> INSERT INTO PRODUCT (PRODID, DESCRIP)
    ->  VALUES ('102130', 'RH: "GUIDE TO TENNIS"');
Query OK, 1 row affected (0.00 sec)

mysql>
mysql> INSERT INTO PRODUCT (PRODID, DESCRIP)
    ->  VALUES ('200376', 'SB ENERGY BAR-6 PACK');
Query OK, 1 row affected (0.00 sec)

mysql>
mysql> INSERT INTO PRODUCT (PRODID, DESCRIP)
    ->  VALUES ('200380', 'SB VITA SNACK-6 PACK');
Query OK, 1 row affected (0.00 sec)

mysql> select * from bonus;
Empty set (0.00 sec)

mysql> select * from salgrade;
+-------+-------+-------+
| GRADE | LOSAL | HISAL |
+-------+-------+-------+
|     1 |   700 |  1200 |
|     2 |  1201 |  1400 |
|     3 |  1401 |  2000 |
|     4 |  2001 |  3000 |
|     5 |  3001 |  9999 |
+-------+-------+-------+
5 rows in set (0.00 sec)

mysql> select * from dummy;
+-------+
| DUMMY |
+-------+
|     0 |
+-------+
1 row in set (0.00 sec)

mysql> select * from item;
+-------+--------+--------+-------------+------+---------+
| ORDID | ITEMID | PRODID | ACTUALPRICE | QTY  | ITEMTOT |
+-------+--------+--------+-------------+------+---------+
|   601 |      1 | 200376 |           2 |    1 |       2 |
|   602 |      1 | 100870 |           3 |   20 |      56 |
|   603 |      2 | 100860 |          56 |    4 |     224 |
|   604 |      1 | 100890 |          58 |    3 |     174 |
|   605 |      1 | 100861 |          45 |  100 |    4500 |
|   606 |      1 | 102130 |           3 |    1 |       3 |
|   607 |      1 | 100871 |           6 |    1 |       6 |
|   608 |      1 | 101860 |          24 |    1 |      24 |
|   609 |      2 | 100870 |           3 |    5 |      13 |
|   610 |      3 | 100890 |          58 |    1 |      58 |
|   611 |      1 | 100861 |          45 |    1 |      45 |
|   612 |      1 | 100860 |          30 |  100 |    3000 |
|   613 |      4 | 200376 |           2 |  200 |     440 |
|   615 |      1 | 100861 |          45 |    4 |     180 |
|   616 |      1 | 100861 |          45 |   10 |     450 |
|   617 |      1 | 100860 |          35 |   50 |    1750 |
|   618 |      1 | 100860 |          35 |   23 |     805 |
|   619 |      3 | 102130 |           3 |  100 |     340 |
|   620 |      1 | 100860 |          35 |   10 |     350 |
|   621 |      1 | 100861 |          45 |   10 |     450 |
+-------+--------+--------+-------------+------+---------+
20 rows in set (0.00 sec)

mysql> select * from price;
+--------+----------+----------+------------+------------+
| PRODID | STDPRICE | MINPRICE | STARTDATE  | ENDDATE    |
+--------+----------+----------+------------+------------+
| 100871 |        5 |        3 | 1985-01-01 | 1985-12-01 |
| 100890 |       58 |       46 | 1985-01-01 | NULL       |
| 100860 |       35 |       28 | 1986-06-01 | NULL       |
| 100860 |       32 |       26 | 1986-01-01 | 1986-05-31 |
| 100860 |       30 |       24 | 1985-01-01 | 1985-12-31 |
| 100861 |       45 |       36 | 1986-06-01 | NULL       |
| 100861 |       42 |       34 | 1986-01-01 | 1986-05-31 |
| 100861 |       39 |       31 | 1985-01-01 | 1985-12-31 |
| 100870 |        3 |        2 | 1986-01-01 | NULL       |
| 100870 |        2 |        2 | 1985-01-01 | 1985-12-01 |
| 100871 |        6 |        5 | 1986-01-01 | NULL       |
| 101860 |       24 |       18 | 1985-02-15 | NULL       |
| 101863 |       13 |        9 | 1985-02-15 | NULL       |
| 102130 |        3 |        3 | 1985-08-18 | NULL       |
| 200376 |        2 |        2 | 1986-11-15 | NULL       |
| 200380 |        4 |        3 | 1986-11-15 | NULL       |
+--------+----------+----------+------------+------------+
16 rows in set (0.00 sec)

mysql> select * from product;
+--------+-------------------------+
| PRODID | DESCRIP                 |
+--------+-------------------------+
| 100860 | ACE TENNIS RACKET I     |
| 100861 | ACE TENNIS RACKET II    |
| 100870 | ACE TENNIS BALLS-3 PACK |
| 100871 | ACE TENNIS BALLS-6 PACK |
| 100890 | ACE TENNIS NET          |
| 101860 | SP TENNIS RACKET        |
| 101863 | SP JUNIOR RACKET        |
| 102130 | RH: "GUIDE TO TENNIS"   |
| 200376 | SB ENERGY BAR-6 PACK    |
| 200380 | SB VITA SNACK-6 PACK    |
+--------+-------------------------+
10 rows in set (0.00 sec)

mysql> select * from ord;
+-------+------------+----------+--------+------------+-------+
| ORDID | ORDERDATE  | COMMPLAN | CUSTID | SHIPDATE   | TOTAL |
+-------+------------+----------+--------+------------+-------+
|   601 | 1986-05-01 | A        |    106 | 1986-05-20 |     2 |
|   602 | 1986-06-05 | B        |    102 | 1986-06-20 |    56 |
|   603 | 1986-06-05 | NULL     |    102 | 1986-06-05 |   224 |
|   604 | 1986-06-15 | A        |    106 | 1986-06-30 |   698 |
|   605 | 1986-07-14 | A        |    106 | 1986-07-30 |  8324 |
|   606 | 1986-07-19 | A        |    100 | 1986-07-30 |     3 |
|   607 | 1986-07-18 | C        |    104 | 1986-07-18 |     6 |
|   608 | 1986-07-25 | C        |    104 | 1986-07-25 |    35 |
|   609 | 1986-08-01 | B        |    100 | 1986-08-15 |    98 |
|   610 | 1987-01-08 | A        |    101 | 1987-01-08 |   101 |
|   611 | 1987-01-11 | B        |    102 | 1987-01-11 |    45 |
|   612 | 1987-01-15 | C        |    104 | 1987-01-20 |  5860 |
|   613 | 1987-02-01 | NULL     |    108 | 1987-02-01 |  6400 |
|   615 | 1987-02-01 | NULL     |    107 | 1987-02-06 |   710 |
|   616 | 1987-02-03 | NULL     |    103 | 1987-02-10 |   764 |
|   617 | 1987-02-05 | NULL     |    105 | 1987-03-03 | 46370 |
|   618 | 1987-02-15 | A        |    102 | 1987-03-06 |  3511 |
|   619 | 1987-02-22 | NULL     |    104 | 1987-02-04 |  1260 |
|   620 | 1987-03-12 | NULL     |    100 | 1987-03-12 |  4450 |
|   621 | 1987-02-15 | A        |    100 | 1987-01-01 |   730 |
+-------+------------+----------+--------+------------+-------+
20 rows in set (0.00 sec)

mysql>  select cutid, name, repid from customer;
ERROR 2013 (HY000): Lost connection to MySQL server during query
No connection. Trying to reconnect...
Connection id:    12
Current database: mysql

ERROR 1054 (42S22): Unknown column 'cutid' in 'field list'
mysql> use mysql
Database changed
mysql>  select cutid, name, repid from customer;
ERROR 1054 (42S22): Unknown column 'cutid' in 'field list'
mysql>  select custid, name, repid from customer;
+--------+----------------------------------------------+-------+
| custid | name                                         | repid |
+--------+----------------------------------------------+-------+
|    100 | JOCKSPORTS                                   |  7844 |
|    101 | TKB SPORT SHOP                               |  7521 |
|    102 | VOLLYRITE                                    |  7654 |
|    103 | JUST TENNIS                                  |  7521 |
|    104 | EVERY MOUNTAIN                               |  7499 |
|    105 | K + T SPORTS                                 |  7844 |
|    106 | SHAPE UP                                     |  7521 |
|    107 | WOMENS SPORTS                                |  7499 |
|    108 | NORTH WOODS HEALTH AND FITNESS SUPPLY CENTER |  7844 |
+--------+----------------------------------------------+-------+
9 rows in set (0.00 sec)

mysql> select * from ord;
+-------+------------+----------+--------+------------+-------+
| ORDID | ORDERDATE  | COMMPLAN | CUSTID | SHIPDATE   | TOTAL |
+-------+------------+----------+--------+------------+-------+
|   601 | 1986-05-01 | A        |    106 | 1986-05-20 |     2 |
|   602 | 1986-06-05 | B        |    102 | 1986-06-20 |    56 |
|   603 | 1986-06-05 | NULL     |    102 | 1986-06-05 |   224 |
|   604 | 1986-06-15 | A        |    106 | 1986-06-30 |   698 |
|   605 | 1986-07-14 | A        |    106 | 1986-07-30 |  8324 |
|   606 | 1986-07-19 | A        |    100 | 1986-07-30 |     3 |
|   607 | 1986-07-18 | C        |    104 | 1986-07-18 |     6 |
|   608 | 1986-07-25 | C        |    104 | 1986-07-25 |    35 |
|   609 | 1986-08-01 | B        |    100 | 1986-08-15 |    98 |
|   610 | 1987-01-08 | A        |    101 | 1987-01-08 |   101 |
|   611 | 1987-01-11 | B        |    102 | 1987-01-11 |    45 |
|   612 | 1987-01-15 | C        |    104 | 1987-01-20 |  5860 |
|   613 | 1987-02-01 | NULL     |    108 | 1987-02-01 |  6400 |
|   615 | 1987-02-01 | NULL     |    107 | 1987-02-06 |   710 |
|   616 | 1987-02-03 | NULL     |    103 | 1987-02-10 |   764 |
|   617 | 1987-02-05 | NULL     |    105 | 1987-03-03 | 46370 |
|   618 | 1987-02-15 | A        |    102 | 1987-03-06 |  3511 |
|   619 | 1987-02-22 | NULL     |    104 | 1987-02-04 |  1260 |
|   620 | 1987-03-12 | NULL     |    100 | 1987-03-12 |  4450 |
|   621 | 1987-02-15 | A        |    100 | 1987-01-01 |   730 |
+-------+------------+----------+--------+------------+-------+
20 rows in set (0.00 sec)

mysql> select from ord where custid = 105;
ERROR 1064 (42000): You have an error in your SQL syntax; check the manual that corresponds to your MySQL server version for the right syntax to use near 'from ord where custid = 105' at line 1
mysql> select * from ord where custid = 105;
+-------+------------+----------+--------+------------+-------+
| ORDID | ORDERDATE  | COMMPLAN | CUSTID | SHIPDATE   | TOTAL |
+-------+------------+----------+--------+------------+-------+
|   617 | 1987-02-05 | NULL     |    105 | 1987-03-03 | 46370 |
+-------+------------+----------+--------+------------+-------+
1 row in set (0.00 sec)

mysql> select * from ord where custid = (select custid from customer where repid = (select empid from emp where ename = 'TURNER'));
ERROR 1054 (42S22): Unknown column 'empid' in 'field list'
mysql> select * from emp;
+-------+--------+-----------+------+------------+------+------+--------+
| empno | ename  | job       | mgr  | hiredate   | sal  | comm | deptno |
+-------+--------+-----------+------+------------+------+------+--------+
|  7369 | SMITH  | CLERK     | 7902 | 1980-12-17 |  800 | NULL |     20 |
|  7499 | ALLEN  | SALESMAN  | 7698 | 1981-02-20 | 1600 |  300 |     30 |
|  7521 | WARD   | SALESMAN  | 7698 | 1981-02-22 | 1250 |  500 |     30 |
|  7566 | JONES  | MANAGER   | 7839 | 1981-03-02 | 2975 | NULL |     20 |
|  7654 | MARTIN | SALESMAN  | 7698 | 1981-09-28 | 1250 | 1400 |     30 |
|  7698 | BLAKE  | MANAGER   | 7839 | 1981-05-01 | 2850 | NULL |     30 |
|  7782 | CLARK  | MANAGER   | 7839 | 1981-06-09 | 2450 | NULL |     10 |
|  7788 | SCOTT  | ANALYST   | 7566 | 1982-12-09 | 3000 | NULL |     20 |
|  7839 | KING   | PRESIDENT | NULL | 1981-12-17 | 5000 | NULL |     10 |
|  7844 | TURNER | SALESMAN  | 7698 | 1981-09-08 | 1500 |    0 |     30 |
|  7876 | ADAMS  | CLERK     | 7788 | 1983-01-12 | 1100 | NULL |     20 |
|  7900 | JAMES  | CLERK     | 7698 | 1981-12-03 |  950 | NULL |     30 |
|  7902 | FORD   | ANALYST   | 7566 | 1981-12-03 | 3000 | NULL |     20 |
|  7934 | MILLER | CLERK     | 7782 | 1982-01-23 | 1300 | NULL |     10 |
+-------+--------+-----------+------+------------+------+------+--------+
14 rows in set (0.00 sec)

mysql> select * from ord where custid = (select custid from customer where repid = (select empno from emp where ename = 'TURNER'));
ERROR 1242 (21000): Subquery returns more than 1 row
mysql> sselect * from ord where custid in (101, 103,  106);
ERROR 1064 (42000): You have an error in your SQL syntax; check the manual that corresponds to your MySQL server version for the right syntax to use near 'sselect * from ord where custid in (101, 103,  106)' at line 1
mysql> select * from ord where custid in (101, 103,  106);
+-------+------------+----------+--------+------------+-------+
| ORDID | ORDERDATE  | COMMPLAN | CUSTID | SHIPDATE   | TOTAL |
+-------+------------+----------+--------+------------+-------+
|   610 | 1987-01-08 | A        |    101 | 1987-01-08 |   101 |
|   616 | 1987-02-03 | NULL     |    103 | 1987-02-10 |   764 |
|   601 | 1986-05-01 | A        |    106 | 1986-05-20 |     2 |
|   604 | 1986-06-15 | A        |    106 | 1986-06-30 |   698 |
|   605 | 1986-07-14 | A        |    106 | 1986-07-30 |  8324 |
+-------+------------+----------+--------+------------+-------+
5 rows in set (0.00 sec)

mysql> select * from item;
+-------+--------+--------+-------------+------+---------+
| ORDID | ITEMID | PRODID | ACTUALPRICE | QTY  | ITEMTOT |
+-------+--------+--------+-------------+------+---------+
|   601 |      1 | 200376 |           2 |    1 |       2 |
|   602 |      1 | 100870 |           3 |   20 |      56 |
|   603 |      2 | 100860 |          56 |    4 |     224 |
|   604 |      1 | 100890 |          58 |    3 |     174 |
|   605 |      1 | 100861 |          45 |  100 |    4500 |
|   606 |      1 | 102130 |           3 |    1 |       3 |
|   607 |      1 | 100871 |           6 |    1 |       6 |
|   608 |      1 | 101860 |          24 |    1 |      24 |
|   609 |      2 | 100870 |           3 |    5 |      13 |
|   610 |      3 | 100890 |          58 |    1 |      58 |
|   611 |      1 | 100861 |          45 |    1 |      45 |
|   612 |      1 | 100860 |          30 |  100 |    3000 |
|   613 |      4 | 200376 |           2 |  200 |     440 |
|   615 |      1 | 100861 |          45 |    4 |     180 |
|   616 |      1 | 100861 |          45 |   10 |     450 |
|   617 |      1 | 100860 |          35 |   50 |    1750 |
|   618 |      1 | 100860 |          35 |   23 |     805 |
|   619 |      3 | 102130 |           3 |  100 |     340 |
|   620 |      1 | 100860 |          35 |   10 |     350 |
|   621 |      1 | 100861 |          45 |   10 |     450 |
+-------+--------+--------+-------------+------+---------+
20 rows in set (0.00 sec)

mysql> select * from price;
+--------+----------+----------+------------+------------+
| PRODID | STDPRICE | MINPRICE | STARTDATE  | ENDDATE    |
+--------+----------+----------+------------+------------+
| 100871 |        5 |        3 | 1985-01-01 | 1985-12-01 |
| 100890 |       58 |       46 | 1985-01-01 | NULL       |
| 100860 |       35 |       28 | 1986-06-01 | NULL       |
| 100860 |       32 |       26 | 1986-01-01 | 1986-05-31 |
| 100860 |       30 |       24 | 1985-01-01 | 1985-12-31 |
| 100861 |       45 |       36 | 1986-06-01 | NULL       |
| 100861 |       42 |       34 | 1986-01-01 | 1986-05-31 |
| 100861 |       39 |       31 | 1985-01-01 | 1985-12-31 |
| 100870 |        3 |        2 | 1986-01-01 | NULL       |
| 100870 |        2 |        2 | 1985-01-01 | 1985-12-01 |
| 100871 |        6 |        5 | 1986-01-01 | NULL       |
| 101860 |       24 |       18 | 1985-02-15 | NULL       |
| 101863 |       13 |        9 | 1985-02-15 | NULL       |
| 102130 |        3 |        3 | 1985-08-18 | NULL       |
| 200376 |        2 |        2 | 1986-11-15 | NULL       |
| 200380 |        4 |        3 | 1986-11-15 | NULL       |
+--------+----------+----------+------------+------------+
16 rows in set (0.00 sec)

mysql> select * from product;
+--------+-------------------------+
| PRODID | DESCRIP                 |
+--------+-------------------------+
| 100860 | ACE TENNIS RACKET I     |
| 100861 | ACE TENNIS RACKET II    |
| 100870 | ACE TENNIS BALLS-3 PACK |
| 100871 | ACE TENNIS BALLS-6 PACK |
| 100890 | ACE TENNIS NET          |
| 101860 | SP TENNIS RACKET        |
| 101863 | SP JUNIOR RACKET        |
| 102130 | RH: "GUIDE TO TENNIS"   |
| 200376 | SB ENERGY BAR-6 PACK    |
| 200380 | SB VITA SNACK-6 PACK    |
+--------+-------------------------+
10 rows in set (0.00 sec)

mysql> select empno from emp where ename = 'WARD';
+-------+
| empno |
+-------+
|  7521 |
+-------+
1 row in set (0.00 sec)

mysql> select custid from customer where repid = (select empno from emp where ename = 'TURNER');
+--------+
| custid |
+--------+
|    100 |
|    105 |
|    108 |
+--------+
3 rows in set (0.00 sec)

mysql> select * from ord where custid in (select custid from customer where repid = (select empno from emp where ename = 'WARD')) and ordid = 605;
+-------+------------+----------+--------+------------+-------+
| ORDID | ORDERDATE  | COMMPLAN | CUSTID | SHIPDATE   | TOTAL |
+-------+------------+----------+--------+------------+-------+
|   605 | 1986-07-14 | A        |    106 | 1986-07-30 |  8324 |
+-------+------------+----------+--------+------------+-------+
1 row in set (0.00 sec)

mysql> select * from item where ordid = (select * from ord where custid in (select custid from customer where repid = (select empno from emp where ename = 'WARD'))) and ordid = 605;
ERROR 1241 (21000): Operand should contain 1 column(s)
mysql> select * from item where ordid = (select * from ord where custid in (select custid from customer where repid = (select empno from emp where ename = 'WARD')));
ERROR 1241 (21000): Operand should contain 1 column(s)
mysql> select * from item where ordid in (select * from ord where custid in (select custid from customer where repid = (select empno from emp where ename = 'WARD')));
ERROR 1241 (21000): Operand should contain 1 column(s)
mysql> select * from item where ordid in (select from ord where custid in (select custid from customer where repid = (select empno from emp where ename = 'WARD')));
ERROR 1064 (42000): You have an error in your SQL syntax; check the manual that corresponds to your MySQL server version for the right syntax to use near 'from ord where custid in (select custid from customer where repid = (select empn' at line 1
mysql> select * from item where ordid in (select ordid from ord where custid in (select custid from customer where repid = (select empno from emp where ename = 'WARD')));
+-------+--------+--------+-------------+------+---------+
| ORDID | ITEMID | PRODID | ACTUALPRICE | QTY  | ITEMTOT |
+-------+--------+--------+-------------+------+---------+
|   610 |      3 | 100890 |          58 |    1 |      58 |
|   616 |      1 | 100861 |          45 |   10 |     450 |
|   601 |      1 | 200376 |           2 |    1 |       2 |
|   604 |      1 | 100890 |          58 |    3 |     174 |
|   605 |      1 | 100861 |          45 |  100 |    4500 |
+-------+--------+--------+-------------+------+---------+
5 rows in set (0.00 sec)

mysql>
mysql>
mysql>
mysql>
mysql>
mysql>
mysql>
mysql> select * from item where ordid = (select custid from ord where repid = (select repid from customer where empno = (select empno from emp where ename = 'TURNER')));
ERROR 1054 (42S22): Unknown column 'repid' in 'where clause'
mysql> select * from item where ordid = (select custid from ord where ordid = (select repid from customer where empno = (select empno from emp where ename = 'TURNER')));
ERROR 1054 (42S22): Unknown column 'empno' in 'where clause'
mysql> select * from item where ordid = (select custid from ord where ordid = (select ordid from customer where repid = (select empno from emp where ename = 'TURNER')));
ERROR 1242 (21000): Subquery returns more than 1 row
mysql> select * from emp;
+-------+--------+-----------+------+------------+------+------+--------+
| empno | ename  | job       | mgr  | hiredate   | sal  | comm | deptno |
+-------+--------+-----------+------+------------+------+------+--------+
|  7369 | SMITH  | CLERK     | 7902 | 1980-12-17 |  800 | NULL |     20 |
|  7499 | ALLEN  | SALESMAN  | 7698 | 1981-02-20 | 1600 |  300 |     30 |
|  7521 | WARD   | SALESMAN  | 7698 | 1981-02-22 | 1250 |  500 |     30 |
|  7566 | JONES  | MANAGER   | 7839 | 1981-03-02 | 2975 | NULL |     20 |
|  7654 | MARTIN | SALESMAN  | 7698 | 1981-09-28 | 1250 | 1400 |     30 |
|  7698 | BLAKE  | MANAGER   | 7839 | 1981-05-01 | 2850 | NULL |     30 |
|  7782 | CLARK  | MANAGER   | 7839 | 1981-06-09 | 2450 | NULL |     10 |
|  7788 | SCOTT  | ANALYST   | 7566 | 1982-12-09 | 3000 | NULL |     20 |
|  7839 | KING   | PRESIDENT | NULL | 1981-12-17 | 5000 | NULL |     10 |
|  7844 | TURNER | SALESMAN  | 7698 | 1981-09-08 | 1500 |    0 |     30 |
|  7876 | ADAMS  | CLERK     | 7788 | 1983-01-12 | 1100 | NULL |     20 |
|  7900 | JAMES  | CLERK     | 7698 | 1981-12-03 |  950 | NULL |     30 |
|  7902 | FORD   | ANALYST   | 7566 | 1981-12-03 | 3000 | NULL |     20 |
|  7934 | MILLER | CLERK     | 7782 | 1982-01-23 | 1300 | NULL |     10 |
+-------+--------+-----------+------+------------+------+------+--------+
14 rows in set (0.00 sec)

mysql> select * from customer;
+--------+----------------------------------------------+------------------+--------------+-------+-------+------+----------+-------+-------------+------------------------------------------------------------------------------------------------------------------------------------------------+
| CUSTID | NAME                                         | ADDRESS          | CITY         | STATE | ZIP   | AREA | PHONE    | REPID | CREDITLIMIT | COMMENTS                                                                                                                                       |
+--------+----------------------------------------------+------------------+--------------+-------+-------+------+----------+-------+-------------+------------------------------------------------------------------------------------------------------------------------------------------------+
|    100 | JOCKSPORTS                                   | 345 VIEWRIDGE    | BELMONT      | CA    | 96711 |  415 | 598-6609 |  7844 |        5000 | Very friendly people to work with -- sales rep likes to be called Mike.                                                                        |
|    101 | TKB SPORT SHOP                               | 490 BOLI RD.     | REDWOOD CITY | CA    | 94061 |  415 | 368-1223 |  7521 |       10000 | Rep called 5/8 about change in order - contact shipping.                                                                                       |
|    102 | VOLLYRITE                                    | 9722 HAMILTON    | BURLINGAME   | CA    | 95133 |  415 | 644-3341 |  7654 |        7000 | Company doing heavy promotion beginning 10/89. Prepare for large orders during
 winter.                                                        |
|    103 | JUST TENNIS                                  | HILLVIEW MALL    | BURLINGAME   | CA    | 97544 |  415 | 677-9312 |  7521 |        3000 | Contact rep about new line of tennis rackets.                                                                                                  |
|    104 | EVERY MOUNTAIN                               | 574 SURRY RD.    | CUPERTINO    | CA    | 93301 |  408 | 996-2323 |  7499 |       10000 | Customer with high market share (23%) due to aggressive advertising.                                                                           |
|    105 | K + T SPORTS                                 | 3476 EL PASEO    | SANTA CLARA  | CA    | 91003 |  408 | 376-9966 |  7844 |        5000 | Tends to order large amounts of merchandise at once. Accounting is considering
 raising their credit limit. Usually pays on time.              |
|    106 | SHAPE UP                                     | 908 SEQUOIA      | PALO ALTO    | CA    | 94301 |  415 | 364-9777 |  7521 |        6000 | Support intensive. Orders small amounts (< 800) of merchandise at a time.                                                                      |
|    107 | WOMENS SPORTS                                | VALCO VILLAGE    | SUNNYVALE    | CA    | 93301 |  408 | 967-4398 |  7499 |       10000 | First sporting goods store geared exclusively towards women. Unusual promotion
al style and very willing to take chances towards new products! |
|    108 | NORTH WOODS HEALTH AND FITNESS SUPPLY CENTER | 98 LONE PINE WAY | HIBBING      | MN    | 55649 |  612 | 566-9123 |  7844 |        8000 |                                                                                                                                                |
+--------+----------------------------------------------+------------------+--------------+-------+-------+------+----------+-------+-------------+------------------------------------------------------------------------------------------------------------------------------------------------+
9 rows in set (0.00 sec)

mysql> select * from bonus;
Empty set (0.00 sec)

mysql> select * from salgrade;
+-------+-------+-------+
| GRADE | LOSAL | HISAL |
+-------+-------+-------+
|     1 |   700 |  1200 |
|     2 |  1201 |  1400 |
|     3 |  1401 |  2000 |
|     4 |  2001 |  3000 |
|     5 |  3001 |  9999 |
+-------+-------+-------+
5 rows in set (0.00 sec)

mysql> select * from dummy;
+-------+
| DUMMY |
+-------+
|     0 |
+-------+
1 row in set (0.00 sec)

mysql> select * from item;
+-------+--------+--------+-------------+------+---------+
| ORDID | ITEMID | PRODID | ACTUALPRICE | QTY  | ITEMTOT |
+-------+--------+--------+-------------+------+---------+
|   601 |      1 | 200376 |           2 |    1 |       2 |
|   602 |      1 | 100870 |           3 |   20 |      56 |
|   603 |      2 | 100860 |          56 |    4 |     224 |
|   604 |      1 | 100890 |          58 |    3 |     174 |
|   605 |      1 | 100861 |          45 |  100 |    4500 |
|   606 |      1 | 102130 |           3 |    1 |       3 |
|   607 |      1 | 100871 |           6 |    1 |       6 |
|   608 |      1 | 101860 |          24 |    1 |      24 |
|   609 |      2 | 100870 |           3 |    5 |      13 |
|   610 |      3 | 100890 |          58 |    1 |      58 |
|   611 |      1 | 100861 |          45 |    1 |      45 |
|   612 |      1 | 100860 |          30 |  100 |    3000 |
|   613 |      4 | 200376 |           2 |  200 |     440 |
|   615 |      1 | 100861 |          45 |    4 |     180 |
|   616 |      1 | 100861 |          45 |   10 |     450 |
|   617 |      1 | 100860 |          35 |   50 |    1750 |
|   618 |      1 | 100860 |          35 |   23 |     805 |
|   619 |      3 | 102130 |           3 |  100 |     340 |
|   620 |      1 | 100860 |          35 |   10 |     350 |
|   621 |      1 | 100861 |          45 |   10 |     450 |
+-------+--------+--------+-------------+------+---------+
20 rows in set (0.00 sec)

mysql> select * from price;
+--------+----------+----------+------------+------------+
| PRODID | STDPRICE | MINPRICE | STARTDATE  | ENDDATE    |
+--------+----------+----------+------------+------------+
| 100871 |        5 |        3 | 1985-01-01 | 1985-12-01 |
| 100890 |       58 |       46 | 1985-01-01 | NULL       |
| 100860 |       35 |       28 | 1986-06-01 | NULL       |
| 100860 |       32 |       26 | 1986-01-01 | 1986-05-31 |
| 100860 |       30 |       24 | 1985-01-01 | 1985-12-31 |
| 100861 |       45 |       36 | 1986-06-01 | NULL       |
| 100861 |       42 |       34 | 1986-01-01 | 1986-05-31 |
| 100861 |       39 |       31 | 1985-01-01 | 1985-12-31 |
| 100870 |        3 |        2 | 1986-01-01 | NULL       |
| 100870 |        2 |        2 | 1985-01-01 | 1985-12-01 |
| 100871 |        6 |        5 | 1986-01-01 | NULL       |
| 101860 |       24 |       18 | 1985-02-15 | NULL       |
| 101863 |       13 |        9 | 1985-02-15 | NULL       |
| 102130 |        3 |        3 | 1985-08-18 | NULL       |
| 200376 |        2 |        2 | 1986-11-15 | NULL       |
| 200380 |        4 |        3 | 1986-11-15 | NULL       |
+--------+----------+----------+------------+------------+
16 rows in set (0.00 sec)

mysql> select * from product;
+--------+-------------------------+
| PRODID | DESCRIP                 |
+--------+-------------------------+
| 100860 | ACE TENNIS RACKET I     |
| 100861 | ACE TENNIS RACKET II    |
| 100870 | ACE TENNIS BALLS-3 PACK |
| 100871 | ACE TENNIS BALLS-6 PACK |
| 100890 | ACE TENNIS NET          |
| 101860 | SP TENNIS RACKET        |
| 101863 | SP JUNIOR RACKET        |
| 102130 | RH: "GUIDE TO TENNIS"   |
| 200376 | SB ENERGY BAR-6 PACK    |
| 200380 | SB VITA SNACK-6 PACK    |
+--------+-------------------------+
10 rows in set (0.00 sec)

mysql> select * from ord;
+-------+------------+----------+--------+------------+-------+
| ORDID | ORDERDATE  | COMMPLAN | CUSTID | SHIPDATE   | TOTAL |
+-------+------------+----------+--------+------------+-------+
|   601 | 1986-05-01 | A        |    106 | 1986-05-20 |     2 |
|   602 | 1986-06-05 | B        |    102 | 1986-06-20 |    56 |
|   603 | 1986-06-05 | NULL     |    102 | 1986-06-05 |   224 |
|   604 | 1986-06-15 | A        |    106 | 1986-06-30 |   698 |
|   605 | 1986-07-14 | A        |    106 | 1986-07-30 |  8324 |
|   606 | 1986-07-19 | A        |    100 | 1986-07-30 |     3 |
|   607 | 1986-07-18 | C        |    104 | 1986-07-18 |     6 |
|   608 | 1986-07-25 | C        |    104 | 1986-07-25 |    35 |
|   609 | 1986-08-01 | B        |    100 | 1986-08-15 |    98 |
|   610 | 1987-01-08 | A        |    101 | 1987-01-08 |   101 |
|   611 | 1987-01-11 | B        |    102 | 1987-01-11 |    45 |
|   612 | 1987-01-15 | C        |    104 | 1987-01-20 |  5860 |
|   613 | 1987-02-01 | NULL     |    108 | 1987-02-01 |  6400 |
|   615 | 1987-02-01 | NULL     |    107 | 1987-02-06 |   710 |
|   616 | 1987-02-03 | NULL     |    103 | 1987-02-10 |   764 |
|   617 | 1987-02-05 | NULL     |    105 | 1987-03-03 | 46370 |
|   618 | 1987-02-15 | A        |    102 | 1987-03-06 |  3511 |
|   619 | 1987-02-22 | NULL     |    104 | 1987-02-04 |  1260 |
|   620 | 1987-03-12 | NULL     |    100 | 1987-03-12 |  4450 |
|   621 | 1987-02-15 | A        |    100 | 1987-01-01 |   730 |
+-------+------------+----------+--------+------------+-------+
20 rows in set (0.00 sec)

mysql> select * from product where prodid = (select prodid from item where ordid = (select ordid from ord where custid = (select custid from customer where repid = (select empno from emp where ename = 'WARD'))));
ERROR 1242 (21000): Subquery returns more than 1 row
mysql> select * from product where prodid in (select prodid from item where ordid = (select ordid from ord where custid = (select custid from customer where repid = (select empno from emp where ename = 'WARD'))));
ERROR 1242 (21000): Subquery returns more than 1 row
mysql> select * from product where prodid IN (select prodid from item where ordid = (select ordid from ord where custid = (select custid from customer where repid = (select empno from emp where ename = 'WARD'))));
ERROR 1242 (21000): Subquery returns more than 1 row
mysql>
mysql>
mysql>
mysql>
mysql>
mysql>
mysql>
mysql>
mysql>
mysql>
mysql>
mysql>
mysql>
mysql>
mysql>
mysql>
mysql>
mysql>
mysql>
mysql>
mysql> select * from product where prodid IN (select prodid from item where ordid in (select ordid from ord where custid in (select custid from customer where repid in (select empno from emp where ename = 'WARD'))));
+--------+----------------------+
| PRODID | DESCRIP              |
+--------+----------------------+
| 100861 | ACE TENNIS RACKET II |
| 100890 | ACE TENNIS NET       |
| 200376 | SB ENERGY BAR-6 PACK |
+--------+----------------------+
3 rows in set (0.00 sec)

mysql> select * from item where ordid in (select ordid from ord where custid in (select custid from customer where repid in (select empno from emp where ename = 'WARD')));
+-------+--------+--------+-------------+------+---------+
| ORDID | ITEMID | PRODID | ACTUALPRICE | QTY  | ITEMTOT |
+-------+--------+--------+-------------+------+---------+
|   610 |      3 | 100890 |          58 |    1 |      58 |
|   616 |      1 | 100861 |          45 |   10 |     450 |
|   601 |      1 | 200376 |           2 |    1 |       2 |
|   604 |      1 | 100890 |          58 |    3 |     174 |
|   605 |      1 | 100861 |          45 |  100 |    4500 |
+-------+--------+--------+-------------+------+---------+
5 rows in set (0.00 sec)

mysql> select * from ord where custid in (select custid from customer where repid in (select empno from emp where ename = 'WARD'));
+-------+------------+----------+--------+------------+-------+
| ORDID | ORDERDATE  | COMMPLAN | CUSTID | SHIPDATE   | TOTAL |
+-------+------------+----------+--------+------------+-------+
|   610 | 1987-01-08 | A        |    101 | 1987-01-08 |   101 |
|   616 | 1987-02-03 | NULL     |    103 | 1987-02-10 |   764 |
|   601 | 1986-05-01 | A        |    106 | 1986-05-20 |     2 |
|   604 | 1986-06-15 | A        |    106 | 1986-06-30 |   698 |
|   605 | 1986-07-14 | A        |    106 | 1986-07-30 |  8324 |
+-------+------------+----------+--------+------------+-------+
5 rows in set (0.00 sec)

mysql> select * from customer where repid in (select empno from emp where ename = 'WARD');
+--------+----------------+---------------+--------------+-------+-------+------+----------+-------+-------------+---------------------------------------------------------------------------+
| CUSTID | NAME           | ADDRESS       | CITY         | STATE | ZIP   | AREA | PHONE    | REPID | CREDITLIMIT | COMMENTS                                                                  |
+--------+----------------+---------------+--------------+-------+-------+------+----------+-------+-------------+---------------------------------------------------------------------------+
|    101 | TKB SPORT SHOP | 490 BOLI RD.  | REDWOOD CITY | CA    | 94061 |  415 | 368-1223 |  7521 |       10000 | Rep called 5/8 about change in order - contact shipping.                  |
|    103 | JUST TENNIS    | HILLVIEW MALL | BURLINGAME   | CA    | 97544 |  415 | 677-9312 |  7521 |        3000 | Contact rep about new line of tennis rackets.                             |
|    106 | SHAPE UP       | 908 SEQUOIA   | PALO ALTO    | CA    | 94301 |  415 | 364-9777 |  7521 |        6000 | Support intensive. Orders small amounts (< 800) of merchandise at a time. |
+--------+----------------+---------------+--------------+-------+-------+------+----------+-------+-------------+---------------------------------------------------------------------------+
3 rows in set (0.00 sec)

mysql> select empno from emp where ename = 'WARD';
+-------+
| empno |
+-------+
|  7521 |
+-------+
1 row in set (0.00 sec)

mysql> select * from product where prodid IN (select prodid from item where ordid in (select ordid from ord where custid in (select custid from customer where repid in (select empno from emp where ename = 'WARD'))));
+--------+----------------------+
| PRODID | DESCRIP              |
+--------+----------------------+
| 100861 | ACE TENNIS RACKET II |
| 100890 | ACE TENNIS NET       |
| 200376 | SB ENERGY BAR-6 PACK |
+--------+----------------------+
3 rows in set (0.00 sec)

mysql> select ename from emp where empno in (select repid from customer where custid = (select custid from ord where ordid in (select ordid from item where prodid in (select prodid from product where descrip = 'ACE TENNIS RACKET I'))));
ERROR 1242 (21000): Subquery returns more than 1 row
mysql> select ename from emp where empno in (select repid from customer where custid in (select custid from ord where ordid in (select ordid from item where prodid in (select prodid from product where descrip = 'ACE TENNIS RACKET I'))));
+--------+
| ename  |
+--------+
| MARTIN |
| ALLEN  |
| TURNER |
+--------+
3 rows in set (0.00 sec)

mysql> select name from customer where custid in (select custid from ord where ordid in (select ordid from item where prodid in (select prodid from product where descrip = 'ACE TENNIS RACKET I')));
+----------------+
| name           |
+----------------+
| VOLLYRITE      |
| EVERY MOUNTAIN |
| K + T SPORTS   |
| JOCKSPORTS     |
+----------------+
4 rows in set (0.00 sec)

mysql> select name from customer where custid in (select custid from ord where ordid in (select ordid from item where prodid in (select prodid from product where descrip = 'ACE TENNIS NET')));
+----------------+
| name           |
+----------------+
| SHAPE UP       |
| TKB SPORT SHOP |
+----------------+
2 rows in set (0.00 sec)

mysql> select * from item;
+-------+--------+--------+-------------+------+---------+
| ORDID | ITEMID | PRODID | ACTUALPRICE | QTY  | ITEMTOT |
+-------+--------+--------+-------------+------+---------+
|   601 |      1 | 200376 |           2 |    1 |       2 |
|   602 |      1 | 100870 |           3 |   20 |      56 |
|   603 |      2 | 100860 |          56 |    4 |     224 |
|   604 |      1 | 100890 |          58 |    3 |     174 |
|   605 |      1 | 100861 |          45 |  100 |    4500 |
|   606 |      1 | 102130 |           3 |    1 |       3 |
|   607 |      1 | 100871 |           6 |    1 |       6 |
|   608 |      1 | 101860 |          24 |    1 |      24 |
|   609 |      2 | 100870 |           3 |    5 |      13 |
|   610 |      3 | 100890 |          58 |    1 |      58 |
|   611 |      1 | 100861 |          45 |    1 |      45 |
|   612 |      1 | 100860 |          30 |  100 |    3000 |
|   613 |      4 | 200376 |           2 |  200 |     440 |
|   615 |      1 | 100861 |          45 |    4 |     180 |
|   616 |      1 | 100861 |          45 |   10 |     450 |
|   617 |      1 | 100860 |          35 |   50 |    1750 |
|   618 |      1 | 100860 |          35 |   23 |     805 |
|   619 |      3 | 102130 |           3 |  100 |     340 |
|   620 |      1 | 100860 |          35 |   10 |     350 |
|   621 |      1 | 100861 |          45 |   10 |     450 |
+-------+--------+--------+-------------+------+---------+
20 rows in set (0.00 sec)

mysql> select * from dept
    -> ^C
mysql> select * from dept;
+--------+------------+----------+
| deptno | deptname   | loc      |
+--------+------------+----------+
|     10 | Accounting | New York |
|     20 | Research   | Boston   |
|     30 | Sales      | Dallas   |
+--------+------------+----------+
3 rows in set (0.00 sec)

mysql> select * from emp;
+-------+--------+-----------+------+------------+------+------+--------+
| empno | ename  | job       | mgr  | hiredate   | sal  | comm | deptno |
+-------+--------+-----------+------+------------+------+------+--------+
|  7369 | SMITH  | CLERK     | 7902 | 1980-12-17 |  800 | NULL |     20 |
|  7499 | ALLEN  | SALESMAN  | 7698 | 1981-02-20 | 1600 |  300 |     30 |
|  7521 | WARD   | SALESMAN  | 7698 | 1981-02-22 | 1250 |  500 |     30 |
|  7566 | JONES  | MANAGER   | 7839 | 1981-03-02 | 2975 | NULL |     20 |
|  7654 | MARTIN | SALESMAN  | 7698 | 1981-09-28 | 1250 | 1400 |     30 |
|  7698 | BLAKE  | MANAGER   | 7839 | 1981-05-01 | 2850 | NULL |     30 |
|  7782 | CLARK  | MANAGER   | 7839 | 1981-06-09 | 2450 | NULL |     10 |
|  7788 | SCOTT  | ANALYST   | 7566 | 1982-12-09 | 3000 | NULL |     20 |
|  7839 | KING   | PRESIDENT | NULL | 1981-12-17 | 5000 | NULL |     10 |
|  7844 | TURNER | SALESMAN  | 7698 | 1981-09-08 | 1500 |    0 |     30 |
|  7876 | ADAMS  | CLERK     | 7788 | 1983-01-12 | 1100 | NULL |     20 |
|  7900 | JAMES  | CLERK     | 7698 | 1981-12-03 |  950 | NULL |     30 |
|  7902 | FORD   | ANALYST   | 7566 | 1981-12-03 | 3000 | NULL |     20 |
|  7934 | MILLER | CLERK     | 7782 | 1982-01-23 | 1300 | NULL |     10 |
+-------+--------+-----------+------+------------+------+------+--------+
14 rows in set (0.00 sec)

mysql> select deptno, dname, loc, empno, ename, job from dept, amp;
ERROR 1146 (42S02): Table 'mysql.amp' doesn't exist
mysql> select deptno, dname, loc, empno, ename, job from dept, emp;
ERROR 1052 (23000): Column 'deptno' in field list is ambiguous
mysql> select dname, loc, empno, ename, job from dept, emp;
ERROR 1054 (42S22): Unknown column 'dname' in 'field list'
mysql> select deptname, loc, empno, ename, job from dept, emp;
+------------+----------+-------+--------+-----------+
| deptname   | loc      | empno | ename  | job       |
+------------+----------+-------+--------+-----------+
| Sales      | Dallas   |  7369 | SMITH  | CLERK     |
| Research   | Boston   |  7369 | SMITH  | CLERK     |
| Accounting | New York |  7369 | SMITH  | CLERK     |
| Sales      | Dallas   |  7499 | ALLEN  | SALESMAN  |
| Research   | Boston   |  7499 | ALLEN  | SALESMAN  |
| Accounting | New York |  7499 | ALLEN  | SALESMAN  |
| Sales      | Dallas   |  7521 | WARD   | SALESMAN  |
| Research   | Boston   |  7521 | WARD   | SALESMAN  |
| Accounting | New York |  7521 | WARD   | SALESMAN  |
| Sales      | Dallas   |  7566 | JONES  | MANAGER   |
| Research   | Boston   |  7566 | JONES  | MANAGER   |
| Accounting | New York |  7566 | JONES  | MANAGER   |
| Sales      | Dallas   |  7654 | MARTIN | SALESMAN  |
| Research   | Boston   |  7654 | MARTIN | SALESMAN  |
| Accounting | New York |  7654 | MARTIN | SALESMAN  |
| Sales      | Dallas   |  7698 | BLAKE  | MANAGER   |
| Research   | Boston   |  7698 | BLAKE  | MANAGER   |
| Accounting | New York |  7698 | BLAKE  | MANAGER   |
| Sales      | Dallas   |  7782 | CLARK  | MANAGER   |
| Research   | Boston   |  7782 | CLARK  | MANAGER   |
| Accounting | New York |  7782 | CLARK  | MANAGER   |
| Sales      | Dallas   |  7788 | SCOTT  | ANALYST   |
| Research   | Boston   |  7788 | SCOTT  | ANALYST   |
| Accounting | New York |  7788 | SCOTT  | ANALYST   |
| Sales      | Dallas   |  7839 | KING   | PRESIDENT |
| Research   | Boston   |  7839 | KING   | PRESIDENT |
| Accounting | New York |  7839 | KING   | PRESIDENT |
| Sales      | Dallas   |  7844 | TURNER | SALESMAN  |
| Research   | Boston   |  7844 | TURNER | SALESMAN  |
| Accounting | New York |  7844 | TURNER | SALESMAN  |
| Sales      | Dallas   |  7876 | ADAMS  | CLERK     |
| Research   | Boston   |  7876 | ADAMS  | CLERK     |
| Accounting | New York |  7876 | ADAMS  | CLERK     |
| Sales      | Dallas   |  7900 | JAMES  | CLERK     |
| Research   | Boston   |  7900 | JAMES  | CLERK     |
| Accounting | New York |  7900 | JAMES  | CLERK     |
| Sales      | Dallas   |  7902 | FORD   | ANALYST   |
| Research   | Boston   |  7902 | FORD   | ANALYST   |
| Accounting | New York |  7902 | FORD   | ANALYST   |
| Sales      | Dallas   |  7934 | MILLER | CLERK     |
| Research   | Boston   |  7934 | MILLER | CLERK     |
| Accounting | New York |  7934 | MILLER | CLERK     |
+------------+----------+-------+--------+-----------+
42 rows in set (0.00 sec)

mysql> select deptname, loc, empno, ename, job from dept d, emp e
    -> where d.deptno = e.deptno;
+------------+----------+-------+--------+-----------+
| deptname   | loc      | empno | ename  | job       |
+------------+----------+-------+--------+-----------+
| Accounting | New York |  7782 | CLARK  | MANAGER   |
| Accounting | New York |  7839 | KING   | PRESIDENT |
| Accounting | New York |  7934 | MILLER | CLERK     |
| Research   | Boston   |  7369 | SMITH  | CLERK     |
| Research   | Boston   |  7566 | JONES  | MANAGER   |
| Research   | Boston   |  7788 | SCOTT  | ANALYST   |
| Research   | Boston   |  7876 | ADAMS  | CLERK     |
| Research   | Boston   |  7902 | FORD   | ANALYST   |
| Sales      | Dallas   |  7499 | ALLEN  | SALESMAN  |
| Sales      | Dallas   |  7521 | WARD   | SALESMAN  |
| Sales      | Dallas   |  7654 | MARTIN | SALESMAN  |
| Sales      | Dallas   |  7698 | BLAKE  | MANAGER   |
| Sales      | Dallas   |  7844 | TURNER | SALESMAN  |
| Sales      | Dallas   |  7900 | JAMES  | CLERK     |
+------------+----------+-------+--------+-----------+
14 rows in set (0.00 sec)

mysql> select .deptno, d.deptname, d.loc, e.empno, e.ename, e.job
    -> from dept
    -> inner join emp
    -> on d.deptno = e.deptno;
ERROR 1064 (42000): You have an error in your SQL syntax; check the manual that corresponds to your MySQL server version for the right syntax to use near '.deptno, d.deptname, d.loc, e.empno, e.ename, e.job
from dept
inner join emp
on ' at line 1
mysql> select .deptno, d.deptname, d.loc, e.empno, e.ename, e.job;
ERROR 1064 (42000): You have an error in your SQL syntax; check the manual that corresponds to your MySQL server version for the right syntax to use near '.deptno, d.deptname, d.loc, e.empno, e.ename, e.job' at line 1
mysql> select .deptno, d.deptname, d.loc, e.empno, e.ename, e.job from dept d inner join in emp e on d.deptno = e.deptno;
ERROR 1064 (42000): You have an error in your SQL syntax; check the manual that corresponds to your MySQL server version for the right syntax to use near '.deptno, d.deptname, d.loc, e.empno, e.ename, e.job from dept d inner join in em' at line 1
mysql>
mysql>
mysql>
mysql>
mysql>
mysql>
mysql>
mysql>
mysql>
mysql>
mysql>
mysql>
mysql>
mysql>
mysql>
mysql> select d.deptno, d.deptname, d.loc, e.empno, e.ename, e.job from dept d inner join in emp e on d.deptno = e.deptno;
ERROR 1064 (42000): You have an error in your SQL syntax; check the manual that corresponds to your MySQL server version for the right syntax to use near 'in emp e on d.deptno = e.deptno' at line 1
mysql>
mysql>
mysql>
mysql> select d.deptno, d.deptname, d.loc, e.empno, e.ename, e.job from dept d inner join in emp e on d.deptno = e.deptno;
ERROR 1064 (42000): You have an error in your SQL syntax; check the manual that corresponds to your MySQL server version for the right syntax to use near 'in emp e on d.deptno = e.deptno' at line 1
mysql> select d.deptno, d.deptname, d.loc, e.empno, e.ename, e.job from dept d inner join emp e on d.deptno = e.deptno;
+--------+------------+----------+-------+--------+-----------+
| deptno | deptname   | loc      | empno | ename  | job       |
+--------+------------+----------+-------+--------+-----------+
|     10 | Accounting | New York |  7782 | CLARK  | MANAGER   |
|     10 | Accounting | New York |  7839 | KING   | PRESIDENT |
|     10 | Accounting | New York |  7934 | MILLER | CLERK     |
|     20 | Research   | Boston   |  7369 | SMITH  | CLERK     |
|     20 | Research   | Boston   |  7566 | JONES  | MANAGER   |
|     20 | Research   | Boston   |  7788 | SCOTT  | ANALYST   |
|     20 | Research   | Boston   |  7876 | ADAMS  | CLERK     |
|     20 | Research   | Boston   |  7902 | FORD   | ANALYST   |
|     30 | Sales      | Dallas   |  7499 | ALLEN  | SALESMAN  |
|     30 | Sales      | Dallas   |  7521 | WARD   | SALESMAN  |
|     30 | Sales      | Dallas   |  7654 | MARTIN | SALESMAN  |
|     30 | Sales      | Dallas   |  7698 | BLAKE  | MANAGER   |
|     30 | Sales      | Dallas   |  7844 | TURNER | SALESMAN  |
|     30 | Sales      | Dallas   |  7900 | JAMES  | CLERK     |
+--------+------------+----------+-------+--------+-----------+
14 rows in set (0.00 sec)

mysql> select d.deptname, e.ename, e.empno from dept d inner join emp e on d.deptno = e.empno;
Empty set (0.00 sec)

mysql> select d.deptname, e.ename, e.empno from dept d inner join emp e on d.deptno = e.deptno;
+------------+--------+-------+
| deptname   | ename  | empno |
+------------+--------+-------+
| Accounting | CLARK  |  7782 |
| Accounting | KING   |  7839 |
| Accounting | MILLER |  7934 |
| Research   | SMITH  |  7369 |
| Research   | JONES  |  7566 |
| Research   | SCOTT  |  7788 |
| Research   | ADAMS  |  7876 |
| Research   | FORD   |  7902 |
| Sales      | ALLEN  |  7499 |
| Sales      | WARD   |  7521 |
| Sales      | MARTIN |  7654 |
| Sales      | BLAKE  |  7698 |
| Sales      | TURNER |  7844 |
| Sales      | JAMES  |  7900 |
+------------+--------+-------+
14 rows in set (0.00 sec)

mysql> select * from salgrade;
+-------+-------+-------+
| GRADE | LOSAL | HISAL |
+-------+-------+-------+
|     1 |   700 |  1200 |
|     2 |  1201 |  1400 |
|     3 |  1401 |  2000 |
|     4 |  2001 |  3000 |
|     5 |  3001 |  9999 |
+-------+-------+-------+
5 rows in set (0.00 sec)

mysql> select * from emp;
+-------+--------+-----------+------+------------+------+------+--------+
| empno | ename  | job       | mgr  | hiredate   | sal  | comm | deptno |
+-------+--------+-----------+------+------------+------+------+--------+
|  7369 | SMITH  | CLERK     | 7902 | 1980-12-17 |  800 | NULL |     20 |
|  7499 | ALLEN  | SALESMAN  | 7698 | 1981-02-20 | 1600 |  300 |     30 |
|  7521 | WARD   | SALESMAN  | 7698 | 1981-02-22 | 1250 |  500 |     30 |
|  7566 | JONES  | MANAGER   | 7839 | 1981-03-02 | 2975 | NULL |     20 |
|  7654 | MARTIN | SALESMAN  | 7698 | 1981-09-28 | 1250 | 1400 |     30 |
|  7698 | BLAKE  | MANAGER   | 7839 | 1981-05-01 | 2850 | NULL |     30 |
|  7782 | CLARK  | MANAGER   | 7839 | 1981-06-09 | 2450 | NULL |     10 |
|  7788 | SCOTT  | ANALYST   | 7566 | 1982-12-09 | 3000 | NULL |     20 |
|  7839 | KING   | PRESIDENT | NULL | 1981-12-17 | 5000 | NULL |     10 |
|  7844 | TURNER | SALESMAN  | 7698 | 1981-09-08 | 1500 |    0 |     30 |
|  7876 | ADAMS  | CLERK     | 7788 | 1983-01-12 | 1100 | NULL |     20 |
|  7900 | JAMES  | CLERK     | 7698 | 1981-12-03 |  950 | NULL |     30 |
|  7902 | FORD   | ANALYST   | 7566 | 1981-12-03 | 3000 | NULL |     20 |
|  7934 | MILLER | CLERK     | 7782 | 1982-01-23 | 1300 | NULL |     10 |
+-------+--------+-----------+------+------------+------+------+--------+
14 rows in set (0.00 sec)

mysql> select s.grade, e.empno, e.ename, e.sal
    -> from salgrade s, emp e
    -> where e.sal between s.losal and s.hisal;
+-------+-------+--------+------+
| grade | empno | ename  | sal  |
+-------+-------+--------+------+
|     1 |  7369 | SMITH  |  800 |
|     3 |  7499 | ALLEN  | 1600 |
|     2 |  7521 | WARD   | 1250 |
|     4 |  7566 | JONES  | 2975 |
|     2 |  7654 | MARTIN | 1250 |
|     4 |  7698 | BLAKE  | 2850 |
|     4 |  7782 | CLARK  | 2450 |
|     4 |  7788 | SCOTT  | 3000 |
|     5 |  7839 | KING   | 5000 |
|     3 |  7844 | TURNER | 1500 |
|     1 |  7876 | ADAMS  | 1100 |
|     1 |  7900 | JAMES  |  950 |
|     4 |  7902 | FORD   | 3000 |
|     2 |  7934 | MILLER | 1300 |
+-------+-------+--------+------+
14 rows in set (0.00 sec)

mysql> select s.grade, e.empno, e.ename, e.sal
    -> from salgrade s, emp e
    -> where e.sal in (s.losal, s.hisal);
+-------+-------+-------+------+
| grade | empno | ename | sal  |
+-------+-------+-------+------+
|     4 |  7788 | SCOTT | 3000 |
|     4 |  7902 | FORD  | 3000 |
+-------+-------+-------+------+
2 rows in set (0.00 sec)

mysql> select s.grade, e.empno, e.ename, e.sal
    -> from salgrade s, emp e
    -> where(e.sal between s.losal and s.hisal) and s.grade = 1;
+-------+-------+-------+------+
| grade | empno | ename | sal  |
+-------+-------+-------+------+
|     1 |  7369 | SMITH |  800 |
|     1 |  7876 | ADAMS | 1100 |
|     1 |  7900 | JAMES |  950 |
+-------+-------+-------+------+
3 rows in set (0.00 sec)

mysql> select s.grade, e.empno, e.ename, e.sal
    -> from salgrade s, emp e
    -> where(e.sal between s.losal and s.hisal) and s.grade = 1 joins (e.sal between s.losal and s.hisal) and s.grade = 1;
ERROR 1064 (42000): You have an error in your SQL syntax; check the manual that corresponds to your MySQL server version for the right syntax to use near 'joins (e.sal between s.losal and s.hisal) and s.grade = 1' at line 3
mysql>
mysql>
mysql>
mysql>
mysql>
mysql> select d.deptname, e.ename, c.name
    -> from dept d, emp e, customer c
    -> where d.deptno = e.deptno
    -> and e.empno = c.repid;
+----------+--------+----------------------------------------------+
| deptname | ename  | name                                         |
+----------+--------+----------------------------------------------+
| Sales    | TURNER | JOCKSPORTS                                   |
| Sales    | WARD   | TKB SPORT SHOP                               |
| Sales    | MARTIN | VOLLYRITE                                    |
| Sales    | WARD   | JUST TENNIS                                  |
| Sales    | ALLEN  | EVERY MOUNTAIN                               |
| Sales    | TURNER | K + T SPORTS                                 |
| Sales    | WARD   | SHAPE UP                                     |
| Sales    | ALLEN  | WOMENS SPORTS                                |
| Sales    | TURNER | NORTH WOODS HEALTH AND FITNESS SUPPLY CENTER |
+----------+--------+----------------------------------------------+
9 rows in set (0.00 sec)

mysql> select d.deptname, e.ename, c.name
    -> from dept d, emp e, customer c
    -> where d.deptno = e.deptno
    -> and e.empno = c.repid
    -> and e.name = 'TURNER';
ERROR 1054 (42S22): Unknown column 'e.name' in 'where clause'
mysql>  select d.deptname, e.ename, c.name
    ->     -> from dept d, emp e, customer c
    ->     -> where d.deptno = e.deptno
    ->     -> and e.empno = c.repid
    ->     -> and e.ename = 'TURNER';
ERROR 1064 (42000): You have an error in your SQL syntax; check the manual that corresponds to your MySQL server version for the right syntax to use near 'from dept d, emp e, customer c
    -> where d.deptno = e.deptno
    -> and e.emp' at line 2
mysql> insert into dept (40, 'Operations');
ERROR 1064 (42000): You have an error in your SQL syntax; check the manual that corresponds to your MySQL server version for the right syntax to use near '40, 'Operations')' at line 1
mysql>
mysql>
mysql> insert into dept values (40, 'Operations');
ERROR 1136 (21S01): Column count doesn't match value count at row 1
mysql> select * from dept;
+--------+------------+----------+
| deptno | deptname   | loc      |
+--------+------------+----------+
|     10 | Accounting | New York |
|     20 | Research   | Boston   |
|     30 | Sales      | Dallas   |
+--------+------------+----------+
3 rows in set (0.00 sec)

mysql> insert into dept values (40, 'Operations', 'Philadelphia');
Query OK, 1 row affected (0.02 sec)

mysql> create table authors
    -> (
    ->  authodid int primary key,
    ->  authorname varchar (20),
    ->  authorcity varchar(20)
    -> );
Query OK, 0 rows affected (0.02 sec)

mysql> insert into authors values(101, 'JAMES GOSLING', 'FLORIDA');
Query OK, 1 row affected (0.00 sec)

mysql> insert into authors values(102, 'KATHY SIERRA', 'NEW YORK');
Query OK, 1 row affected (0.00 sec)

mysql> insert into authors values(103, 'YASHWANT KANETKAR', 'NAGPUR');
Query OK, 1 row affected (0.00 sec)

mysql> alter table authors
    -> add bid int;
Query OK, 0 rows affected (0.09 sec)
Records: 0  Duplicates: 0  Warnings: 0

mysql> select * from authors;
+----------+-------------------+------------+------+
| authodid | authorname        | authorcity | bid  |
+----------+-------------------+------------+------+
|      101 | JAMES GOSLING     | FLORIDA    | NULL |
|      102 | KATHY SIERRA      | NEW YORK   | NULL |
|      103 | YASHWANT KANETKAR | NAGPUR     | NULL |
+----------+-------------------+------------+------+
3 rows in set (0.00 sec)

mysql> create table books
    -> (
    ->  bookid int primary key,
    ->  bookname varchar(20),
    ->  bookcost int,
    ->  aid int
    -> );
Query OK, 0 rows affected (0.01 sec)

mysql> insert into books values (555, 'JAVA11', 1200, 101);
Query OK, 1 row affected (0.01 sec)

mysql> insert into books values (666, 'HEAD FIRST JAVA', 1500, 102);
Query OK, 1 row affected (0.02 sec)

mysql> insert into books values (666, 'LET US C', 250, 103);
ERROR 1062 (23000): Duplicate entry '666' for key 'books.PRIMARY'
mysql> insert into books values (777, 'LET US C', 250, 103);
Query OK, 1 row affected (0.02 sec)

mysql> alter table authors rename ^C
mysql> ^C
mysql> at
    -> ^C
mysql> alter table authors change column authodid authorid int;
Query OK, 0 rows affected (0.01 sec)
Records: 0  Duplicates: 0  Warnings: 0

mysql> select * from authors;
+----------+-------------------+------------+------+
| authorid | authorname        | authorcity | bid  |
+----------+-------------------+------------+------+
|      101 | JAMES GOSLING     | FLORIDA    | NULL |
|      102 | KATHY SIERRA      | NEW YORK   | NULL |
|      103 | YASHWANT KANETKAR | NAGPUR     | NULL |
+----------+-------------------+------------+------+
3 rows in set (0.00 sec)

mysql> select * from books;
+--------+-----------------+----------+------+
| bookid | bookname        | bookcost | aid  |
+--------+-----------------+----------+------+
|    555 | JAVA11          |     1200 |  101 |
|    666 | HEAD FIRST JAVA |     1500 |  102 |
|    777 | LET US C        |      250 |  103 |
+--------+-----------------+----------+------+
3 rows in set (0.00 sec)

mysql> select a.authorname, b.bookname
    -> from authors a, books b
    -> where a.authorid = b.aid;
+-------------------+-----------------+
| authorname        | bookname        |
+-------------------+-----------------+
| JAMES GOSLING     | JAVA11          |
| KATHY SIERRA      | HEAD FIRST JAVA |
| YASHWANT KANETKAR | LET US C        |
+-------------------+-----------------+
3 rows in set (0.00 sec)

mysql> insert into authors values(104, 'BJARNE STROUSTUP', 'DENMARK', NULL);
Query OK, 1 row affected (0.00 sec)

mysql> insert into BOOKS VALUES(888, 'LINUX IN A NUTSHELL', 1500, 104);
Query OK, 1 row affected (0.00 sec)

mysql> select a.authorname, b.bookname from authors a left join books
    -> on a.authorid = b.aid;
ERROR 1054 (42S22): Unknown column 'b.bookname' in 'field list'
mysql> select a.authorname, b.bookname from authors a left join books
    -> on a.authorid = b.aid ^C
mysql> select a.authorname, b.bookname
    -> from authors a, books b
    -> left join ^C
mysql> select a.authorname, b.bookname from books b left join authors a on a.authorid = b.aid;
+-------------------+---------------------+
| authorname        | bookname            |
+-------------------+---------------------+
| JAMES GOSLING     | JAVA11              |
| KATHY SIERRA      | HEAD FIRST JAVA     |
| YASHWANT KANETKAR | LET US C            |
| BJARNE STROUSTUP  | LINUX IN A NUTSHELL |
+-------------------+---------------------+
4 rows in set (0.00 sec)

mysql> select a.authorname, b.bookname from books b left outer join authors a on a.authorid = b.aid;
+-------------------+---------------------+
| authorname        | bookname            |
+-------------------+---------------------+
| JAMES GOSLING     | JAVA11              |
| KATHY SIERRA      | HEAD FIRST JAVA     |
| YASHWANT KANETKAR | LET US C            |
| BJARNE STROUSTUP  | LINUX IN A NUTSHELL |
+-------------------+---------------------+
4 rows in set (0.00 sec)

mysql> select a.authorname, b.bookname from books b right join authors a on a.authorid = b.aid;
+-------------------+---------------------+
| authorname        | bookname            |
+-------------------+---------------------+
| JAMES GOSLING     | JAVA11              |
| KATHY SIERRA      | HEAD FIRST JAVA     |
| YASHWANT KANETKAR | LET US C            |
| BJARNE STROUSTUP  | LINUX IN A NUTSHELL |
+-------------------+---------------------+
4 rows in set (0.00 sec)

mysql> select a.authorname, b.bookname from books b right join authors a on a.bid = b.bookid;
+-------------------+----------+
| authorname        | bookname |
+-------------------+----------+
| JAMES GOSLING     | NULL     |
| KATHY SIERRA      | NULL     |
| YASHWANT KANETKAR | NULL     |
| BJARNE STROUSTUP  | NULL     |
+-------------------+----------+
4 rows in set (0.00 sec)

mysql> insert into authors values bid = 555 where authorid = 101;
ERROR 1064 (42000): You have an error in your SQL syntax; check the manual that corresponds to your MySQL server version for the right syntax to use near 'bid = 555 where authorid = 101' at line 1
mysql> alter table authors change bid = 555 where authorid = 101;
ERROR 1064 (42000): You have an error in your SQL syntax; check the manual that corresponds to your MySQL server version for the right syntax to use near '= 555 where authorid = 101' at line 1
mysql>
mysql>
mysql>
mysql>
mysql>
mysql>
mysql>
mysql>
mysql>
mysql>
mysql>
mysql>
mysql>
mysql>
mysql> update into authors values bid = 555 where authorid = 101;
ERROR 1064 (42000): You have an error in your SQL syntax; check the manual that corresponds to your MySQL server version for the right syntax to use near 'into authors values bid = 555 where authorid = 101' at line 1
mysql>
mysql>
mysql>
mysql>
mysql>
mysql> update authors
    -> set bid = 555
    -> where authorid = 101;
Query OK, 1 row affected (0.00 sec)
Rows matched: 1  Changed: 1  Warnings: 0

mysql> update authors
    -> set bid = 666
    -> where authorid = 102;
Query OK, 1 row affected (0.00 sec)
Rows matched: 1  Changed: 1  Warnings: 0

mysql> update authors
    -> set bid = 777
    -> where authorid = 103;
Query OK, 1 row affected (0.00 sec)
Rows matched: 1  Changed: 1  Warnings: 0

mysql> select * from authors;
+----------+-------------------+------------+------+
| authorid | authorname        | authorcity | bid  |
+----------+-------------------+------------+------+
|      101 | JAMES GOSLING     | FLORIDA    |  555 |
|      102 | KATHY SIERRA      | NEW YORK   |  666 |
|      103 | YASHWANT KANETKAR | NAGPUR     |  777 |
|      104 | BJARNE STROUSTUP  | DENMARK    | NULL |
+----------+-------------------+------------+------+
4 rows in set (0.00 sec)

mysql> select * from books;
+--------+---------------------+----------+------+
| bookid | bookname            | bookcost | aid  |
+--------+---------------------+----------+------+
|    555 | JAVA11              |     1200 |  101 |
|    666 | HEAD FIRST JAVA     |     1500 |  102 |
|    777 | LET US C            |      250 |  103 |
|    888 | LINUX IN A NUTSHELL |     1500 |  104 |
+--------+---------------------+----------+------+
4 rows in set (0.00 sec)

mysql> update books
    -> set aid = null
    -> where bookid = 888;
Query OK, 1 row affected (0.00 sec)
Rows matched: 1  Changed: 1  Warnings: 0

mysql> select * from books;
+--------+---------------------+----------+------+
| bookid | bookname            | bookcost | aid  |
+--------+---------------------+----------+------+
|    555 | JAVA11              |     1200 |  101 |
|    666 | HEAD FIRST JAVA     |     1500 |  102 |
|    777 | LET US C            |      250 |  103 |
|    888 | LINUX IN A NUTSHELL |     1500 | NULL |
+--------+---------------------+----------+------+
4 rows in set (0.00 sec)

mysql> select a.authorname, b.bookname from books b right join authors a on a.authorid = b.aid;
+-------------------+-----------------+
| authorname        | bookname        |
+-------------------+-----------------+
| JAMES GOSLING     | JAVA11          |
| KATHY SIERRA      | HEAD FIRST JAVA |
| YASHWANT KANETKAR | LET US C        |
| BJARNE STROUSTUP  | NULL            |
+-------------------+-----------------+
4 rows in set (0.00 sec)

mysql> select a.authorname, b.bookname from books b left join authors a on a.authorid = b.aid;
+-------------------+---------------------+
| authorname        | bookname            |
+-------------------+---------------------+
| JAMES GOSLING     | JAVA11              |
| KATHY SIERRA      | HEAD FIRST JAVA     |
| YASHWANT KANETKAR | LET US C            |
| NULL              | LINUX IN A NUTSHELL |
+-------------------+---------------------+
4 rows in set (0.00 sec)

mysql> select a.authorname, b.bookname from books b left outer join authors a on a.authorid = b.aid;
+-------------------+---------------------+
| authorname        | bookname            |
+-------------------+---------------------+
| JAMES GOSLING     | JAVA11              |
| KATHY SIERRA      | HEAD FIRST JAVA     |
| YASHWANT KANETKAR | LET US C            |
| NULL              | LINUX IN A NUTSHELL |
+-------------------+---------------------+
4 rows in set (0.00 sec)

mysql> select a.authorname, b.bookname from books b right outer join authors a on a.authorid = b.aid;
+-------------------+-----------------+
| authorname        | bookname        |
+-------------------+-----------------+
| JAMES GOSLING     | JAVA11          |
| KATHY SIERRA      | HEAD FIRST JAVA |
| YASHWANT KANETKAR | LET US C        |
| BJARNE STROUSTUP  | NULL            |
+-------------------+-----------------+
4 rows in set (0.00 sec)

mysql> select a.authorname, b.bookname from books b outer join authors a on a.authorid = b.aid;
ERROR 1064 (42000): You have an error in your SQL syntax; check the manual that corresponds to your MySQL server version for the right syntax to use near 'outer join authors a on a.authorid = b.aid' at line 1
mysql>
mysql>
mysql>
mysql> select a.authorname, b.bookname from books b full outer join authors a on a.authorid = b.aid;
ERROR 1064 (42000): You have an error in your SQL syntax; check the manual that corresponds to your MySQL server version for the right syntax to use near 'full outer join authors a on a.authorid = b.aid' at line 1
mysql>
mysql>
mysql>
mysql>
mysql> select a.authorname, b.bookname from books b left outer join authors a on a.authorid = b.aid
    -> union
    -> select a.authorname, b.bookname from books b right outer join authors a on a.authorid = b.aid;
+-------------------+---------------------+
| authorname        | bookname            |
+-------------------+---------------------+
| JAMES GOSLING     | JAVA11              |
| KATHY SIERRA      | HEAD FIRST JAVA     |
| YASHWANT KANETKAR | LET US C            |
| NULL              | LINUX IN A NUTSHELL |
| BJARNE STROUSTUP  | NULL                |
+-------------------+---------------------+
5 rows in set (0.00 sec)

mysql> select * from emp order by empno, mgr;
+-------+--------+-----------+------+------------+------+------+--------+
| empno | ename  | job       | mgr  | hiredate   | sal  | comm | deptno |
+-------+--------+-----------+------+------------+------+------+--------+
|  7369 | SMITH  | CLERK     | 7902 | 1980-12-17 |  800 | NULL |     20 |
|  7499 | ALLEN  | SALESMAN  | 7698 | 1981-02-20 | 1600 |  300 |     30 |
|  7521 | WARD   | SALESMAN  | 7698 | 1981-02-22 | 1250 |  500 |     30 |
|  7566 | JONES  | MANAGER   | 7839 | 1981-03-02 | 2975 | NULL |     20 |
|  7654 | MARTIN | SALESMAN  | 7698 | 1981-09-28 | 1250 | 1400 |     30 |
|  7698 | BLAKE  | MANAGER   | 7839 | 1981-05-01 | 2850 | NULL |     30 |
|  7782 | CLARK  | MANAGER   | 7839 | 1981-06-09 | 2450 | NULL |     10 |
|  7788 | SCOTT  | ANALYST   | 7566 | 1982-12-09 | 3000 | NULL |     20 |
|  7839 | KING   | PRESIDENT | NULL | 1981-12-17 | 5000 | NULL |     10 |
|  7844 | TURNER | SALESMAN  | 7698 | 1981-09-08 | 1500 |    0 |     30 |
|  7876 | ADAMS  | CLERK     | 7788 | 1983-01-12 | 1100 | NULL |     20 |
|  7900 | JAMES  | CLERK     | 7698 | 1981-12-03 |  950 | NULL |     30 |
|  7902 | FORD   | ANALYST   | 7566 | 1981-12-03 | 3000 | NULL |     20 |
|  7934 | MILLER | CLERK     | 7782 | 1982-01-23 | 1300 | NULL |     10 |
+-------+--------+-----------+------+------------+------+------+--------+
14 rows in set (0.00 sec)

mysql> select m.empno, m.ename, m.job, e.empno, e.ename, e.job
    -> from emp m, emp e
    -> where m.empno = e.mgr;
+-------+-------+-----------+-------+--------+----------+
| empno | ename | job       | empno | ename  | job      |
+-------+-------+-----------+-------+--------+----------+
|  7902 | FORD  | ANALYST   |  7369 | SMITH  | CLERK    |
|  7698 | BLAKE | MANAGER   |  7499 | ALLEN  | SALESMAN |
|  7698 | BLAKE | MANAGER   |  7521 | WARD   | SALESMAN |
|  7839 | KING  | PRESIDENT |  7566 | JONES  | MANAGER  |
|  7698 | BLAKE | MANAGER   |  7654 | MARTIN | SALESMAN |
|  7839 | KING  | PRESIDENT |  7698 | BLAKE  | MANAGER  |
|  7839 | KING  | PRESIDENT |  7782 | CLARK  | MANAGER  |
|  7566 | JONES | MANAGER   |  7788 | SCOTT  | ANALYST  |
|  7698 | BLAKE | MANAGER   |  7844 | TURNER | SALESMAN |
|  7788 | SCOTT | ANALYST   |  7876 | ADAMS  | CLERK    |
|  7698 | BLAKE | MANAGER   |  7900 | JAMES  | CLERK    |
|  7566 | JONES | MANAGER   |  7902 | FORD   | ANALYST  |
|  7782 | CLARK | MANAGER   |  7934 | MILLER | CLERK    |
+-------+-------+-----------+-------+--------+----------+
13 rows in set (0.00 sec)

mysql> select m.empno, m.ename, m.job, e.empno, e.ename, e.mgr
    -> from emp m, emp e
    -> where m.empno = e.mgr;
+-------+-------+-----------+-------+--------+------+
| empno | ename | job       | empno | ename  | mgr  |
+-------+-------+-----------+-------+--------+------+
|  7902 | FORD  | ANALYST   |  7369 | SMITH  | 7902 |
|  7698 | BLAKE | MANAGER   |  7499 | ALLEN  | 7698 |
|  7698 | BLAKE | MANAGER   |  7521 | WARD   | 7698 |
|  7839 | KING  | PRESIDENT |  7566 | JONES  | 7839 |
|  7698 | BLAKE | MANAGER   |  7654 | MARTIN | 7698 |
|  7839 | KING  | PRESIDENT |  7698 | BLAKE  | 7839 |
|  7839 | KING  | PRESIDENT |  7782 | CLARK  | 7839 |
|  7566 | JONES | MANAGER   |  7788 | SCOTT  | 7566 |
|  7698 | BLAKE | MANAGER   |  7844 | TURNER | 7698 |
|  7788 | SCOTT | ANALYST   |  7876 | ADAMS  | 7788 |
|  7698 | BLAKE | MANAGER   |  7900 | JAMES  | 7698 |
|  7566 | JONES | MANAGER   |  7902 | FORD   | 7566 |
|  7782 | CLARK | MANAGER   |  7934 | MILLER | 7782 |
+-------+-------+-----------+-------+--------+------+
13 rows in set (0.00 sec)

mysql> select m.empno,  m.ename, e.ename, e.mgr
    -> from emp m, emp e
    -> where m.empno = e.mgr;
+-------+-------+--------+------+
| empno | ename | ename  | mgr  |
+-------+-------+--------+------+
|  7902 | FORD  | SMITH  | 7902 |
|  7698 | BLAKE | ALLEN  | 7698 |
|  7698 | BLAKE | WARD   | 7698 |
|  7839 | KING  | JONES  | 7839 |
|  7698 | BLAKE | MARTIN | 7698 |
|  7839 | KING  | BLAKE  | 7839 |
|  7839 | KING  | CLARK  | 7839 |
|  7566 | JONES | SCOTT  | 7566 |
|  7698 | BLAKE | TURNER | 7698 |
|  7788 | SCOTT | ADAMS  | 7788 |
|  7698 | BLAKE | JAMES  | 7698 |
|  7566 | JONES | FORD   | 7566 |
|  7782 | CLARK | MILLER | 7782 |
+-------+-------+--------+------+
13 rows in set (0.00 sec)

mysql> select ename || 'is working as' || job from emp;
+---------------------------------+
| ename || 'is working as' || job |
+---------------------------------+
|                               0 |
|                               0 |
|                               0 |
|                               0 |
|                               0 |
|                               0 |
|                               0 |
|                               0 |
|                               0 |
|                               0 |
|                               0 |
|                               0 |
|                               0 |
|                               0 |
+---------------------------------+
14 rows in set, 31 warnings (0.00 sec)

mysql> select ename from emp || 'is working as' || job from emp;
ERROR 1064 (42000): You have an error in your SQL syntax; check the manual that corresponds to your MySQL server version for the right syntax to use near '|| 'is working as' || job from emp' at line 1
mysql> select ename || 'is working as' || job from emp;
+---------------------------------+
| ename || 'is working as' || job |
+---------------------------------+
|                               0 |
|                               0 |
|                               0 |
|                               0 |
|                               0 |
|                               0 |
|                               0 |
|                               0 |
|                               0 |
|                               0 |
|                               0 |
|                               0 |
|                               0 |
|                               0 |
+---------------------------------+
14 rows in set, 31 warnings (0.00 sec)

mysql> set sql_mode = pipes_as_concat;
Query OK, 0 rows affected (0.00 sec)

mysql> select ename || 'is working as' || job from emp;
+---------------------------------+
| ename || 'is working as' || job |
+---------------------------------+
| SMITHis working asCLERK         |
| ALLENis working asSALESMAN      |
| WARDis working asSALESMAN       |
| JONESis working asMANAGER       |
| MARTINis working asSALESMAN     |
| BLAKEis working asMANAGER       |
| CLARKis working asMANAGER       |
| SCOTTis working asANALYST       |
| KINGis working asPRESIDENT      |
| TURNERis working asSALESMAN     |
| ADAMSis working asCLERK         |
| JAMESis working asCLERK         |
| FORDis working asANALYST        |
| MILLERis working asCLERK        |
+---------------------------------+
14 rows in set (0.00 sec)

mysql> select ename || ' is working as ' || job from emp;
+-----------------------------------+
| ename || ' is working as ' || job |
+-----------------------------------+
| SMITH is working as CLERK         |
| ALLEN is working as SALESMAN      |
| WARD is working as SALESMAN       |
| JONES is working as MANAGER       |
| MARTIN is working as SALESMAN     |
| BLAKE is working as MANAGER       |
| CLARK is working as MANAGER       |
| SCOTT is working as ANALYST       |
| KING is working as PRESIDENT      |
| TURNER is working as SALESMAN     |
| ADAMS is working as CLERK         |
| JAMES is working as CLERK         |
| FORD is working as ANALYST        |
| MILLER is working as CLERK        |
+-----------------------------------+
14 rows in set (0.00 sec)

mysql> select ename || ' is working as a ' || job from emp;
+-------------------------------------+
| ename || ' is working as a ' || job |
+-------------------------------------+
| SMITH is working as a CLERK         |
| ALLEN is working as a SALESMAN      |
| WARD is working as a SALESMAN       |
| JONES is working as a MANAGER       |
| MARTIN is working as a SALESMAN     |
| BLAKE is working as a MANAGER       |
| CLARK is working as a MANAGER       |
| SCOTT is working as a ANALYST       |
| KING is working as a PRESIDENT      |
| TURNER is working as a SALESMAN     |
| ADAMS is working as a CLERK         |
| JAMES is working as a CLERK         |
| FORD is working as a ANALYST        |
| MILLER is working as a CLERK        |
+-------------------------------------+
14 rows in set (0.00 sec)

mysql> select e.ename || ' is working as a ' || e.job || ' under manager ' || m.ename
    -> from emp m, emp e
    -> where m.empno = e.mgr;
+-------------------------------------------------------------------------+
| e.ename || ' is working as a ' || e.job || ' under manager ' || m.ename |
+-------------------------------------------------------------------------+
| SMITH is working as a CLERK under manager FORD                          |
| ALLEN is working as a SALESMAN under manager BLAKE                      |
| WARD is working as a SALESMAN under manager BLAKE                       |
| JONES is working as a MANAGER under manager KING                        |
| MARTIN is working as a SALESMAN under manager BLAKE                     |
| BLAKE is working as a MANAGER under manager KING                        |
| CLARK is working as a MANAGER under manager KING                        |
| SCOTT is working as a ANALYST under manager JONES                       |
| TURNER is working as a SALESMAN under manager BLAKE                     |
| ADAMS is working as a CLERK under manager SCOTT                         |
| JAMES is working as a CLERK under manager BLAKE                         |
| FORD is working as a ANALYST under manager JONES                        |
| MILLER is working as a CLERK under manager CLARK                        |
+-------------------------------------------------------------------------+
13 rows in set (0.00 sec)

mysql> select e.ename || ' is working as a ' || e.job || ' under ' || m.ename
    -> ^C
mysql> select e.ename || ' is working as a ' || e.job || ' under ' || m.ename ;
ERROR 1109 (42S02): Unknown table 'e' in field list
mysql> select e.ename || ' is working as a ' || e.job || ' under ' || m.ename
    -> from emp m, emp e
    -> where m.empno = e.mgr;
+-----------------------------------------------------------------+
| e.ename || ' is working as a ' || e.job || ' under ' || m.ename |
+-----------------------------------------------------------------+
| SMITH is working as a CLERK under FORD                          |
| ALLEN is working as a SALESMAN under BLAKE                      |
| WARD is working as a SALESMAN under BLAKE                       |
| JONES is working as a MANAGER under KING                        |
| MARTIN is working as a SALESMAN under BLAKE                     |
| BLAKE is working as a MANAGER under KING                        |
| CLARK is working as a MANAGER under KING                        |
| SCOTT is working as a ANALYST under JONES                       |
| TURNER is working as a SALESMAN under BLAKE                     |
| ADAMS is working as a CLERK under SCOTT                         |
| JAMES is working as a CLERK under BLAKE                         |
| FORD is working as a ANALYST under JONES                        |
| MILLER is working as a CLERK under CLARK                        |
+-----------------------------------------------------------------+
13 rows in set (0.00 sec)

mysql> select min(sal), max(sal) from emp;
+----------+----------+
| min(sal) | max(sal) |
+----------+----------+
|      800 |     5000 |
+----------+----------+
1 row in set (0.00 sec)

mysql> select count(empno) from emp;
+--------------+
| count(empno) |
+--------------+
|           14 |
+--------------+
1 row in set (0.00 sec)

mysql> select avg(sal) from emp;
+-----------+
| avg(sal)  |
+-----------+
| 2073.2143 |
+-----------+
1 row in set (0.00 sec)

mysql> select sum(sal) from emp;
+----------+
| sum(sal) |
+----------+
|    29025 |
+----------+
1 row in set (0.00 sec)

mysql> select min(sal), max(sal), avg(sal), sum(sal), count(empno);
ERROR 1054 (42S22): Unknown column 'sal' in 'field list'
mysql> select min(sal), max(sal), avg(sal), sum(sal), count(empno) from emp;
+----------+----------+-----------+----------+--------------+
| min(sal) | max(sal) | avg(sal)  | sum(sal) | count(empno) |
+----------+----------+-----------+----------+--------------+
|      800 |     5000 | 2073.2143 |    29025 |           14 |
+----------+----------+-----------+----------+--------------+
1 row in set (0.00 sec)

mysql> select count(empno) from emp group by job;
+--------------+
| count(empno) |
+--------------+
|            4 |
|            4 |
|            3 |
|            2 |
|            1 |
+--------------+
5 rows in set (0.00 sec)

mysql> select count(empno), job from emp group by job;
+--------------+-----------+
| count(empno) | job       |
+--------------+-----------+
|            4 | CLERK     |
|            4 | SALESMAN  |
|            3 | MANAGER   |
|            2 | ANALYST   |
|            1 | PRESIDENT |
+--------------+-----------+
5 rows in set (0.00 sec)

mysql> select count(empno), job, sal from emp group by job;
+--------------+-----------+------+
| count(empno) | job       | sal  |
+--------------+-----------+------+
|            4 | CLERK     |  800 |
|            4 | SALESMAN  | 1600 |
|            3 | MANAGER   | 2975 |
|            2 | ANALYST   | 3000 |
|            1 | PRESIDENT | 5000 |
+--------------+-----------+------+
5 rows in set (0.00 sec)

mysql> select count(empno), job,sum(sal) from emp group by job;
+--------------+-----------+----------+
| count(empno) | job       | sum(sal) |
+--------------+-----------+----------+
|            4 | CLERK     |     4150 |
|            4 | SALESMAN  |     5600 |
|            3 | MANAGER   |     8275 |
|            2 | ANALYST   |     6000 |
|            1 | PRESIDENT |     5000 |
+--------------+-----------+----------+
5 rows in set (0.00 sec)

mysql> select empno, ename from emp order by deptno;
+-------+--------+
| empno | ename  |
+-------+--------+
|  7782 | CLARK  |
|  7839 | KING   |
|  7934 | MILLER |
|  7369 | SMITH  |
|  7566 | JONES  |
|  7788 | SCOTT  |
|  7876 | ADAMS  |
|  7902 | FORD   |
|  7499 | ALLEN  |
|  7521 | WARD   |
|  7654 | MARTIN |
|  7698 | BLAKE  |
|  7844 | TURNER |
|  7900 | JAMES  |
+-------+--------+
14 rows in set (0.00 sec)

mysql> select empno, ename, deptno from emp order by deptno;
+-------+--------+--------+
| empno | ename  | deptno |
+-------+--------+--------+
|  7782 | CLARK  |     10 |
|  7839 | KING   |     10 |
|  7934 | MILLER |     10 |
|  7369 | SMITH  |     20 |
|  7566 | JONES  |     20 |
|  7788 | SCOTT  |     20 |
|  7876 | ADAMS  |     20 |
|  7902 | FORD   |     20 |
|  7499 | ALLEN  |     30 |
|  7521 | WARD   |     30 |
|  7654 | MARTIN |     30 |
|  7698 | BLAKE  |     30 |
|  7844 | TURNER |     30 |
|  7900 | JAMES  |     30 |
+-------+--------+--------+
14 rows in set (0.00 sec)

mysql> select empno, ename, deptno from emp order by deptno and job;
+-------+--------+--------+
| empno | ename  | deptno |
+-------+--------+--------+
|  7369 | SMITH  |     20 |
|  7499 | ALLEN  |     30 |
|  7521 | WARD   |     30 |
|  7566 | JONES  |     20 |
|  7654 | MARTIN |     30 |
|  7698 | BLAKE  |     30 |
|  7782 | CLARK  |     10 |
|  7788 | SCOTT  |     20 |
|  7839 | KING   |     10 |
|  7844 | TURNER |     30 |
|  7876 | ADAMS  |     20 |
|  7900 | JAMES  |     30 |
|  7902 | FORD   |     20 |
|  7934 | MILLER |     10 |
+-------+--------+--------+
14 rows in set, 14 warnings (0.00 sec)

mysql> select empno, ename, deptno, job from emp order by deptno and job;
+-------+--------+--------+-----------+
| empno | ename  | deptno | job       |
+-------+--------+--------+-----------+
|  7369 | SMITH  |     20 | CLERK     |
|  7499 | ALLEN  |     30 | SALESMAN  |
|  7521 | WARD   |     30 | SALESMAN  |
|  7566 | JONES  |     20 | MANAGER   |
|  7654 | MARTIN |     30 | SALESMAN  |
|  7698 | BLAKE  |     30 | MANAGER   |
|  7782 | CLARK  |     10 | MANAGER   |
|  7788 | SCOTT  |     20 | ANALYST   |
|  7839 | KING   |     10 | PRESIDENT |
|  7844 | TURNER |     30 | SALESMAN  |
|  7876 | ADAMS  |     20 | CLERK     |
|  7900 | JAMES  |     30 | CLERK     |
|  7902 | FORD   |     20 | ANALYST   |
|  7934 | MILLER |     10 | CLERK     |
+-------+--------+--------+-----------+
14 rows in set, 14 warnings (0.00 sec)

mysql> select empno, ename, deptno, job from emp order by deptno and order by job;
ERROR 1064 (42000): You have an error in your SQL syntax; check the manual that corresponds to your MySQL server version for the right syntax to use near 'order by job' at line 1
mysql>
mysql>
mysql>
mysql>
mysql>
mysql>
mysql>
mysql> select empno, ename, deptno, job from emp group by deptno and job;
+-------+-------+--------+-------+
| empno | ename | deptno | job   |
+-------+-------+--------+-------+
|  7369 | SMITH |     20 | CLERK |
+-------+-------+--------+-------+
1 row in set, 14 warnings (0.00 sec)

mysql> select empno, ename, deptno, job from emp group by deptno and order by job;
ERROR 1064 (42000): You have an error in your SQL syntax; check the manual that corresponds to your MySQL server version for the right syntax to use near 'order by job' at line 1
mysql>
mysql>
mysql>
mysql>
mysql>
mysql>
mysql>
mysql> select empno, ename, deptno, job from emp group by deptno;
+-------+-------+--------+----------+
| empno | ename | deptno | job      |
+-------+-------+--------+----------+
|  7782 | CLARK |     10 | MANAGER  |
|  7369 | SMITH |     20 | CLERK    |
|  7499 | ALLEN |     30 | SALESMAN |
+-------+-------+--------+----------+
3 rows in set (0.00 sec)

mysql> select empno, ename, deptno, job from emp order by deptno;
+-------+--------+--------+-----------+
| empno | ename  | deptno | job       |
+-------+--------+--------+-----------+
|  7782 | CLARK  |     10 | MANAGER   |
|  7839 | KING   |     10 | PRESIDENT |
|  7934 | MILLER |     10 | CLERK     |
|  7369 | SMITH  |     20 | CLERK     |
|  7566 | JONES  |     20 | MANAGER   |
|  7788 | SCOTT  |     20 | ANALYST   |
|  7876 | ADAMS  |     20 | CLERK     |
|  7902 | FORD   |     20 | ANALYST   |
|  7499 | ALLEN  |     30 | SALESMAN  |
|  7521 | WARD   |     30 | SALESMAN  |
|  7654 | MARTIN |     30 | SALESMAN  |
|  7698 | BLAKE  |     30 | MANAGER   |
|  7844 | TURNER |     30 | SALESMAN  |
|  7900 | JAMES  |     30 | CLERK     |
+-------+--------+--------+-----------+
14 rows in set (0.00 sec)

mysql> select empno, ename, deptno, job from emp order by deptno
    -> union
    -> select empno, ename, deptno, job from emp order by job;
ERROR 1064 (42000): You have an error in your SQL syntax; check the manual that corresponds to your MySQL server version for the right syntax to use near 'union
select empno, ename, deptno, job from emp order by job' at line 2
mysql>
mysql>
mysql>
mysql>
mysql>
mysql>
mysql>
mysql>
mysql>
mysql>
mysql>
mysql>
mysql> select empno, ename, deptno, job from emp order by (job and deptno);
+-------+--------+--------+-----------+
| empno | ename  | deptno | job       |
+-------+--------+--------+-----------+
|  7369 | SMITH  |     20 | CLERK     |
|  7499 | ALLEN  |     30 | SALESMAN  |
|  7521 | WARD   |     30 | SALESMAN  |
|  7566 | JONES  |     20 | MANAGER   |
|  7654 | MARTIN |     30 | SALESMAN  |
|  7698 | BLAKE  |     30 | MANAGER   |
|  7782 | CLARK  |     10 | MANAGER   |
|  7788 | SCOTT  |     20 | ANALYST   |
|  7839 | KING   |     10 | PRESIDENT |
|  7844 | TURNER |     30 | SALESMAN  |
|  7876 | ADAMS  |     20 | CLERK     |
|  7900 | JAMES  |     30 | CLERK     |
|  7902 | FORD   |     20 | ANALYST   |
|  7934 | MILLER |     10 | CLERK     |
+-------+--------+--------+-----------+
14 rows in set, 14 warnings (0.00 sec)

mysql> select empno, ename, deptno, job from emp group by deptno, job
    -> ^C
mysql> select empno, ename, deptno, job from emp group by deptno, job;
+-------+--------+--------+-----------+
| empno | ename  | deptno | job       |
+-------+--------+--------+-----------+
|  7369 | SMITH  |     20 | CLERK     |
|  7499 | ALLEN  |     30 | SALESMAN  |
|  7566 | JONES  |     20 | MANAGER   |
|  7698 | BLAKE  |     30 | MANAGER   |
|  7782 | CLARK  |     10 | MANAGER   |
|  7788 | SCOTT  |     20 | ANALYST   |
|  7839 | KING   |     10 | PRESIDENT |
|  7900 | JAMES  |     30 | CLERK     |
|  7934 | MILLER |     10 | CLERK     |
+-------+--------+--------+-----------+
9 rows in set (0.00 sec)

mysql> select sum(sal), count(empno), deptno, job from emp group by deptno, job;
+----------+--------------+--------+-----------+
| sum(sal) | count(empno) | deptno | job       |
+----------+--------------+--------+-----------+
|     1900 |            2 |     20 | CLERK     |
|     5600 |            4 |     30 | SALESMAN  |
|     2975 |            1 |     20 | MANAGER   |
|     2850 |            1 |     30 | MANAGER   |
|     2450 |            1 |     10 | MANAGER   |
|     6000 |            2 |     20 | ANALYST   |
|     5000 |            1 |     10 | PRESIDENT |
|      950 |            1 |     30 | CLERK     |
|     1300 |            1 |     10 | CLERK     |
+----------+--------------+--------+-----------+
9 rows in set (0.00 sec)

mysql> select * from emp;
+-------+--------+-----------+------+------------+------+------+--------+
| empno | ename  | job       | mgr  | hiredate   | sal  | comm | deptno |
+-------+--------+-----------+------+------------+------+------+--------+
|  7369 | SMITH  | CLERK     | 7902 | 1980-12-17 |  800 | NULL |     20 |
|  7499 | ALLEN  | SALESMAN  | 7698 | 1981-02-20 | 1600 |  300 |     30 |
|  7521 | WARD   | SALESMAN  | 7698 | 1981-02-22 | 1250 |  500 |     30 |
|  7566 | JONES  | MANAGER   | 7839 | 1981-03-02 | 2975 | NULL |     20 |
|  7654 | MARTIN | SALESMAN  | 7698 | 1981-09-28 | 1250 | 1400 |     30 |
|  7698 | BLAKE  | MANAGER   | 7839 | 1981-05-01 | 2850 | NULL |     30 |
|  7782 | CLARK  | MANAGER   | 7839 | 1981-06-09 | 2450 | NULL |     10 |
|  7788 | SCOTT  | ANALYST   | 7566 | 1982-12-09 | 3000 | NULL |     20 |
|  7839 | KING   | PRESIDENT | NULL | 1981-12-17 | 5000 | NULL |     10 |
|  7844 | TURNER | SALESMAN  | 7698 | 1981-09-08 | 1500 |    0 |     30 |
|  7876 | ADAMS  | CLERK     | 7788 | 1983-01-12 | 1100 | NULL |     20 |
|  7900 | JAMES  | CLERK     | 7698 | 1981-12-03 |  950 | NULL |     30 |
|  7902 | FORD   | ANALYST   | 7566 | 1981-12-03 | 3000 | NULL |     20 |
|  7934 | MILLER | CLERK     | 7782 | 1982-01-23 | 1300 | NULL |     10 |
+-------+--------+-----------+------+------------+------+------+--------+
14 rows in set (0.00 sec)

mysql> select sum(sal), count(empno), deptno, job from emp group by deptno, job having count(empno) > 1;
+----------+--------------+--------+----------+
| sum(sal) | count(empno) | deptno | job      |
+----------+--------------+--------+----------+
|     1900 |            2 |     20 | CLERK    |
|     5600 |            4 |     30 | SALESMAN |
|     6000 |            2 |     20 | ANALYST  |
+----------+--------------+--------+----------+
3 rows in set (0.00 sec)

mysql> select sum(sal), count(empno), deptno, job from emp group by deptno, job order by deptno having count(empno) > 1;
ERROR 1064 (42000): You have an error in your SQL syntax; check the manual that corresponds to your MySQL server version for the right syntax to use near 'having count(empno) > 1' at line 1
mysql>
mysql>
mysql>
mysql>
mysql>
mysql>
mysql>
mysql>
mysql> ^S
    -> ^C
mysql>
mysql> select create table emp2
    -> (
    ->  wmpno int primary key,
    ->  ename varchar(20) not null,
    ->  email varchar(20) unique,
    ->  age int check (age >= 18),
    ->  dno int references dept(deptno)
    -> );
ERROR 1064 (42000): You have an error in your SQL syntax; check the manual that corresponds to your MySQL server version for the right syntax to use near 'create table emp2
(
        wmpno int primary key,
        ename varchar(20) not null,
        email ' at line 1
mysql> create table emp2
    ->     -> (
    ->     ->  wmpno int primary key,
    ->     ->  ename varchar(20) not null,
    ->     ->  email varchar(20) unique,
    ->     ->  age int check (age >= 18),
    ->     ->  dno int references dept(deptno)
    ->     -> );
ERROR 1064 (42000): You have an error in your SQL syntax; check the manual that corresponds to your MySQL server version for the right syntax to use near '-> (
    ->  wmpno int primary key,
    ->  ename varchar(20) not null,
    ->  ' at line 2
mysql> create table emp2
    -> (
    ->  empno int primary key,
    ->  ename varchar(20) not null,
    ->  email varchar(20) unique,
    ->  age int check (age >= 18),
    ->  dno int references dept(deptno)
    -> );
Query OK, 0 rows affected (0.06 sec)

mysql> insert into emp2 values(1, 'JACK', 'jack@gmail.com', 20, 10);
Query OK, 1 row affected (0.00 sec)

mysql> insert into emp2 values(2, 'JACKY', 'jacky@gmail.com', 12, 20);
ERROR 3819 (HY000): Check constraint 'emp2_chk_1' is violated.
mysql> insert into emp2 values(2, 'JACKY', 'jacky@gmail.com', 25, 20);
Query OK, 1 row affected (0.00 sec)

mysql> insert into emp2 values(2, 'JANET', 'janet@gmail.com', 45, 20);
ERROR 1062 (23000): Duplicate entry '2' for key 'emp2.PRIMARY'
mysql> insert into emp2 values(3, 'JANET', 'janet@gmail.com', 45, 20);
Query OK, 1 row affected (0.00 sec)

mysql> insert into emp2 values(4, 'JANI', 'jani@gmail.com', -9, 20);
ERROR 3819 (HY000): Check constraint 'emp2_chk_1' is violated.
mysql> insert into emp2 values(4, 'JANI', 'jani@gmail.com', 25, 20);
Query OK, 1 row affected (0.00 sec)

mysql> select * from emp2;
+-------+-------+-----------------+------+------+
| empno | ename | email           | age  | dno  |
+-------+-------+-----------------+------+------+
|     1 | JACK  | jack@gmail.com  |   20 |   10 |
|     2 | JACKY | jacky@gmail.com |   25 |   20 |
|     3 | JANET | janet@gmail.com |   45 |   20 |
|     4 | JANI  | jani@gmail.com  |   25 |   20 |
+-------+-------+-----------------+------+------+
4 rows in set (0.00 sec)

mysql> select column_name, constraint_name
    -> from
    -> information_schema
    -> where table_name = 'emp';
ERROR 1146 (42S02): Table 'mysql.information_schema' doesn't exist
mysql> select column_name, constraint_name
    -> information_schema.key_column_usage
    -> where table_name = 'emp';
ERROR 1064 (42000): You have an error in your SQL syntax; check the manual that corresponds to your MySQL server version for the right syntax to use near '.key_column_usage
where table_name = 'emp'' at line 2
mysql> SELECT COLUMN_NAME, CONSTRAINT_NAME, REFERENCED_COLUMN_NAME, REFERENCED_TABLE_NAME FROM  INFORMATION_SCHEMA.KEY_COLUMN_USAGE WHERE TABLE_NAME='EMP';
+-------------+-----------------+------------------------+-----------------------+
| COLUMN_NAME | CONSTRAINT_NAME | REFERENCED_COLUMN_NAME | REFERENCED_TABLE_NAME |
+-------------+-----------------+------------------------+-----------------------+
| empno       | PRIMARY         | NULL                   | NULL                  |
| deptno      | emp_ibfk_1      | deptno                 | dept                  |
| mgr         | emp_ibfk_2      | empno                  | emp                   |
+-------------+-----------------+------------------------+-----------------------+
3 rows in set (0.00 sec)

mysql> create table Member
    -> (
    -> Member_Id Int(5) Primary Key,
    -> Member_Name varchar(30),
    -> Member_address varchar(50),
    -> Acc_Open_Date date,
    -> Membership_type varchar(20) Check ( Membership_type in ('Lifetime','Annual','Half Yearly','Quarterly')),
    -> Fees_paid Int(4),
    -> MAx_Books_Allowed Int(2),
    -> Penalty_Amount Int(7,2)
    -> );
ERROR 1064 (42000): You have an error in your SQL syntax; check the manual that corresponds to your MySQL server version for the right syntax to use near ',2)
)' at line 10
mysql> create table Member
    -> (
    -> Member_Id Int Primary Key,
    -> Member_Name varchar(30),
    -> Member_address varchar(50),
    -> Acc_Open_Date date,
    -> Membership_type varchar(20) Check ( Membership_type in ('Lifetime','Annual','Half Yearly','Quarterly')),
    -> Fees_paid Int,
    -> MAx_Books_Allowed Int,
    -> Penalty_Amount Int
    -> );
Query OK, 0 rows affected (0.02 sec)

mysql> create table Books
    -> (
    -> Book_NoInt,
    -> Book_NameVarChar(30),
    -> Author_nameVarchar(30),
    -> CostInt,
    -> CategoryChar(10)
    -> );
ERROR 1064 (42000): You have an error in your SQL syntax; check the manual that corresponds to your MySQL server version for the right syntax to use near ',
Book_NameVarChar(30),
Author_nameVarchar(30),
CostInt,
CategoryChar(10)
)' at line 3
mysql> x`create table Books
    `> (
    `> Book_No Int,
    `> Book_NameVarChar(30),
    `> Author_name Varchar(30),
    `> Cost Int,
    `> Category Char
    `> );
    `>
    `> Category Char^C
mysql> create table Books
    -> (
    -> Book_No Int,
    -> Book_NameVarChar(30),
    -> Author_name Varchar(30),
    -> Cost Int,
    -> Category Char
    -> );
ERROR 1064 (42000): You have an error in your SQL syntax; check the manual that corresponds to your MySQL server version for the right syntax to use near '(30),
Author_name Varchar(30),
Cost Int,
Category Char
)' at line 4
mysql> create table Books
    -> (
    -> Book_No Int,
    -> Book_NamevarChar(30),
    -> Author_name varchar(30),
    -> Cost Int,
    -> Category Char
    -> );
ERROR 1064 (42000): You have an error in your SQL syntax; check the manual that corresponds to your MySQL server version for the right syntax to use near '(30),
Author_name varchar(30),
Cost Int,
Category Char
)' at line 4
mysql> create table Book
    -> (
    -> Book_No Int,
    -> Book_NamevarChar(30),
    -> Author_name varchar(30),
    -> Cost Int,
    -> Category Char
    -> );
ERROR 1064 (42000): You have an error in your SQL syntax; check the manual that corresponds to your MySQL server version for the right syntax to use near '(30),
Author_name varchar(30),
Cost Int,
Category Char
)' at line 4
mysql> create table book
    -> (
    ->  Book_no int,
    ->  Book_name varchar(30),
    ->  Author_name varchar(30),
    ->  Cost int,
    ->  Category char
    -> );
Query OK, 0 rows affected (0.01 sec)

mysql> create table Issue
    -> (
    -> Lib_Issue_IdInt,
    -> Book_No Int,
    -> Member_Id Int,
    -> Issue_DateDate,
    -> Return_dateDate
    -> );
ERROR 1064 (42000): You have an error in your SQL syntax; check the manual that corresponds to your MySQL server version for the right syntax to use near ',
Book_No Int,
Member_Id Int,
Issue_DateDate,
Return_dateDate
)' at line 3
mysql> create table issue
    -> (
    ->  Lib_issue_id int,
    ->  Book_no int,
    ->  Member_id int,
    ->  Issue_date date,
    ->  Return_date date
    -> );
Query OK, 0 rows affected (0.01 sec)

mysql> desc member;
+-------------------+-------------+------+-----+---------+-------+
| Field             | Type        | Null | Key | Default | Extra |
+-------------------+-------------+------+-----+---------+-------+
| Member_Id         | int         | NO   | PRI | NULL    |       |
| Member_Name       | varchar(30) | YES  |     | NULL    |       |
| Member_address    | varchar(50) | YES  |     | NULL    |       |
| Acc_Open_Date     | date        | YES  |     | NULL    |       |
| Membership_type   | varchar(20) | YES  |     | NULL    |       |
| Fees_paid         | int         | YES  |     | NULL    |       |
| MAx_Books_Allowed | int         | YES  |     | NULL    |       |
| Penalty_Amount    | int         | YES  |     | NULL    |       |
+-------------------+-------------+------+-----+---------+-------+
8 rows in set (0.00 sec)

mysql> drop table member;
Query OK, 0 rows affected (0.02 sec)

mysql> create table Member
    ->     -> (
    ->     -> Member_Id Int Primary Key,
    ->     -> Member_Name varchar(30),
    ->     -> Member_address varchar(50),
    ->     -> Acc_Open_Date date,
    ->     -> Membership_type varchar(20) Check ( Membership_type in ('Lifetime','Annual','Half Yearly','Quarterly')),
    ->     -> Fees_paid Int,
    ->     -> MAx_Books_Allowed Int,
    ->     -> Penalty_Amount Int
    ->     -> );
ERROR 1064 (42000): You have an error in your SQL syntax; check the manual that corresponds to your MySQL server version for the right syntax to use near '-> (
    -> Member_Id Int Primary Key,
    -> Member_Name varchar(30),
    -> Me' at line 2
mysql> create table Member
    ->     -> (
    ->     -> Member_Id Int Primary Key,
    ->     -> Member_Name varchar(30),
    ->     -> Member_address varchar(50),
    ->     -> Acc_Open_Date date,
    ->     -> Membership_type varchar(20) Check ( Membership_type in ('Lifetime','Annual','Half Yearly','Quarterly')),
    ->     -> Fees_paid Int,
    ->     -> MAx_Books_Allowed Int,
    ->     -> Penalty_Amount Int
    ->     -> );
ERROR 1064 (42000): You have an error in your SQL syntax; check the manual that corresponds to your MySQL server version for the right syntax to use near '-> (
    -> Member_Id Int Primary Key,
    -> Member_Name varchar(30),
    -> Me' at line 2
mysql> use mysql
Database changed
mysql> create table Member
    ->     -> (
    ->     -> Member_Id Int Primary Key,
    ->     -> Member_Name varchar(30),
    ->     -> Member_address varchar(50),
    ->     -> Acc_Open_Date date,
    ->     -> Membership_type varchar(20) Check ( Membership_type in ('Lifetime','Annual','Half Yearly','Quarterly')),
    ->     -> Fees_paid Int,
    ->     -> MAx_Books_Allowed Int,
    ->     -> Penalty_Amount Int
    ->     -> );
ERROR 1064 (42000): You have an error in your SQL syntax; check the manual that corresponds to your MySQL server version for the right syntax to use near '-> (
    -> Member_Id Int Primary Key,
    -> Member_Name varchar(30),
    -> Me' at line 2
mysql>
mysql>
mysql>
mysql>
mysql>
mysql>
mysql>
mysql>
mysql>
mysql>
mysql>
mysql>
mysql>
mysql>
mysql>
mysql>
mysql>
mysql>
mysql>
mysql>
mysql>
mysql>
mysql>
mysql>
mysql>
mysql>
mysql>
mysql>
mysql>
mysql>
mysql>
mysql>
mysql>
mysql>
mysql>
mysql>
mysql> create table Member
    -> (
    -> Member_Id Int Primary Key,
    -> Member_Name varchar(30),
    -> Member_address varchar(50),
    -> Acc_Open_Date date,
    -> Membership_type varchar(20) Check ( Membership_type in ('Lifetime','Annual','Half Yearly','Quarterly')),
    -> Fees_paid Int,
    -> MAx_Books_Allowed Int,
    -> Penalty_Amount Int
    -> );
Query OK, 0 rows affected (0.01 sec)

mysql> alter table issue add(Reference Char(30));
Query OK, 0 rows affected (0.07 sec)
Records: 0  Duplicates: 0  Warnings: 0

mysql> alter table drop column Reference;
ERROR 1064 (42000): You have an error in your SQL syntax; check the manual that corresponds to your MySQL server version for the right syntax to use near 'drop column Reference' at line 1
mysql> alter table issue drop column Reference;
Query OK, 0 rows affected (0.07 sec)
Records: 0  Duplicates: 0  Warnings: 0

mysql> insert into Member values (1,'Richa Sharma','Pune','10-Dec-05','Lifetime',2500,5,50);
Query OK, 1 row affected, 1 warning (0.00 sec)

mysql> insert into Member values (2,'Garima Sen','Pune',sysdate,'Annual',1000,3,Null);
ERROR 1054 (42S22): Unknown column 'sysdate' in 'field list'
mysql> insert into Member values (2,'Garima Sen','Pune', 15-Jun-05','Annual',1000,3,Null);
    '> ^C
mysql> insert into Member values (2,'Garima Sen','Pune', 15-Jun-05','Annual',1000,3,Null);
    '> ^C
mysql>
mysql>
mysql>
mysql>
mysql>
mysql>
mysql>
mysql>
mysql>
mysql>
mysql>
mysql>
mysql>
mysql>
mysql>
mysql>
mysql>
mysql> insert into Member values (2,'Garima Sen','Pune', 15-Jun-05','Annual',1000,3,Null);
    '>
    '> ;
    '> ;
    '> ;
    '> ^C
mysql> select * from issue;
Empty set (0.00 sec)

mysql> insert into Member values (2,'Garima Sen','Pune', 15-Jun-05','Annual',1000,3,Null);
    '> ^C
mysql> insert into member values(2, 'Garima sen', 'Pune', '15-Jun-05', 'Annual', 1000, 3, null);
Query OK, 1 row affected, 1 warning (0.00 sec)

mysql> select * from member;
+-----------+--------------+----------------+---------------+-----------------+-----------+-------------------+----------------+
| Member_Id | Member_Name  | Member_address | Acc_Open_Date | Membership_type | Fees_paid | MAx_Books_Allowed | Penalty_Amount |
+-----------+--------------+----------------+---------------+-----------------+-----------+-------------------+----------------+
|         1 | Richa Sharma | Pune           | 0000-00-00    | Lifetime        |      2500 |                 5 |             50 |
|         2 | Garima sen   | Pune           | 0000-00-00    | Annual          |      1000 |                 3 |           NULL |
+-----------+--------------+----------------+---------------+-----------------+-----------+-------------------+----------------+
2 rows in set (0.00 sec)

mysql> insert into Member values (3,'Parag Sen','Mumbai','10-Aug-11','Lifetime',1500,2,50);
Query OK, 1 row affected, 1 warning (0.00 sec)

mysql>
mysql> insert into Member values (4,'Nitesh Karsi','Nashik','11-Jan-12','Lifetime',500,3,60);
Query OK, 1 row affected, 1 warning (0.00 sec)

mysql>
mysql> insert into Member values (5,'Rohit Rathod','Nagpur','12-Dec-08','Lifetime',1500,4,70);
Query OK, 1 row affected, 1 warning (0.00 sec)

mysql>
mysql> insert into Member values (6,'Sandip Jadhav','Mumbai','10-Jul-09','Lifetime',300,5,80);
Query OK, 1 row affected, 1 warning (0.00 sec)

mysql>
mysql> insert into Member values (7,'Ritika Singh','Delhi','10-Oct-10','Lifetime',800,5,50);
Query OK, 1 row affected, 1 warning (0.00 sec)

mysql> select * from member;
+-----------+---------------+----------------+---------------+-----------------+-----------+-------------------+----------------+
| Member_Id | Member_Name   | Member_address | Acc_Open_Date | Membership_type | Fees_paid | MAx_Books_Allowed | Penalty_Amount |
+-----------+---------------+----------------+---------------+-----------------+-----------+-------------------+----------------+
|         1 | Richa Sharma  | Pune           | 0000-00-00    | Lifetime        |      2500 |                 5 |             50 |
|         2 | Garima sen    | Pune           | 0000-00-00    | Annual          |      1000 |                 3 |           NULL |
|         3 | Parag Sen     | Mumbai         | 0000-00-00    | Lifetime        |      1500 |                 2 |             50 |
|         4 | Nitesh Karsi  | Nashik         | 0000-00-00    | Lifetime        |       500 |                 3 |             60 |
|         5 | Rohit Rathod  | Nagpur         | 0000-00-00    | Lifetime        |      1500 |                 4 |             70 |
|         6 | Sandip Jadhav | Mumbai         | 0000-00-00    | Lifetime        |       300 |                 5 |             80 |
|         7 | Ritika Singh  | Delhi          | 0000-00-00    | Lifetime        |       800 |                 5 |             50 |
+-----------+---------------+----------------+---------------+-----------------+-----------+-------------------+----------------+
7 rows in set (0.00 sec)

mysql> alter table member
    -> modify Member_Name varchar(20);
Query OK, 7 rows affected (0.07 sec)
Records: 7  Duplicates: 0  Warnings: 0

mysql> create table member101 as select * from member;
Query OK, 7 rows affected (0.02 sec)
Records: 7  Duplicates: 0  Warnings: 0

mysql> alter table modify Max_Books_Allowed int check(Max_Books_Allowed < 100);
ERROR 1064 (42000): You have an error in your SQL syntax; check the manual that corresponds to your MySQL server version for the right syntax to use near 'Max_Books_Allowed int check(Max_Books_Allowed < 100)' at line 1
mysql> alter table modify Max_Books_Allowed check(Max_Books_Allowed < 100);
ERROR 1064 (42000): You have an error in your SQL syntax; check the manual that corresponds to your MySQL server version for the right syntax to use near 'Max_Books_Allowed check(Max_Books_Allowed < 100)' at line 1
mysql>
mysql>
mysql>
mysql>
mysql>
mysql>
mysql>
mysql>
mysql>
mysql> alter table add Max_Books_Allowed check(Max_Books_Allowed < 100);
ERROR 1064 (42000): You have an error in your SQL syntax; check the manual that corresponds to your MySQL server version for the right syntax to use near 'add Max_Books_Allowed check(Max_Books_Allowed < 100)' at line 1
mysql>
mysql>
mysql>
mysql> alter table member add constraint Max_Books_Allowed check(Max_Books_Allowed < 100);
Query OK, 7 rows affected (0.06 sec)
Records: 7  Duplicates: 0  Warnings: 0

mysql> alter table member add constraint Penalty_Amount check(Penalty_Amount <= 1000);
Query OK, 7 rows affected (0.06 sec)
Records: 7  Duplicates: 0  Warnings: 0

mysql> desc books;
+----------+-------------+------+-----+---------+-------+
| Field    | Type        | Null | Key | Default | Extra |
+----------+-------------+------+-----+---------+-------+
| bookid   | int         | NO   | PRI | NULL    |       |
| bookname | varchar(20) | YES  |     | NULL    |       |
| bookcost | int         | YES  |     | NULL    |       |
| aid      | int         | YES  |     | NULL    |       |
+----------+-------------+------+-----+---------+-------+
4 rows in set (0.00 sec)

mysql> desc book;
+-------------+-------------+------+-----+---------+-------+
| Field       | Type        | Null | Key | Default | Extra |
+-------------+-------------+------+-----+---------+-------+
| Book_no     | int         | YES  |     | NULL    |       |
| Book_name   | varchar(30) | YES  |     | NULL    |       |
| Author_name | varchar(30) | YES  |     | NULL    |       |
| Cost        | int         | YES  |     | NULL    |       |
| Category    | char(1)     | YES  |     | NULL    |       |
+-------------+-------------+------+-----+---------+-------+
5 rows in set (0.00 sec)

mysql> alter table member modify Book_no int primary key;
ERROR 1054 (42S22): Unknown column 'Book_no' in 'member'
mysql>
mysql> alter table book modify Book_no int primary key;
Query OK, 0 rows affected (0.03 sec)
Records: 0  Duplicates: 0  Warnings: 0

mysql> alter table book modify Book_name varchar(30) not null;
Query OK, 0 rows affected (0.03 sec)
Records: 0  Duplicates: 0  Warnings: 0

mysql> alter table book add constraint Category check(Category in ('Science' , 'Fiction' , 'Database' , 'RDBMS' , 'Others'));
Query OK, 0 rows affected (0.09 sec)
Records: 0  Duplicates: 0  Warnings: 0

mysql> insert into books values (101,'Let us C','Denis Ritchie',450,'System');
ERROR 1136 (21S01): Column count doesn't match value count at row 1
mysql>
mysql>
mysql>
mysql>
mysql>
mysql>
mysql>
mysql> insert into book values (101,'Let us C','Denis Ritchie',450,'System');
ERROR 3819 (HY000): Check constraint 'Category' is violated.
mysql> insert into books values (102,'Oracle - Complete Ref','Loni',550,'Database');
ERROR 1136 (21S01): Column count doesn't match value count at row 1
mysql>
mysql>
mysql>
mysql>
mysql>
mysql>
mysql>
mysql>
mysql>
mysql> insert into book values (102,'Oracle - Complete Ref','Loni',550,'Database');
ERROR 3819 (HY000): Check constraint 'Category' is violated.
mysql>
mysql> insert into book values (103,'Mastering SQL','Loni',250,'Database');
ERROR 3819 (HY000): Check constraint 'Category' is violated.
mysql>
mysql> insert into book values (104,'PL SQL-Ref','Scott Urman',750,'Database');
ERROR 3819 (HY000): Check constraint 'Category' is violated.
mysql>
mysql>
mysql>
mysql>
mysql>
mysql> insert into book values (103,'Mastering SQL','Loni',250,'Database');
ERROR 3819 (HY000): Check constraint 'Category' is violated.
mysql> insert into book values (103,'Mastering SQL','Loni',250,'Science');
ERROR 3819 (HY000): Check constraint 'Category' is violated.
mysql>
mysql>
mysql>
mysql>
mysql> desc book;
+-------------+-------------+------+-----+---------+-------+
| Field       | Type        | Null | Key | Default | Extra |
+-------------+-------------+------+-----+---------+-------+
| Book_no     | int         | NO   | PRI | NULL    |       |
| Book_name   | varchar(30) | NO   |     | NULL    |       |
| Author_name | varchar(30) | YES  |     | NULL    |       |
| Cost        | int         | YES  |     | NULL    |       |
| Category    | char(1)     | YES  |     | NULL    |       |
+-------------+-------------+------+-----+---------+-------+
5 rows in set (0.00 sec)

mysql> insert into book values (103,'Mastering SQL','Loni',250,'S');
ERROR 3819 (HY000): Check constraint 'Category' is violated.
mysql>
mysql>
mysql> alter table book add constraint Category varchar check Category in ('Science' , 'Fiction' , 'Database' , 'RDBMS' , 'Others');
ERROR 1064 (42000): You have an error in your SQL syntax; check the manual that corresponds to your MySQL server version for the right syntax to use near 'varchar check Category in ('Science' , 'Fiction' , 'Database' , 'RDBMS' , 'Other' at line 1
mysql>
mysql>
mysql>
mysql>
mysql>
mysql>
mysql>
mysql>
mysql>
mysql>
mysql>
mysql>
mysql> alter table book add constraint Category varchar(10) check Category in ('Science' , 'Fiction' , 'Database' , 'RDBMS' , 'Others');
ERROR 1064 (42000): You have an error in your SQL syntax; check the manual that corresponds to your MySQL server version for the right syntax to use near 'varchar(10) check Category in ('Science' , 'Fiction' , 'Database' , 'RDBMS' , 'O' at line 1
mysql> alter table book add constraint Category varchar(10) check (Category in ('Science' , 'Fiction' , 'Database' , 'RDBMS' , 'Others'));
ERROR 1064 (42000): You have an error in your SQL syntax; check the manual that corresponds to your MySQL server version for the right syntax to use near 'varchar(10) check (Category in ('Science' , 'Fiction' , 'Database' , 'RDBMS' , '' at line 1
mysql>
mysql>
mysql>
mysql>
mysql>
mysql>
mysql> alter table book add constraint Category varchar(10);
ERROR 1064 (42000): You have an error in your SQL syntax; check the manual that corresponds to your MySQL server version for the right syntax to use near 'varchar(10)' at line 1
mysql>
mysql>
mysql>
mysql> alter table book ^Constraint Category varchar(10);
mysql> alter table book modify constraint Category varchar(10) check (Category in ('Science' , 'Fiction' , 'Database' , 'RDBMS' , 'Others'));
ERROR 1064 (42000): You have an error in your SQL syntax; check the manual that corresponds to your MySQL server version for the right syntax to use near 'constraint Category varchar(10) check (Category in ('Science' , 'Fiction' , 'Dat' at line 1
mysql>
mysql>
mysql>
mysql>
mysql>
mysql>
mysql>
mysql>
mysql>
mysql>
mysql>
mysql>
mysql>
mysql>
mysql>
mysql>
mysql>
mysql>
mysql>
mysql>
mysql>
mysql>
mysql>
mysql>
mysql>
mysql>
mysql> alter table book modify constraint Category varchar(10);
ERROR 1064 (42000): You have an error in your SQL syntax; check the manual that corresponds to your MySQL server version for the right syntax to use near 'constraint Category varchar(10)' at line 1
mysql>
mysql>
mysql>
mysql>
mysql>
mysql>
mysql>
mysql>
mysql>
mysql> alter table book modify Category varchar(10);
Query OK, 0 rows affected (0.04 sec)
Records: 0  Duplicates: 0  Warnings: 0

mysql> insert into books values (101,'Let us C','Denis Ritchie',450,'System');
ERROR 1136 (21S01): Column count doesn't match value count at row 1
mysql> ERROR at line 1:
    -> ORA-02290: check constraint (SCOTT.BOOKS_CATEGORY_CK) violated
    ->
    -> insert into book values (102,'Oracle - Complete Ref','Loni',550,'Database');
ERROR 1064 (42000): You have an error in your SQL syntax; check the manual that corresponds to your MySQL server version for the right syntax to use near 'ERROR at line 1:
ORA-02290: check constraint (SCOTT.BOOKS_CATEGORY_CK) violated
' at line 1
mysql>
mysql> insert into book values (103,'Mastering SQL','Loni',250,'Database');
Query OK, 1 row affected (0.00 sec)

mysql>
mysql> insert into book values (104,'PL SQL-Ref','Scott Urman',750,'Database');
Query OK, 1 row affected (0.00 sec)

mysql> desc book;
+-------------+-------------+------+-----+---------+-------+
| Field       | Type        | Null | Key | Default | Extra |
+-------------+-------------+------+-----+---------+-------+
| Book_no     | int         | NO   | PRI | NULL    |       |
| Book_name   | varchar(30) | NO   |     | NULL    |       |
| Author_name | varchar(30) | YES  |     | NULL    |       |
| Cost        | int         | YES  |     | NULL    |       |
| Category    | varchar(10) | YES  |     | NULL    |       |
+-------------+-------------+------+-----+---------+-------+
5 rows in set (0.00 sec)

mysql> select * from book;
+---------+---------------+-------------+------+----------+
| Book_no | Book_name     | Author_name | Cost | Category |
+---------+---------------+-------------+------+----------+
|     103 | Mastering SQL | Loni        |  250 | Database |
|     104 | PL SQL-Ref    | Scott Urman |  750 | Database |
+---------+---------------+-------------+------+----------+
2 rows in set (0.00 sec)

mysql> insert into book values (102,'Oracle - Complete Ref','Loni',550,'Database');
Query OK, 1 row affected (0.00 sec)

mysql> insert into books values (101,'Let us C','Denis Ritchie',450,'System');
ERROR 1136 (21S01): Column count doesn't match value count at row 1
mysql> insert into books values (101,'Let us C','Denis Ritchie',450,'System');
ERROR 1136 (21S01): Column count doesn't match value count at row 1
mysql> insert into books values (101,'Let us C','Denis',450,'System');
ERROR 1136 (21S01): Column count doesn't match value count at row 1
mysql>
mysql>
mysql>
mysql>
mysql>
mysql>
mysql> select * from book;
+---------+-----------------------+-------------+------+----------+
| Book_no | Book_name             | Author_name | Cost | Category |
+---------+-----------------------+-------------+------+----------+
|     102 | Oracle - Complete Ref | Loni        |  550 | Database |
|     103 | Mastering SQL         | Loni        |  250 | Database |
|     104 | PL SQL-Ref            | Scott Urman |  750 | Database |
+---------+-----------------------+-------------+------+----------+
3 rows in set (0.00 sec)

mysql> insert into books values (101,'Let us C','Denis',450,'Science');
ERROR 1136 (21S01): Column count doesn't match value count at row 1
mysql>
mysql>
mysql> insert into books values (101,'Let us C','Denis Ritchie',450,'System');
ERROR 1136 (21S01): Column count doesn't match value count at row 1
mysql>
mysql>
mysql> insert into book101 select * from books;
ERROR 1146 (42S02): Table 'mysql.book101' doesn't exist
mysql>
mysql>
mysql>
mysql>
mysql>
mysql>
mysql>
mysql>
mysql>
mysql>
mysql> desc book101;
ERROR 1146 (42S02): Table 'mysql.book101' doesn't exist
mysql> create book101 as select * from book;
ERROR 1064 (42000): You have an error in your SQL syntax; check the manual that corresponds to your MySQL server version for the right syntax to use near 'book101 as select * from book' at line 1
mysql>
mysql>
mysql> create table book101 as select * from book;
Query OK, 3 rows affected (0.01 sec)
Records: 3  Duplicates: 0  Warnings: 0

mysql> insert into book101 select * from books;
ERROR 1136 (21S01): Column count doesn't match value count at row 1
mysql> insert into book101 select * from book;
Query OK, 3 rows affected (0.00 sec)
Records: 3  Duplicates: 0  Warnings: 0

mysql> select * from book;
+---------+-----------------------+-------------+------+----------+
| Book_no | Book_name             | Author_name | Cost | Category |
+---------+-----------------------+-------------+------+----------+
|     102 | Oracle - Complete Ref | Loni        |  550 | Database |
|     103 | Mastering SQL         | Loni        |  250 | Database |
|     104 | PL SQL-Ref            | Scott Urman |  750 | Database |
+---------+-----------------------+-------------+------+----------+
3 rows in set (0.00 sec)

mysql> select * from book101;
+---------+-----------------------+-------------+------+----------+
| Book_no | Book_name             | Author_name | Cost | Category |
+---------+-----------------------+-------------+------+----------+
|     102 | Oracle - Complete Ref | Loni        |  550 | Database |
|     103 | Mastering SQL         | Loni        |  250 | Database |
|     104 | PL SQL-Ref            | Scott Urman |  750 | Database |
|     102 | Oracle - Complete Ref | Loni        |  550 | Database |
|     103 | Mastering SQL         | Loni        |  250 | Database |
|     104 | PL SQL-Ref            | Scott Urman |  750 | Database |
+---------+-----------------------+-------------+------+----------+
6 rows in set (0.00 sec)

mysql> set autocommit=0;
Query OK, 0 rows affected (0.00 sec)

mysql> start transaction ;
Query OK, 0 rows affected (0.00 sec)

mysql> insert into book values (105,'National Geographic','Adis Scott', 1000,'Science');
Query OK, 1 row affected (0.00 sec)

mysql> select * from book;
+---------+-----------------------+-------------+------+----------+
| Book_no | Book_name             | Author_name | Cost | Category |
+---------+-----------------------+-------------+------+----------+
|     102 | Oracle - Complete Ref | Loni        |  550 | Database |
|     103 | Mastering SQL         | Loni        |  250 | Database |
|     104 | PL SQL-Ref            | Scott Urman |  750 | Database |
|     105 | National Geographic   | Adis Scott  | 1000 | Science  |
+---------+-----------------------+-------------+------+----------+
4 rows in set (0.00 sec)

mysql> rollback;
Query OK, 0 rows affected (0.00 sec)

mysql> select * from book;
+---------+-----------------------+-------------+------+----------+
| Book_no | Book_name             | Author_name | Cost | Category |
+---------+-----------------------+-------------+------+----------+
|     102 | Oracle - Complete Ref | Loni        |  550 | Database |
|     103 | Mastering SQL         | Loni        |  250 | Database |
|     104 | PL SQL-Ref            | Scott Urman |  750 | Database |
+---------+-----------------------+-------------+------+----------+
3 rows in set (0.00 sec)

mysql> update book set Cost = 300, Category = 'RDBMS' where Book_no = 103;
Query OK, 1 row affected (0.00 sec)
Rows matched: 1  Changed: 1  Warnings: 0

mysql> select * from book;
+---------+-----------------------+-------------+------+----------+
| Book_no | Book_name             | Author_name | Cost | Category |
+---------+-----------------------+-------------+------+----------+
|     102 | Oracle - Complete Ref | Loni        |  550 | Database |
|     103 | Mastering SQL         | Loni        |  300 | RDBMS    |
|     104 | PL SQL-Ref            | Scott Urman |  750 | Database |
+---------+-----------------------+-------------+------+----------+
3 rows in set (0.00 sec)

mysql> rename issue to lib_issue;
ERROR 1064 (42000): You have an error in your SQL syntax; check the manual that corresponds to your MySQL server version for the right syntax to use near 'issue to lib_issue' at line 1
mysql>
mysql>
mysql>
mysql> desc issue;
+--------------+------+------+-----+---------+-------+
| Field        | Type | Null | Key | Default | Extra |
+--------------+------+------+-----+---------+-------+
| Lib_issue_id | int  | YES  |     | NULL    |       |
| Book_no      | int  | YES  |     | NULL    |       |
| Member_id    | int  | YES  |     | NULL    |       |
| Issue_date   | date | YES  |     | NULL    |       |
| Return_date  | date | YES  |     | NULL    |       |
+--------------+------+------+-----+---------+-------+
5 rows in set (0.00 sec)

mysql> alter table issue rename lib_issue;
Query OK, 0 rows affected (0.03 sec)

mysql> desc issue;
ERROR 1146 (42S02): Table 'mysql.issue' doesn't exist
mysql> desc lib_issue;
+--------------+------+------+-----+---------+-------+
| Field        | Type | Null | Key | Default | Extra |
+--------------+------+------+-----+---------+-------+
| Lib_issue_id | int  | YES  |     | NULL    |       |
| Book_no      | int  | YES  |     | NULL    |       |
| Member_id    | int  | YES  |     | NULL    |       |
| Issue_date   | date | YES  |     | NULL    |       |
| Return_date  | date | YES  |     | NULL    |       |
+--------------+------+------+-----+---------+-------+
5 rows in set (0.00 sec)

mysql> alter table lib_issue rename issue;
Query OK, 0 rows affected (0.02 sec)

mysql> update table issue modify Lib_issue_id int primary key;
ERROR 1064 (42000): You have an error in your SQL syntax; check the manual that corresponds to your MySQL server version for the right syntax to use near 'table issue modify Lib_issue_id int primary key' at line 1
mysql>
mysql>
mysql>
mysql>
mysql> alter table issue modify Lib_issue_id int primary key;
Query OK, 0 rows affected (0.07 sec)
Records: 0  Duplicates: 0  Warnings: 0

mysql> alter table issue modify foreign key Book_no references book(Book_no);
ERROR 1064 (42000): You have an error in your SQL syntax; check the manual that corresponds to your MySQL server version for the right syntax to use near 'foreign key Book_no references book(Book_no)' at line 1
mysql>
mysql>
mysql>
mysql>
mysql>
mysql>
mysql> alter table issue add foreign key Book_no references book(Book_no);
ERROR 1064 (42000): You have an error in your SQL syntax; check the manual that corresponds to your MySQL server version for the right syntax to use near 'references book(Book_no)' at line 1
mysql>
mysql>
mysql>
mysql>
mysql>
mysql> alter table issue add Issue_date check Issue_date < Return date;
ERROR 1064 (42000): You have an error in your SQL syntax; check the manual that corresponds to your MySQL server version for the right syntax to use near 'check Issue_date < Return date' at line 1
mysql>
mysql>
mysql>
mysql> alter table issue add Issue_date check(Issue_date < Return date);
ERROR 1064 (42000): You have an error in your SQL syntax; check the manual that corresponds to your MySQL server version for the right syntax to use near 'check(Issue_date < Return date)' at line 1
mysql>
mysql>
mysql>
mysql>
mysql>
mysql>
mysql>
mysql>
mysql> alter table issue add constraint Issue_date check(Issue_date < Return date);
ERROR 1064 (42000): You have an error in your SQL syntax; check the manual that corresponds to your MySQL server version for the right syntax to use near 'Return date)' at line 1
mysql>
mysql>
mysql>
mysql>
mysql>
mysql> alter table issue add constraint Issue_date check(Issue_date < Return_date);
Query OK, 0 rows affected (0.04 sec)
Records: 0  Duplicates: 0  Warnings: 0

mysql> insert into Issue values (7001,101,1,'10-Dec-06','');
ERROR 3819 (HY000): Check constraint 'Issue_date' is violated.
mysql> insert into Issue values (7002,102,2,'25-Dec-06','');
ERROR 3819 (HY000): Check constraint 'Issue_date' is violated.
mysql> insert into Issue values (7003,104,1,'15-Jan-06','');
ERROR 3819 (HY000): Check constraint 'Issue_date' is violated.
mysql> insert into Issue values (7004,101,1,'04-Jul-06','');
ERROR 3819 (HY000): Check constraint 'Issue_date' is violated.
mysql> insert into Issue values (7005,104,2,'15-Nov-06','');
ERROR 3819 (HY000): Check constraint 'Issue_date' is violated.
mysql> insert into Issue values (7006,101,3,'18-Feb-06','');
ERROR 3819 (HY000): Check constraint 'Issue_date' is violated.
mysql>
mysql>
mysql> insert into Issue values (7006,101,3,'18-Feb-06','25-Feb-06');
ERROR 3819 (HY000): Check constraint 'Issue_date' is violated.
mysql> insert into Issue values (7006,101,3,'18-Feb-06','03-Feb-06');
ERROR 3819 (HY000): Check constraint 'Issue_date' is violated.
mysql>
mysql>
mysql> insert into Issue values (7006,101,3,'2006-03-12','2006-05-15');
Query OK, 1 row affected (0.00 sec)

mysql> insert into Issue values (7002,102,2,'25-Dec-06',null);
Query OK, 1 row affected, 1 warning (0.00 sec)

mysql> insert into Issue values (7002,102,2,'25-Dec-06',null);
ERROR 1062 (23000): Duplicate entry '7002' for key 'issue.PRIMARY'
mysql> insert into Issue values (7003,104,1,'15-Jan-06',null);
Query OK, 1 row affected, 1 warning (0.00 sec)

mysql> insert into Issue values (7004,101,1,'04-Jul-06',null);
Query OK, 1 row affected, 1 warning (0.00 sec)

mysql> insert into Issue values (7005,104,2,'15-Nov-06',null);
Query OK, 1 row affected, 1 warning (0.00 sec)

mysql> insert into Issue values (7006,101,3,'18-Feb-06',null);
ERROR 1062 (23000): Duplicate entry '7006' for key 'issue.PRIMARY'
mysql>
mysql>
mysql> select * from issue;
+--------------+---------+-----------+------------+-------------+
| Lib_issue_id | Book_no | Member_id | Issue_date | Return_date |
+--------------+---------+-----------+------------+-------------+
|         7002 |     102 |         2 | 0000-00-00 | NULL        |
|         7003 |     104 |         1 | 0000-00-00 | NULL        |
|         7004 |     101 |         1 | 0000-00-00 | NULL        |
|         7005 |     104 |         2 | 0000-00-00 | NULL        |
|         7006 |     101 |         3 | 2006-03-12 | 2006-05-15  |
+--------------+---------+-----------+------------+-------------+
5 rows in set (0.00 sec)

mysql>